Archive member included to satisfy reference by file (symbol)

app/libapp.a(main.c.obj)      (--whole-archive)
app/libapp.a(device_drivers.c.obj)
                              (--whole-archive)
app/libapp.a(PI_controller.c.obj)
                              (--whole-archive)
app/libapp.a(lights_automation.c.obj)
                              (--whole-archive)
zephyr/libzephyr.a(cbprintf.c.obj)
                              (--whole-archive)
zephyr/libzephyr.a(cbprintf_packaged.c.obj)
                              (--whole-archive)
zephyr/libzephyr.a(crc32c_sw.c.obj)
                              (--whole-archive)
zephyr/libzephyr.a(crc32_sw.c.obj)
                              (--whole-archive)
zephyr/libzephyr.a(crc16_sw.c.obj)
                              (--whole-archive)
zephyr/libzephyr.a(crc8_sw.c.obj)
                              (--whole-archive)
zephyr/libzephyr.a(crc7_sw.c.obj)
                              (--whole-archive)
zephyr/libzephyr.a(dec.c.obj)
                              (--whole-archive)
zephyr/libzephyr.a(fdtable.c.obj)
                              (--whole-archive)
zephyr/libzephyr.a(hex.c.obj)
                              (--whole-archive)
zephyr/libzephyr.a(notify.c.obj)
                              (--whole-archive)
zephyr/libzephyr.a(printk.c.obj)
                              (--whole-archive)
zephyr/libzephyr.a(onoff.c.obj)
                              (--whole-archive)
zephyr/libzephyr.a(rb.c.obj)  (--whole-archive)
zephyr/libzephyr.a(sem.c.obj)
                              (--whole-archive)
zephyr/libzephyr.a(thread_entry.c.obj)
                              (--whole-archive)
zephyr/libzephyr.a(timeutil.c.obj)
                              (--whole-archive)
zephyr/libzephyr.a(heap.c.obj)
                              (--whole-archive)
zephyr/libzephyr.a(heap-validate.c.obj)
                              (--whole-archive)
zephyr/libzephyr.a(bitarray.c.obj)
                              (--whole-archive)
zephyr/libzephyr.a(multi_heap.c.obj)
                              (--whole-archive)
zephyr/libzephyr.a(cbprintf_complete.c.obj)
                              (--whole-archive)
zephyr/libzephyr.a(reboot.c.obj)
                              (--whole-archive)
zephyr/libzephyr.a(configs.c.obj)
                              (--whole-archive)
zephyr/libzephyr.a(soc_nrf_common.S.obj)
                              (--whole-archive)
zephyr/libzephyr.a(validate_base_addresses.c.obj)
                              (--whole-archive)
zephyr/libzephyr.a(validate_enabled_instances.c.obj)
                              (--whole-archive)
zephyr/libzephyr.a(pm.c.obj)  (--whole-archive)
zephyr/libzephyr.a(constraint.c.obj)
                              (--whole-archive)
zephyr/libzephyr.a(residency.c.obj)
                              (--whole-archive)
zephyr/libzephyr.a(tracing_none.c.obj)
                              (--whole-archive)
zephyr/libzephyr.a(nrf_cc3xx_platform_abort_zephyr.c.obj)
                              (--whole-archive)
zephyr/libzephyr.a(nrf_cc3xx_platform_mutex_zephyr.c.obj)
                              (--whole-archive)
zephyr/arch/common/libarch__common.a(sw_isr_common.c.obj)
                              (--whole-archive)
zephyr/arch/arch/arm/core/aarch32/libarch__arm__core__aarch32.a(cpu_idle.S.obj)
                              (--whole-archive)
zephyr/arch/arch/arm/core/aarch32/libarch__arm__core__aarch32.a(fatal.c.obj)
                              (--whole-archive)
zephyr/arch/arch/arm/core/aarch32/libarch__arm__core__aarch32.a(irq_manage.c.obj)
                              (--whole-archive)
zephyr/arch/arch/arm/core/aarch32/libarch__arm__core__aarch32.a(nmi.c.obj)
                              (--whole-archive)
zephyr/arch/arch/arm/core/aarch32/libarch__arm__core__aarch32.a(nmi_on_reset.S.obj)
                              (--whole-archive)
zephyr/arch/arch/arm/core/aarch32/libarch__arm__core__aarch32.a(prep_c.c.obj)
                              (--whole-archive)
zephyr/arch/arch/arm/core/aarch32/libarch__arm__core__aarch32.a(swap.c.obj)
                              (--whole-archive)
zephyr/arch/arch/arm/core/aarch32/libarch__arm__core__aarch32.a(swap_helper.S.obj)
                              (--whole-archive)
zephyr/arch/arch/arm/core/aarch32/libarch__arm__core__aarch32.a(thread.c.obj)
                              (--whole-archive)
zephyr/arch/arch/arm/core/aarch32/libarch__arm__core__aarch32.a(isr_wrapper.S.obj)
                              (--whole-archive)
zephyr/arch/arch/arm/core/aarch32/cortex_m/libarch__arm__core__aarch32__cortex_m.a(exc_exit.S.obj)
                              (--whole-archive)
zephyr/arch/arch/arm/core/aarch32/cortex_m/libarch__arm__core__aarch32__cortex_m.a(fault.c.obj)
                              (--whole-archive)
zephyr/arch/arch/arm/core/aarch32/cortex_m/libarch__arm__core__aarch32__cortex_m.a(fault_s.S.obj)
                              (--whole-archive)
[...]
Memory Configuration

Name             Origin             Length             Attributes
FLASH            0x00000000         0x00100000         xr
SRAM             0x20000000         0x00040000         xw
IDT_LIST         0xfffff7ff         0x00000800         xw
*default*        0x00000000         0xffffffff

Linker script and memory map

LOAD zephyr/CMakeFiles/zephyr_final.dir/misc/empty_file.c.obj
LOAD zephyr/CMakeFiles/zephyr_final.dir/dev_handles.c.obj
LOAD zephyr/CMakeFiles/zephyr_final.dir/isr_tables.c.obj
                0x00000020                _region_min_align = 0x20

.rel.plt        0x00000000        0x0
 *(SORT_BY_ALIGNMENT(.rel.plt))
                [!provide]                PROVIDE (__rel_iplt_start = .)
 *(SORT_BY_ALIGNMENT(.rel.iplt))
 .rel.iplt      0x00000000        0x0 zephyr/CMakeFiles/zephyr_final.dir/dev_handles.c.obj
                [!provide]                PROVIDE (__rel_iplt_end = .)

.rela.plt       0x00000000        0x0
 *(SORT_BY_ALIGNMENT(.rela.plt))
                [!provide]                PROVIDE (__rela_iplt_start = .)
 *(SORT_BY_ALIGNMENT(.rela.iplt))
                [!provide]                PROVIDE (__rela_iplt_end = .)

.rel.dyn
 *(SORT_BY_ALIGNMENT(.rel.*))

.rela.dyn
 *(SORT_BY_ALIGNMENT(.rela.*))

/DISCARD/
 *(SORT_BY_ALIGNMENT(.plt))
 *(SORT_BY_ALIGNMENT(.iplt))
 *(SORT_BY_ALIGNMENT(.got.plt))
 *(SORT_BY_ALIGNMENT(.igot.plt))
 *(SORT_BY_ALIGNMENT(.got))
 *(SORT_BY_ALIGNMENT(.igot))
 *(SORT_BY_ALIGNMENT(.irq_info*))
 *(SORT_BY_ALIGNMENT(.intList*))
 *(SORT_BY_ALIGNMENT(.note.GNU-stack))
                0x00000000                __rom_region_start = 0x0

rom_start       0x00000000      0x100
                0x00000000                . = 0x0
                0x00000000                . = ALIGN (0x4)
                0x00000000                . = ALIGN (0x80)
                0x00000000                . = ALIGN (0x100)
                0x00000000                _vector_start = .
 *(SORT_BY_ALIGNMENT(.exc_vector_table))
 *(SORT_BY_ALIGNMENT(.exc_vector_table.*))
 .exc_vector_table._vector_table_section
                0x00000000       0x40 zephyr/arch/arch/arm/core/aarch32/cortex_m/libarch__arm__core__aarch32__cortex_m.a(vector_table.S.obj)
                0x00000000                _vector_table
 *(SORT_BY_ALIGNMENT(.gnu.linkonce.irq_vector_table*))
 .gnu.linkonce.irq_vector_table
                0x00000040       0xc0 zephyr/CMakeFiles/zephyr_final.dir/isr_tables.c.obj
                0x00000040                _irq_vector_table
 *(SORT_BY_ALIGNMENT(.vectors))
                0x00000100                _vector_end = .

text            0x00000100     0x82f0
                0x00000100                __text_region_start = .
 *(SORT_BY_ALIGNMENT(.text))
 .text          0x00000100      0x168 c:/users/diogo/ncs/v1.9.1/toolchain/opt/bin/../lib/gcc/arm-none-eabi/9.2.1/thumb/v7e-m/nofp\libgcc.a(_arm_mulsf3.o)
                0x00000100                __aeabi_fmul
                0x00000100                __mulsf3
 .text          0x00000268      0x378 c:/users/diogo/ncs/v1.9.1/toolchain/opt/bin/../lib/gcc/arm-none-eabi/9.2.1/thumb/v7e-m/nofp\libgcc.a(_arm_addsubdf3.o)
                0x00000268                __aeabi_drsub
                0x00000270                __aeabi_dsub
                0x00000270                __subdf3
                0x00000274                __aeabi_dadd
                0x00000274                __adddf3
                0x000004ec                __floatunsidf
                0x000004ec                __aeabi_ui2d
                0x0000050c                __floatsidf
                0x0000050c                __aeabi_i2d
                0x00000530                __aeabi_f2d
                0x00000530                __extendsfdf2
                0x00000574                __floatundidf
                0x00000574                __aeabi_ul2d
                0x00000584                __floatdidf
                0x00000584                __aeabi_l2d
 .text          0x000005e0      0x21c c:/users/diogo/ncs/v1.9.1/toolchain/opt/bin/../lib/gcc/arm-none-eabi/9.2.1/thumb/v7e-m/nofp\libgcc.a(_arm_addsubsf3.o)
                0x000005e0                __aeabi_frsub
                0x000005e8                __subsf3
                0x000005e8                __aeabi_fsub
                0x000005ec                __aeabi_fadd
                0x000005ec                __addsf3
                0x0000074c                __aeabi_ui2f
                0x0000074c                __floatunsisf
                0x00000754                __aeabi_i2f
                0x00000754                __floatsisf
                0x00000770                __aeabi_ul2f
                0x00000770                __floatundisf
                0x00000780                __aeabi_l2f
                0x00000780                __floatdisf
 .text          0x000007fc       0xec c:/users/diogo/ncs/v1.9.1/toolchain/opt/bin/../lib/gcc/arm-none-eabi/9.2.1/thumb/v7e-m/nofp\libgcc.a(_arm_cmpsf2.o)
                0x000007fc                __gesf2
                0x000007fc                __gtsf2
                0x00000804                __lesf2
                0x00000804                __ltsf2
                0x0000080c                __nesf2
                0x0000080c                __eqsf2
                0x0000080c                __cmpsf2
                0x0000086c                __aeabi_cfrcmple
                0x00000874                __aeabi_cfcmpeq
                0x00000874                __aeabi_cfcmple
                0x00000884                __aeabi_fcmpeq
                0x00000898                __aeabi_fcmplt
                0x000008ac                __aeabi_fcmple
                0x000008c0                __aeabi_fcmpge
                0x000008d4                __aeabi_fcmpgt
 .text          0x000008e8       0x4c c:/users/diogo/ncs/v1.9.1/toolchain/opt/bin/../lib/gcc/arm-none-eabi/9.2.1/thumb/v7e-m/nofp\libgcc.a(_arm_fixsfsi.o)
                0x000008e8                __aeabi_f2iz
                0x000008e8                __fixsfsi
 .text          0x00000934       0x40 c:/users/diogo/ncs/v1.9.1/toolchain/opt/bin/../lib/gcc/arm-none-eabi/9.2.1/thumb/v7e-m/nofp\libgcc.a(_arm_fixunssfsi.o)
                0x00000934                __fixunssfsi
                0x00000934                __aeabi_f2uiz
 .text          0x00000974       0x30 c:/users/diogo/ncs/v1.9.1/toolchain/opt/bin/../lib/gcc/arm-none-eabi/9.2.1/thumb/v7e-m/nofp\libgcc.a(_aeabi_uldivmod.o)
                0x00000974                __aeabi_uldivmod
 .text          0x000009a4      0x2c0 c:/users/diogo/ncs/v1.9.1/toolchain/opt/bin/../lib/gcc/arm-none-eabi/9.2.1/thumb/v7e-m/nofp\libgcc.a(_udivmoddi4.o)
                0x000009a4                __udivmoddi4
 .text          0x00000c64        0x4 c:/users/diogo/ncs/v1.9.1/toolchain/opt/bin/../lib/gcc/arm-none-eabi/9.2.1/thumb/v7e-m/nofp\libgcc.a(_dvmd_tls.o)
                0x00000c64                __aeabi_idiv0
                0x00000c64                __aeabi_ldiv0
 *(SORT_BY_ALIGNMENT(.text.*))
 .text.thread_B_code
                0x00000c68       0x1c app/libapp.a(main.c.obj)
                0x00000c68                thread_B_code
 .text.thread_C_code
                0x00000c84       0x18 app/libapp.a(main.c.obj)
                0x00000c84                thread_C_code
 .text.main     0x00000c9c       0xb4 app/libapp.a(main.c.obj)
                0x00000c9c                main
 .text.pressed_board_1
                0x00000d50       0x24 app/libapp.a(device_drivers.c.obj)
                0x00000d50                pressed_board_1
 .text.pressed_board_2
                0x00000d74       0x24 app/libapp.a(device_drivers.c.obj)
                0x00000d74                pressed_board_2
 .text.pressed_board_3
                0x00000d98       0x24 app/libapp.a(device_drivers.c.obj)
                0x00000d98                pressed_board_3
 .text.pressed_board_4
                0x00000dbc       0x24 app/libapp.a(device_drivers.c.obj)
                0x00000dbc                pressed_board_4
 .text.uart_cb  0x00000de0       0x80 app/libapp.a(device_drivers.c.obj)
 .text.adc_sample
                0x00000e60       0x5c app/libapp.a(device_drivers.c.obj)
                0x00000e60                adc_sample
 .text.get_adc_buffer
                0x00000ebc        0xc app/libapp.a(device_drivers.c.obj)
                0x00000ebc                get_adc_buffer
 .text.init_adc
                0x00000ec8       0x48 app/libapp.a(device_drivers.c.obj)
                0x00000ec8                init_adc
 .text.init_pwm
                0x00000f10       0x40 app/libapp.a(device_drivers.c.obj)
                0x00000f10                init_pwm
 .text.pwm_duty_cycle
                0x00000f50       0xe0 app/libapp.a(device_drivers.c.obj)
                0x00000f50                pwm_duty_cycle
 .text.get_button_press
                0x00001030       0x10 app/libapp.a(device_drivers.c.obj)
                0x00001030                get_button_press
 .text.sem_init
                0x00001040       0x2c app/libapp.a(device_drivers.c.obj)
                0x00001040                sem_init
 .text.sem_give
                0x0000106c       0x28 app/libapp.a(device_drivers.c.obj)
                0x0000106c                sem_give
 .text.sem_take
                0x00001094       0x44 app/libapp.a(device_drivers.c.obj)
                0x00001094                sem_take
 .text.thread_create
                0x000010d8       0x90 app/libapp.a(device_drivers.c.obj)
                0x000010d8                thread_create
 .text.init_uart
                0x00001168       0xa0 app/libapp.a(device_drivers.c.obj)
                0x00001168                init_uart
 .text.init_drivers
                0x00001208       0xe8 app/libapp.a(device_drivers.c.obj)
                0x00001208                init_drivers
 .text.uart_rx_rdy
                0x000012f0       0x14 app/libapp.a(device_drivers.c.obj)
                0x000012f0                uart_rx_rdy
 .text.get_char
                0x00001304        0xc app/libapp.a(device_drivers.c.obj)
                0x00001304                get_char
 .text.PI_init  0x00001310       0x18 app/libapp.a(PI_controller.c.obj)
                0x00001310                PI_init
 .text.PI_loop  0x00001328       0xa8 app/libapp.a(PI_controller.c.obj)
                0x00001328                PI_loop
 .text.PI_change_setpoint
                0x000013d0        0xc app/libapp.a(PI_controller.c.obj)
                0x000013d0                PI_change_setpoint
 .text.get_setpoint
                0x000013dc        0xc app/libapp.a(PI_controller.c.obj)
                0x000013dc                get_setpoint
 .text.init_automation
                0x000013e8       0x30 app/libapp.a(lights_automation.c.obj)
                0x000013e8                init_automation
 .text.get_value
                0x00001418       0x4c app/libapp.a(lights_automation.c.obj)
                0x00001418                get_value
 .text.print_menu
                0x00001464      0x108 app/libapp.a(lights_automation.c.obj)
                0x00001464                print_menu
 .text.handle_option
                0x0000156c      0x1bc app/libapp.a(lights_automation.c.obj)
                0x0000156c                handle_option
 .text.select_auto
                0x00001728       0x28 app/libapp.a(lights_automation.c.obj)
                0x00001728                select_auto
 .text.change_manual
                0x00001750       0x28 app/libapp.a(lights_automation.c.obj)
                0x00001750                change_manual
 .text.char_out
                0x00001778       0x10 zephyr/libzephyr.a(printk.c.obj)
 .text.__printk_hook_install
                0x00001788        0xc zephyr/libzephyr.a(printk.c.obj)
                0x00001788                __printk_hook_install
 .text.vprintk  0x00001794       0x1c zephyr/libzephyr.a(printk.c.obj)
                0x00001794                vprintk
 .text.process_event
                0x000017b0      0x1cc zephyr/libzephyr.a(onoff.c.obj)
 .text.cbvprintf
                0x0000197c      0xd64 zephyr/libzephyr.a(cbprintf_complete.c.obj)
                0x0000197c                cbvprintf
 .text.sys_reboot
                0x000026e0       0x28 zephyr/libzephyr.a(reboot.c.obj)
                0x000026e0                sys_reboot
 .text.pm_state_notify
                0x00002708       0x64 zephyr/libzephyr.a(pm.c.obj)
 .text.atomic_test_and_set_bit.constprop.0
                0x0000276c       0x38 zephyr/libzephyr.a(pm.c.obj)
 .text.pm_system_resume
                0x000027a4       0x88 zephyr/libzephyr.a(pm.c.obj)
                0x000027a4                pm_system_resume
 .text.pm_system_suspend
                0x0000282c      0x100 zephyr/libzephyr.a(pm.c.obj)
                0x0000282c                pm_system_suspend
 .text.nrf_cc3xx_platform_abort_init
                0x0000292c        0xc zephyr/libzephyr.a(nrf_cc3xx_platform_abort_zephyr.c.obj)
                0x0000292c                nrf_cc3xx_platform_abort_init
 .text.mutex_unlock_platform
                0x00002938       0x4c zephyr/libzephyr.a(nrf_cc3xx_platform_mutex_zephyr.c.obj)
 .text.mutex_free_platform
                0x00002984       0x48 zephyr/libzephyr.a(nrf_cc3xx_platform_mutex_zephyr.c.obj)
 .text.mutex_init_platform
                0x000029cc       0x70 zephyr/libzephyr.a(nrf_cc3xx_platform_mutex_zephyr.c.obj)
 .text.mutex_lock_platform
                0x00002a3c       0x58 zephyr/libzephyr.a(nrf_cc3xx_platform_mutex_zephyr.c.obj)
 .text.nrf_cc3xx_platform_mutex_init
                0x00002a94       0x2c zephyr/libzephyr.a(nrf_cc3xx_platform_mutex_zephyr.c.obj)
                0x00002a94                nrf_cc3xx_platform_mutex_init
 .text.z_arm_cpu_idle_init
                0x00002ac0        0xc zephyr/arch/arch/arm/core/aarch32/libarch__arm__core__aarch32.a(cpu_idle.S.obj)
                0x00002ac0                z_arm_cpu_idle_init
 .text.arch_cpu_idle
                0x00002acc       0x1c zephyr/arch/arch/arm/core/aarch32/libarch__arm__core__aarch32.a(cpu_idle.S.obj)
                0x00002acc                arch_cpu_idle
 .text.arch_cpu_atomic_idle
                0x00002ae8       0x14 zephyr/arch/arch/arm/core/aarch32/libarch__arm__core__aarch32.a(cpu_idle.S.obj)
                0x00002ae8                arch_cpu_atomic_idle
 .text.arch_irq_enable
                0x00002afc       0x20 zephyr/arch/arch/arm/core/aarch32/libarch__arm__core__aarch32.a(irq_manage.c.obj)
                0x00002afc                arch_irq_enable
 .text.arch_irq_is_enabled
                0x00002b1c       0x1c zephyr/arch/arch/arm/core/aarch32/libarch__arm__core__aarch32.a(irq_manage.c.obj)
                0x00002b1c                arch_irq_is_enabled
 .text.z_arm_irq_priority_set
                0x00002b38       0x30 zephyr/arch/arch/arm/core/aarch32/libarch__arm__core__aarch32.a(irq_manage.c.obj)
                0x00002b38                z_arm_irq_priority_set
 .text.z_SysNmiOnReset
                0x00002b68        0x8 zephyr/arch/arch/arm/core/aarch32/libarch__arm__core__aarch32.a(nmi_on_reset.S.obj)
                0x00002b68                z_SysNmiOnReset
 .text.z_arm_prep_c
                0x00002b70       0x38 zephyr/arch/arch/arm/core/aarch32/libarch__arm__core__aarch32.a(prep_c.c.obj)
                0x00002b70                z_arm_prep_c
 .text.arch_swap
                0x00002ba8       0x34 zephyr/arch/arch/arm/core/aarch32/libarch__arm__core__aarch32.a(swap.c.obj)
                0x00002ba8                arch_swap
 .text.z_arm_pendsv
                0x00002bdc       0x54 zephyr/arch/arch/arm/core/aarch32/libarch__arm__core__aarch32.a(swap_helper.S.obj)
                0x00002bdc                z_arm_pendsv
 .text.z_arm_svc
                0x00002c30       0x20 zephyr/arch/arch/arm/core/aarch32/libarch__arm__core__aarch32.a(swap_helper.S.obj)
                0x00002c30                z_arm_svc
 .text.arch_new_thread
                0x00002c50       0x38 zephyr/arch/arch/arm/core/aarch32/libarch__arm__core__aarch32.a(thread.c.obj)
                0x00002c50                arch_new_thread
 .text.z_check_thread_stack_fail
                0x00002c88       0x34 zephyr/arch/arch/arm/core/aarch32/libarch__arm__core__aarch32.a(thread.c.obj)
                0x00002c88                z_check_thread_stack_fail
 .text.arch_switch_to_main_thread
                0x00002cbc       0x2c zephyr/arch/arch/arm/core/aarch32/libarch__arm__core__aarch32.a(thread.c.obj)
                0x00002cbc                arch_switch_to_main_thread
 .text._isr_wrapper
                0x00002ce8       0x40 zephyr/arch/arch/arm/core/aarch32/libarch__arm__core__aarch32.a(isr_wrapper.S.obj)
                0x00002ce8                _isr_wrapper
 .text._HandlerModeExit
                0x00002d28       0x1c zephyr/arch/arch/arm/core/aarch32/cortex_m/libarch__arm__core__aarch32__cortex_m.a(exc_exit.S.obj)
                0x00002d28                z_arm_int_exit
                0x00002d28                z_arm_exc_exit
 .text.mem_manage_fault
                0x00002d44       0x6c zephyr/arch/arch/arm/core/aarch32/cortex_m/libarch__arm__core__aarch32__cortex_m.a(fault.c.obj)
 .text.bus_fault.isra.0
                0x00002db0       0x3c zephyr/arch/arch/arm/core/aarch32/cortex_m/libarch__arm__core__aarch32__cortex_m.a(fault.c.obj)
 .text.usage_fault.isra.0
                0x00002dec       0x24 zephyr/arch/arch/arm/core/aarch32/cortex_m/libarch__arm__core__aarch32__cortex_m.a(fault.c.obj)
 .text.z_arm_fault
                0x00002e10      0x108 zephyr/arch/arch/arm/core/aarch32/cortex_m/libarch__arm__core__aarch32__cortex_m.a(fault.c.obj)
                0x00002e10                z_arm_fault
 .text.z_arm_fault_init
                0x00002f18       0x10 zephyr/arch/arch/arm/core/aarch32/cortex_m/libarch__arm__core__aarch32__cortex_m.a(fault.c.obj)
                0x00002f18                z_arm_fault_init
 .text.__fault  0x00002f28       0x14 zephyr/arch/arch/arm/core/aarch32/cortex_m/libarch__arm__core__aarch32__cortex_m.a(fault_s.S.obj)
                0x00002f28                z_arm_usage_fault
                0x00002f28                z_arm_mpu_fault
                0x00002f28                z_arm_exc_spurious
                0x00002f28                z_arm_debug_monitor
                0x00002f28                z_arm_hard_fault
                0x00002f28                z_arm_bus_fault
 .text.z_arm_interrupt_init
                0x00002f3c       0x18 zephyr/arch/arch/arm/core/aarch32/cortex_m/libarch__arm__core__aarch32__cortex_m.a(irq_init.c.obj)
                0x00002f3c                z_arm_interrupt_init
 .text._reset_section
                0x00002f54       0x54 zephyr/arch/arch/arm/core/aarch32/cortex_m/libarch__arm__core__aarch32__cortex_m.a(reset.S.obj)
                0x00002f54                __start
                0x00002f54                z_arm_reset
 .text.z_arm_clear_arm_mpu_config
                0x00002fa8       0x20 zephyr/arch/arch/arm/core/aarch32/cortex_m/libarch__arm__core__aarch32__cortex_m.a(scb.c.obj)
                0x00002fa8                z_arm_clear_arm_mpu_config
 .text.z_arm_init_arch_hw_at_boot
                0x00002fc8       0x64 zephyr/arch/arch/arm/core/aarch32/cortex_m/libarch__arm__core__aarch32__cortex_m.a(scb.c.obj)
                0x00002fc8                z_arm_init_arch_hw_at_boot
 .text.z_impl_k_thread_abort
                0x0000302c       0x24 zephyr/arch/arch/arm/core/aarch32/cortex_m/libarch__arm__core__aarch32__cortex_m.a(thread_abort.c.obj)
                0x0000302c                z_impl_k_thread_abort
 .text.z_arm_configure_static_mpu_regions
                0x00003050       0x18 zephyr/arch/arch/arm/core/aarch32/mpu/libarch__arm__core__aarch32__mpu.a(arm_core_mpu.c.obj)
                0x00003050                z_arm_configure_static_mpu_regions
 .text.z_arm_configure_dynamic_mpu_regions
                0x00003068       0x20 zephyr/arch/arch/arm/core/aarch32/mpu/libarch__arm__core__aarch32__mpu.a(arm_core_mpu.c.obj)
                0x00003068                z_arm_configure_dynamic_mpu_regions
 .text.mpu_configure_regions
                0x00003088       0x80 zephyr/arch/arch/arm/core/aarch32/mpu/libarch__arm__core__aarch32__mpu.a(arm_mpu.c.obj)
 .text.arm_core_mpu_enable
                0x00003108       0x14 zephyr/arch/arch/arm/core/aarch32/mpu/libarch__arm__core__aarch32__mpu.a(arm_mpu.c.obj)
                0x00003108                arm_core_mpu_enable
 .text.arm_core_mpu_disable
                0x0000311c       0x10 zephyr/arch/arch/arm/core/aarch32/mpu/libarch__arm__core__aarch32__mpu.a(arm_mpu.c.obj)
                0x0000311c                arm_core_mpu_disable
 .text.arm_core_mpu_configure_static_mpu_regions
                0x0000312c       0x14 zephyr/arch/arch/arm/core/aarch32/mpu/libarch__arm__core__aarch32__mpu.a(arm_mpu.c.obj)
                0x0000312c                arm_core_mpu_configure_static_mpu_regions
 .text.arm_core_mpu_configure_dynamic_mpu_regions
                0x00003140       0x2c zephyr/arch/arch/arm/core/aarch32/mpu/libarch__arm__core__aarch32__mpu.a(arm_mpu.c.obj)
                0x00003140                arm_core_mpu_configure_dynamic_mpu_regions
 .text.z_arm_mpu_init
                0x0000316c       0x5c zephyr/arch/arch/arm/core/aarch32/mpu/libarch__arm__core__aarch32__mpu.a(arm_mpu.c.obj)
                0x0000316c                z_arm_mpu_init
 .text.__stdout_hook_install
                0x000031c8        0xc zephyr/lib/libc/minimal/liblib__libc__minimal.a(stdout_console.c.obj)
                0x000031c8                __stdout_hook_install
 .text.z_impl_zephyr_fputc
                0x000031d4       0x18 zephyr/lib/libc/minimal/liblib__libc__minimal.a(stdout_console.c.obj)
                0x000031d4                z_impl_zephyr_fputc
 .text.printf   0x000031ec       0x24 zephyr/lib/libc/minimal/liblib__libc__minimal.a(fprintf.c.obj)
                0x000031ec                printf
 .text.nordicsemi_nrf52_init
                0x00003210       0x64 zephyr/soc/arm/nordic_nrf/nrf52/libsoc__arm__nordic_nrf__nrf52.a(soc.c.obj)
 .text.sys_arch_reboot
                0x00003274       0x2c zephyr/soc/arm/nordic_nrf/nrf52/libsoc__arm__nordic_nrf__nrf52.a(soc.c.obj)
                0x00003274                sys_arch_reboot
 .text.arch_busy_wait
                0x000032a0       0x14 zephyr/soc/arm/nordic_nrf/nrf52/libsoc__arm__nordic_nrf__nrf52.a(soc.c.obj)
                0x000032a0                arch_busy_wait
 .text.adc_context_start_sampling.isra.0
                0x000032b4       0x20 zephyr/drivers/adc/libdrivers__adc.a(adc_nrfx_saadc.c.obj)
 .text.adc_nrfx_channel_setup
                0x000032d4       0xd4 zephyr/drivers/adc/libdrivers__adc.a(adc_nrfx_saadc.c.obj)
 .text.start_read.isra.0
                0x000033a8      0x188 zephyr/drivers/adc/libdrivers__adc.a(adc_nrfx_saadc.c.obj)
 .text.adc_nrfx_read_async
                0x00003530       0x44 zephyr/drivers/adc/libdrivers__adc.a(adc_nrfx_saadc.c.obj)
 .text.init_saadc
                0x00003574       0x48 zephyr/drivers/adc/libdrivers__adc.a(adc_nrfx_saadc.c.obj)
 .text.saadc_irq_handler
                0x000035bc       0xf4 zephyr/drivers/adc/libdrivers__adc.a(adc_nrfx_saadc.c.obj)
 .text.adc_nrfx_read
                0x000036b0       0x40 zephyr/drivers/adc/libdrivers__adc.a(adc_nrfx_saadc.c.obj)
 .text.onoff_stop
                0x000036f0       0x48 zephyr/drivers/clock_control/libdrivers__clock_control.a(clock_control_nrf.c.obj)
 .text.onoff_start
                0x00003738       0x58 zephyr/drivers/clock_control/libdrivers__clock_control.a(clock_control_nrf.c.obj)
 .text.clk_init
                0x00003790       0x60 zephyr/drivers/clock_control/libdrivers__clock_control.a(clock_control_nrf.c.obj)
 .text.clkstarted_handle.constprop.0
                0x000037f0       0x34 zephyr/drivers/clock_control/libdrivers__clock_control.a(clock_control_nrf.c.obj)
 .text.clock_event_handler
                0x00003824       0x1c zephyr/drivers/clock_control/libdrivers__clock_control.a(clock_control_nrf.c.obj)
 .text.generic_hfclk_start
                0x00003840       0x64 zephyr/drivers/clock_control/libdrivers__clock_control.a(clock_control_nrf.c.obj)
 .text.generic_hfclk_stop
                0x000038a4       0x2c zephyr/drivers/clock_control/libdrivers__clock_control.a(clock_control_nrf.c.obj)
 .text.api_blocking_start
                0x000038d0       0x3c zephyr/drivers/clock_control/libdrivers__clock_control.a(clock_control_nrf.c.obj)
 .text.z_nrf_clock_control_lf_on
                0x0000390c      0x10c zephyr/drivers/clock_control/libdrivers__clock_control.a(clock_control_nrf.c.obj)
                0x0000390c                z_nrf_clock_control_lf_on
 .text.uart_console_init
                0x00003a18       0x30 zephyr/drivers/console/libdrivers__console.a(uart_console.c.obj)
 .text.console_out
                0x00003a48       0x28 zephyr/drivers/console/libdrivers__console.a(uart_console.c.obj)
 .text.nrfx_gpio_handler
                0x00003a70       0x54 zephyr/drivers/gpio/libdrivers__gpio.a(gpio_nrfx.c.obj)
 .text.gpio_nrfx_pin_interrupt_configure
                0x00003ac4       0xd4 zephyr/drivers/gpio/libdrivers__gpio.a(gpio_nrfx.c.obj)
 .text.gpio_nrfx_init
                0x00003b98       0x38 zephyr/drivers/gpio/libdrivers__gpio.a(gpio_nrfx.c.obj)
 .text.gpio_nrfx_pin_configure
                0x00003bd0      0x15c zephyr/drivers/gpio/libdrivers__gpio.a(gpio_nrfx.c.obj)
 .text.pwm_nrfx_get_cycles_per_sec
                0x00003d2c       0x10 zephyr/drivers/pwm/libdrivers__pwm.a(pwm_nrfx.c.obj)
 .text.pwm_nrfx_init
                0x00003d3c       0x44 zephyr/drivers/pwm/libdrivers__pwm.a(pwm_nrfx.c.obj)
 .text.pwm_nrfx_pin_set
                0x00003d80      0x180 zephyr/drivers/pwm/libdrivers__pwm.a(pwm_nrfx.c.obj)
 .text.uarte_nrfx_configure
                0x00003f00      0x164 zephyr/drivers/serial/libdrivers__serial.a(uart_nrfx_uarte.c.obj)
 .text.nrf_gpio_cfg_input
                0x00004064       0x20 zephyr/drivers/serial/libdrivers__serial.a(uart_nrfx_uarte.c.obj)
 .text.nrf_gpio_cfg_output
                0x00004084       0x20 zephyr/drivers/serial/libdrivers__serial.a(uart_nrfx_uarte.c.obj)
 .text.nrf_gpio_pin_set
                0x000040a4       0x20 zephyr/drivers/serial/libdrivers__serial.a(uart_nrfx_uarte.c.obj)
 .text.uarte_instance_init.isra.0
                0x000040c4      0x1b4 zephyr/drivers/serial/libdrivers__serial.a(uart_nrfx_uarte.c.obj)
 .text.uarte_nrfx_poll_out
                0x00004278       0xb4 zephyr/drivers/serial/libdrivers__serial.a(uart_nrfx_uarte.c.obj)
 .text.uarte_nrfx_tx
                0x0000432c       0xac zephyr/drivers/serial/libdrivers__serial.a(uart_nrfx_uarte.c.obj)
 .text.uarte_nrfx_isr_async
                0x000043d8      0x358 zephyr/drivers/serial/libdrivers__serial.a(uart_nrfx_uarte.c.obj)
 .text.sys_clock_timeout_handler
                0x00004730       0x78 zephyr/drivers/timer/libdrivers__timer.a(nrf_rtc_timer.c.obj)
 .text.compare_int_lock
                0x000047a8       0x50 zephyr/drivers/timer/libdrivers__timer.a(nrf_rtc_timer.c.obj)
 .text.compare_int_unlock.part.0
                0x000047f8       0x5c zephyr/drivers/timer/libdrivers__timer.a(nrf_rtc_timer.c.obj)
 .text.z_nrf_rtc_timer_read
                0x00004854       0x44 zephyr/drivers/timer/libdrivers__timer.a(nrf_rtc_timer.c.obj)
                0x00004854                z_nrf_rtc_timer_read
 .text.compare_set
                0x00004898      0x154 zephyr/drivers/timer/libdrivers__timer.a(nrf_rtc_timer.c.obj)
 .text.sys_clock_driver_init
                0x000049ec       0x84 zephyr/drivers/timer/libdrivers__timer.a(nrf_rtc_timer.c.obj)
 .text.rtc_nrf_isr
                0x00004a70       0xf0 zephyr/drivers/timer/libdrivers__timer.a(nrf_rtc_timer.c.obj)
                0x00004a70                rtc_nrf_isr
 .text.sys_clock_set_timeout
                0x00004b60       0x60 zephyr/drivers/timer/libdrivers__timer.a(nrf_rtc_timer.c.obj)
                0x00004b60                sys_clock_set_timeout
 .text.sys_clock_elapsed
                0x00004bc0       0x14 zephyr/drivers/timer/libdrivers__timer.a(nrf_rtc_timer.c.obj)
                0x00004bc0                sys_clock_elapsed
 .text.nrf52_errata_36
                0x00004bd4       0x14 modules/hal_nordic/nrfx/libmodules__hal_nordic__nrfx.a(system_nrf52840.c.obj)
 .text.nrf52_errata_98
                0x00004be8       0x28 modules/hal_nordic/nrfx/libmodules__hal_nordic__nrfx.a(system_nrf52840.c.obj)
 .text.nvmc_wait
                0x00004c10       0x10 modules/hal_nordic/nrfx/libmodules__hal_nordic__nrfx.a(system_nrf52840.c.obj)
                0x00004c10                nvmc_wait
 .text.SystemInit
                0x00004c20      0x1d0 modules/hal_nordic/nrfx/libmodules__hal_nordic__nrfx.a(system_nrf52840.c.obj)
                0x00004c20                SystemInit
 .text.nrfx_flag32_alloc
                0x00004df0       0x48 modules/hal_nordic/nrfx/libmodules__hal_nordic__nrfx.a(nrfx_flag32_allocator.c.obj)
                0x00004df0                nrfx_flag32_alloc
 .text.nrfx_flag32_free
                0x00004e38       0x44 modules/hal_nordic/nrfx/libmodules__hal_nordic__nrfx.a(nrfx_flag32_allocator.c.obj)
                0x00004e38                nrfx_flag32_free
 .text.nrfx_clock_init
                0x00004e7c       0x20 modules/hal_nordic/nrfx/libmodules__hal_nordic__nrfx.a(nrfx_clock.c.obj)
                0x00004e7c                nrfx_clock_init
 .text.nrfx_clock_start
                0x00004e9c       0x64 modules/hal_nordic/nrfx/libmodules__hal_nordic__nrfx.a(nrfx_clock.c.obj)
                0x00004e9c                nrfx_clock_start
 .text.nrfx_clock_stop
                0x00004f00       0x8c modules/hal_nordic/nrfx/libmodules__hal_nordic__nrfx.a(nrfx_clock.c.obj)
                0x00004f00                nrfx_clock_stop
 .text.nrfx_power_clock_irq_handler
                0x00004f8c       0x68 modules/hal_nordic/nrfx/libmodules__hal_nordic__nrfx.a(nrfx_clock.c.obj)
                0x00004f8c                nrfx_power_clock_irq_handler
 .text.nrf_gpio_pin_port_decode
                0x00004ff4       0x1c modules/hal_nordic/nrfx/libmodules__hal_nordic__nrfx.a(nrfx_gpiote.c.obj)
 .text.call_handler
                0x00005010       0x3c modules/hal_nordic/nrfx/libmodules__hal_nordic__nrfx.a(nrfx_gpiote.c.obj)
 .text.release_handler
                0x0000504c       0x54 modules/hal_nordic/nrfx/libmodules__hal_nordic__nrfx.a(nrfx_gpiote.c.obj)
 .text.pin_handler_trigger_uninit
                0x000050a0       0x34 modules/hal_nordic/nrfx/libmodules__hal_nordic__nrfx.a(nrfx_gpiote.c.obj)
 .text.nrfx_gpiote_input_configure
                0x000050d4      0x158 modules/hal_nordic/nrfx/libmodules__hal_nordic__nrfx.a(nrfx_gpiote.c.obj)
                0x000050d4                nrfx_gpiote_input_configure
 .text.nrfx_gpiote_output_configure
                0x0000522c       0xe0 modules/hal_nordic/nrfx/libmodules__hal_nordic__nrfx.a(nrfx_gpiote.c.obj)
                0x0000522c                nrfx_gpiote_output_configure
 .text.nrfx_gpiote_global_callback_set
                0x0000530c        0xc modules/hal_nordic/nrfx/libmodules__hal_nordic__nrfx.a(nrfx_gpiote.c.obj)
                0x0000530c                nrfx_gpiote_global_callback_set
 .text.nrfx_gpiote_channel_get
                0x00005318       0x24 modules/hal_nordic/nrfx/libmodules__hal_nordic__nrfx.a(nrfx_gpiote.c.obj)
                0x00005318                nrfx_gpiote_channel_get
 .text.nrfx_gpiote_init
                0x0000533c       0x50 modules/hal_nordic/nrfx/libmodules__hal_nordic__nrfx.a(nrfx_gpiote.c.obj)
                0x0000533c                nrfx_gpiote_init
 .text.nrfx_gpiote_is_init
                0x0000538c       0x14 modules/hal_nordic/nrfx/libmodules__hal_nordic__nrfx.a(nrfx_gpiote.c.obj)
                0x0000538c                nrfx_gpiote_is_init
 .text.nrfx_gpiote_channel_free
                0x000053a0        0xc modules/hal_nordic/nrfx/libmodules__hal_nordic__nrfx.a(nrfx_gpiote.c.obj)
                0x000053a0                nrfx_gpiote_channel_free
 .text.nrfx_gpiote_channel_alloc
                0x000053ac        0xc modules/hal_nordic/nrfx/libmodules__hal_nordic__nrfx.a(nrfx_gpiote.c.obj)
                0x000053ac                nrfx_gpiote_channel_alloc
 .text.nrfx_gpiote_trigger_enable
                0x000053b8       0x88 modules/hal_nordic/nrfx/libmodules__hal_nordic__nrfx.a(nrfx_gpiote.c.obj)
                0x000053b8                nrfx_gpiote_trigger_enable
 .text.nrfx_gpiote_trigger_disable
                0x00005440       0x44 modules/hal_nordic/nrfx/libmodules__hal_nordic__nrfx.a(nrfx_gpiote.c.obj)
                0x00005440                nrfx_gpiote_trigger_disable
 .text.nrfx_gpiote_pin_uninit
                0x00005484       0x48 modules/hal_nordic/nrfx/libmodules__hal_nordic__nrfx.a(nrfx_gpiote.c.obj)
                0x00005484                nrfx_gpiote_pin_uninit
 .text.nrfx_gpiote_irq_handler
                0x000054cc      0x1b0 modules/hal_nordic/nrfx/libmodules__hal_nordic__nrfx.a(nrfx_gpiote.c.obj)
                0x000054cc                nrfx_gpiote_irq_handler
 .text.nrfx_ppi_channel_alloc
                0x0000567c        0xc modules/hal_nordic/nrfx/libmodules__hal_nordic__nrfx.a(nrfx_ppi.c.obj)
                0x0000567c                nrfx_ppi_channel_alloc
 .text.nrfx_pwm_init
                0x00005688      0x15c modules/hal_nordic/nrfx/libmodules__hal_nordic__nrfx.a(nrfx_pwm.c.obj)
                0x00005688                nrfx_pwm_init
 .text.nrfx_pwm_simple_playback
                0x000057e4       0x7c modules/hal_nordic/nrfx/libmodules__hal_nordic__nrfx.a(nrfx_pwm.c.obj)
                0x000057e4                nrfx_pwm_simple_playback
 .text.nrfx_pwm_is_stopped
                0x00005860       0x28 modules/hal_nordic/nrfx/libmodules__hal_nordic__nrfx.a(nrfx_pwm.c.obj)
                0x00005860                nrfx_pwm_is_stopped
 .text._DoInit  0x00005888       0x6c modules/segger/libmodules__segger.a(SEGGER_RTT.c.obj)
 .text.z_sys_init_run_level
                0x000058f4       0x40 zephyr/kernel/libkernel.a(device.c.obj)
                0x000058f4                z_sys_init_run_level
 .text.z_impl_device_get_binding
                0x00005934       0x58 zephyr/kernel/libkernel.a(device.c.obj)
                0x00005934                z_impl_device_get_binding
 .text.init_idle_thread
                0x0000598c       0x58 zephyr/kernel/libkernel.a(init.c.obj)
 .text.bg_thread_main
                0x000059e4       0x34 zephyr/kernel/libkernel.a(init.c.obj)
 .text.z_bss_zero
                0x00005a18       0x14 zephyr/kernel/libkernel.a(init.c.obj)
                0x00005a18                z_bss_zero
 .text.z_cstart
                0x00005a2c       0xe4 zephyr/kernel/libkernel.a(init.c.obj)
                0x00005a2c                z_cstart
 .text.init_mem_slab_module
                0x00005b10       0x44 zephyr/kernel/libkernel.a(mem_slab.c.obj)
 .text.k_mem_slab_alloc
                0x00005b54       0x60 zephyr/kernel/libkernel.a(mem_slab.c.obj)
                0x00005b54                k_mem_slab_alloc
 .text.z_setup_new_thread
                0x00005bb4       0x64 zephyr/kernel/libkernel.a(thread.c.obj)
                0x00005bb4                z_setup_new_thread
 .text.z_impl_k_thread_create
                0x00005c18       0x58 zephyr/kernel/libkernel.a(thread.c.obj)
                0x00005c18                z_impl_k_thread_create
 .text.z_init_static_threads
                0x00005c70       0xbc zephyr/kernel/libkernel.a(thread.c.obj)
                0x00005c70                z_init_static_threads
 .text.idle     0x00005d2c       0x2c zephyr/kernel/libkernel.a(idle.c.obj)
                0x00005d2c                idle
 .text.z_impl_k_mutex_lock
                0x00005d58       0xfc zephyr/kernel/libkernel.a(mutex.c.obj)
                0x00005d58                z_impl_k_mutex_lock
 .text.z_impl_k_mutex_unlock
                0x00005e54       0x8c zephyr/kernel/libkernel.a(mutex.c.obj)
                0x00005e54                z_impl_k_mutex_unlock
 .text.z_impl_k_sem_give
                0x00005ee0       0x4c zephyr/kernel/libkernel.a(sem.c.obj)
                0x00005ee0                z_impl_k_sem_give
 .text.z_impl_k_sem_take
                0x00005f2c       0x54 zephyr/kernel/libkernel.a(sem.c.obj)
                0x00005f2c                z_impl_k_sem_take
 .text.z_reset_time_slice
                0x00005f80       0x2c zephyr/kernel/libkernel.a(sched.c.obj)
                0x00005f80                z_reset_time_slice
 .text.k_sched_time_slice_set
                0x00005fac       0x64 zephyr/kernel/libkernel.a(sched.c.obj)
                0x00005fac                k_sched_time_slice_set
 .text.z_reschedule
                0x00006010       0x24 zephyr/kernel/libkernel.a(sched.c.obj)
                0x00006010                z_reschedule
 .text.k_sched_lock
                0x00006034       0x28 zephyr/kernel/libkernel.a(sched.c.obj)
                0x00006034                k_sched_lock
 .text.update_cache
                0x0000605c       0x40 zephyr/kernel/libkernel.a(sched.c.obj)
 .text.move_thread_to_end_of_prio_q
                0x0000609c       0x7c zephyr/kernel/libkernel.a(sched.c.obj)
 .text.z_time_slice
                0x00006118       0x84 zephyr/kernel/libkernel.a(sched.c.obj)
                0x00006118                z_time_slice
 .text.ready_thread
                0x0000619c       0x70 zephyr/kernel/libkernel.a(sched.c.obj)
 .text.z_sched_start
                0x0000620c       0x3c zephyr/kernel/libkernel.a(sched.c.obj)
                0x0000620c                z_sched_start
 .text.unready_thread
                0x00006248       0x30 zephyr/kernel/libkernel.a(sched.c.obj)
 .text.pend     0x00006278       0x4c zephyr/kernel/libkernel.a(sched.c.obj)
 .text.z_pend_curr
                0x000062c4       0x28 zephyr/kernel/libkernel.a(sched.c.obj)
                0x000062c4                z_pend_curr
 .text.z_set_prio
                0x000062ec       0x98 zephyr/kernel/libkernel.a(sched.c.obj)
                0x000062ec                z_set_prio
 .text.z_impl_k_thread_suspend
                0x00006384       0x64 zephyr/kernel/libkernel.a(sched.c.obj)
                0x00006384                z_impl_k_thread_suspend
 .text.k_sched_unlock
                0x000063e8       0x38 zephyr/kernel/libkernel.a(sched.c.obj)
                0x000063e8                k_sched_unlock
 .text.z_sched_init
                0x00006420       0x18 zephyr/kernel/libkernel.a(sched.c.obj)
                0x00006420                z_sched_init
 .text.z_impl_k_yield
                0x00006438       0x84 zephyr/kernel/libkernel.a(sched.c.obj)
                0x00006438                z_impl_k_yield
 .text.z_tick_sleep
                0x000064bc       0x98 zephyr/kernel/libkernel.a(sched.c.obj)
 .text.z_impl_k_sleep
                0x00006554       0x34 zephyr/kernel/libkernel.a(sched.c.obj)
                0x00006554                z_impl_k_sleep
 .text.z_impl_z_current_get
                0x00006588        0xc zephyr/kernel/libkernel.a(sched.c.obj)
                0x00006588                z_impl_z_current_get
 .text.z_impl_k_is_preempt_thread
                0x00006594       0x20 zephyr/kernel/libkernel.a(sched.c.obj)
                0x00006594                z_impl_k_is_preempt_thread
 .text.z_thread_abort
                0x000065b4       0xa4 zephyr/kernel/libkernel.a(sched.c.obj)
                0x000065b4                z_thread_abort
 .text.z_sched_wait
                0x00006658       0x24 zephyr/kernel/libkernel.a(sched.c.obj)
                0x00006658                z_sched_wait
 .text.z_data_copy
                0x0000667c       0x34 zephyr/kernel/libkernel.a(xip.c.obj)
                0x0000667c                z_data_copy
 .text.elapsed  0x000066b0       0x14 zephyr/kernel/libkernel.a(timeout.c.obj)
 .text.remove_timeout
                0x000066c4       0x34 zephyr/kernel/libkernel.a(timeout.c.obj)
 .text.next_timeout
                0x000066f8       0x58 zephyr/kernel/libkernel.a(timeout.c.obj)
 .text.z_add_timeout
                0x00006750      0x110 zephyr/kernel/libkernel.a(timeout.c.obj)
                0x00006750                z_add_timeout
 .text.sys_clock_announce
                0x00006860       0xd8 zephyr/kernel/libkernel.a(timeout.c.obj)
                0x00006860                sys_clock_announce
 .text.sys_clock_tick_get
                0x00006938       0x34 zephyr/kernel/libkernel.a(timeout.c.obj)
                0x00006938                sys_clock_tick_get
 .text.z_timer_expiration_handler
                0x0000696c       0x88 zephyr/kernel/libkernel.a(timer.c.obj)
                0x0000696c                z_timer_expiration_handler
 .text.z_impl_k_timer_start
                0x000069f4       0xc0 zephyr/kernel/libkernel.a(timer.c.obj)
                0x000069f4                z_impl_k_timer_start
 .text.z_impl_k_poll_signal_raise
                0x00006ab4       0x50 zephyr/kernel/libkernel.a(poll.c.obj)
                0x00006ab4                z_impl_k_poll_signal_raise
 .text.boot_banner
                0x00006b04       0x18 zephyr/kernel/libkernel.a(banner.c.obj)
                0x00006b04                boot_banner
 .text.k_sys_work_q_init
                0x00006b1c       0x34 zephyr/kernel/libkernel.a(system_work_q.c.obj)
 .text.work_queue_main
                0x00006b50      0x13c zephyr/kernel/libkernel.a(work.c.obj)
 .text.submit_to_queue_locked
                0x00006c8c       0xa0 zephyr/kernel/libkernel.a(work.c.obj)
 .text.k_work_queue_start
                0x00006d2c       0x70 zephyr/kernel/libkernel.a(work.c.obj)
                0x00006d2c                k_work_queue_start
 .text.nrf_cc3xx_platform_init_no_rng
                0x00006d9c       0x38 C:/Users/Diogo/ncs/v1.9.1/nrfxlib/crypto/nrf_cc310_platform/lib/cortex-m4/soft-float/no-interrupts/libnrf_cc310_platform_0.9.13.a(nrf_cc3xx_platform.c.obj)
                0x00006d9c                nrf_cc3xx_platform_init_no_rng
 .text.nrf_cc3xx_platform_abort
                0x00006dd4       0x24 C:/Users/Diogo/ncs/v1.9.1/nrfxlib/crypto/nrf_cc310_platform/lib/cortex-m4/soft-float/no-interrupts/libnrf_cc310_platform_0.9.13.a(nrf_cc3xx_platform_abort.c.obj)
 .text.CC_PalAbort
                0x00006df8       0x40 C:/Users/Diogo/ncs/v1.9.1/nrfxlib/crypto/nrf_cc310_platform/lib/cortex-m4/soft-float/no-interrupts/libnrf_cc310_platform_0.9.13.a(nrf_cc3xx_platform_abort.c.obj)
                0x00006df8                CC_PalAbort
 .text.nrf_cc3xx_platform_set_abort
                0x00006e38       0x10 C:/Users/Diogo/ncs/v1.9.1/nrfxlib/crypto/nrf_cc310_platform/lib/cortex-m4/soft-float/no-interrupts/libnrf_cc310_platform_0.9.13.a(nrf_cc3xx_platform_abort.c.obj)
                0x00006e38                nrf_cc3xx_platform_set_abort
 .text.mutex_free
                0x00006e48       0x28 C:/Users/Diogo/ncs/v1.9.1/nrfxlib/crypto/nrf_cc310_platform/lib/cortex-m4/soft-float/no-interrupts/libnrf_cc310_platform_0.9.13.a(nrf_cc3xx_platform_mutex.c.obj)
 .text.mutex_unlock
                0x00006e70       0x2c C:/Users/Diogo/ncs/v1.9.1/nrfxlib/crypto/nrf_cc310_platform/lib/cortex-m4/soft-float/no-interrupts/libnrf_cc310_platform_0.9.13.a(nrf_cc3xx_platform_mutex.c.obj)
 .text.mutex_init
                0x00006e9c       0x1c C:/Users/Diogo/ncs/v1.9.1/nrfxlib/crypto/nrf_cc310_platform/lib/cortex-m4/soft-float/no-interrupts/libnrf_cc310_platform_0.9.13.a(nrf_cc3xx_platform_mutex.c.obj)
 .text.mutex_lock
                0x00006eb8       0x44 C:/Users/Diogo/ncs/v1.9.1/nrfxlib/crypto/nrf_cc310_platform/lib/cortex-m4/soft-float/no-interrupts/libnrf_cc310_platform_0.9.13.a(nrf_cc3xx_platform_mutex.c.obj)
 .text.nrf_cc3xx_platform_set_mutexes
                0x00006efc       0x60 C:/Users/Diogo/ncs/v1.9.1/nrfxlib/crypto/nrf_cc310_platform/lib/cortex-m4/soft-float/no-interrupts/libnrf_cc310_platform_0.9.13.a(nrf_cc3xx_platform_mutex.c.obj)
                0x00006efc                nrf_cc3xx_platform_set_mutexes
 .text.CC_LibInitNoRng
                0x00006f5c       0x6c C:/Users/Diogo/ncs/v1.9.1/nrfxlib/crypto/nrf_cc310_platform/lib/cortex-m4/soft-float/no-interrupts/libnrf_cc310_platform_0.9.13.a(cc_lib.c.obj)
                0x00006f5c                CC_LibInitNoRng
 .text.CC_HalInit
                0x00006fc8        0x4 C:/Users/Diogo/ncs/v1.9.1/nrfxlib/crypto/nrf_cc310_platform/lib/cortex-m4/soft-float/no-interrupts/libnrf_cc310_platform_0.9.13.a(cc_hal.c.obj)
                0x00006fc8                CC_HalInit
 .text.CC_HalTerminate
                0x00006fcc        0x4 C:/Users/Diogo/ncs/v1.9.1/nrfxlib/crypto/nrf_cc310_platform/lib/cortex-m4/soft-float/no-interrupts/libnrf_cc310_platform_0.9.13.a(cc_hal.c.obj)
                0x00006fcc                CC_HalTerminate
 .text.CC_HalMaskInterrupt
                0x00006fd0        0xc C:/Users/Diogo/ncs/v1.9.1/nrfxlib/crypto/nrf_cc310_platform/lib/cortex-m4/soft-float/no-interrupts/libnrf_cc310_platform_0.9.13.a(cc_hal.c.obj)
                0x00006fd0                CC_HalMaskInterrupt
 .text.CC_PalInit
                0x00006fdc       0x5c C:/Users/Diogo/ncs/v1.9.1/nrfxlib/crypto/nrf_cc310_platform/lib/cortex-m4/soft-float/no-interrupts/libnrf_cc310_platform_0.9.13.a(cc_pal.c.obj)
                0x00006fdc                CC_PalInit
 .text.CC_PalTerminate
                0x00007038       0x34 C:/Users/Diogo/ncs/v1.9.1/nrfxlib/crypto/nrf_cc310_platform/lib/cortex-m4/soft-float/no-interrupts/libnrf_cc310_platform_0.9.13.a(cc_pal.c.obj)
                0x00007038                CC_PalTerminate
 .text.CC_PalDmaInit
                0x0000706c        0x4 C:/Users/Diogo/ncs/v1.9.1/nrfxlib/crypto/nrf_cc310_platform/lib/cortex-m4/soft-float/no-interrupts/libnrf_cc310_platform_0.9.13.a(cc_pal_dma.c.obj)
                0x0000706c                CC_PalDmaInit
 .text.CC_PalDmaTerminate
                0x00007070        0x4 C:/Users/Diogo/ncs/v1.9.1/nrfxlib/crypto/nrf_cc310_platform/lib/cortex-m4/soft-float/no-interrupts/libnrf_cc310_platform_0.9.13.a(cc_pal_dma.c.obj)
                0x00007070                CC_PalDmaTerminate
 .text.CC_PalMutexCreate
                0x00007074       0x14 C:/Users/Diogo/ncs/v1.9.1/nrfxlib/crypto/nrf_cc310_platform/lib/cortex-m4/soft-float/no-interrupts/libnrf_cc310_platform_0.9.13.a(cc_pal_mutex.c.obj)
                0x00007074                CC_PalMutexCreate
 .text.CC_PalMutexDestroy
                0x00007088       0x14 C:/Users/Diogo/ncs/v1.9.1/nrfxlib/crypto/nrf_cc310_platform/lib/cortex-m4/soft-float/no-interrupts/libnrf_cc310_platform_0.9.13.a(cc_pal_mutex.c.obj)
                0x00007088                CC_PalMutexDestroy
 .text.CC_PalPowerSaveModeInit
                0x0000709c       0x3c C:/Users/Diogo/ncs/v1.9.1/nrfxlib/crypto/nrf_cc310_platform/lib/cortex-m4/soft-float/no-interrupts/libnrf_cc310_platform_0.9.13.a(cc_pal_pm.c.obj)
                0x0000709c                CC_PalPowerSaveModeInit
 .text.CC_PalPowerSaveModeSelect
                0x000070d8       0x84 C:/Users/Diogo/ncs/v1.9.1/nrfxlib/crypto/nrf_cc310_platform/lib/cortex-m4/soft-float/no-interrupts/libnrf_cc310_platform_0.9.13.a(cc_pal_pm.c.obj)
                0x000070d8                CC_PalPowerSaveModeSelect
 .text.thread_A_code
                0x0000715c       0x36 app/libapp.a(main.c.obj)
                0x0000715c                thread_A_code
 .text.gpio_add_callback
                0x00007192       0x10 app/libapp.a(device_drivers.c.obj)
 .text.z_impl_gpio_pin_configure.constprop.0
                0x000071a2       0x1e app/libapp.a(device_drivers.c.obj)
 .text.gpio_pin_interrupt_configure.constprop.0
                0x000071c0       0x26 app/libapp.a(device_drivers.c.obj)
 .text.get_uptime
                0x000071e6       0x1c app/libapp.a(device_drivers.c.obj)
                0x000071e6                get_uptime
 .text.sleep_ms
                0x00007202       0x2a app/libapp.a(device_drivers.c.obj)
                0x00007202                sleep_ms
 .text.sys_notify_validate
                0x0000722c       0x28 zephyr/libzephyr.a(notify.c.obj)
                0x0000722c                sys_notify_validate
 .text.sys_notify_finalize
                0x00007254       0x32 zephyr/libzephyr.a(notify.c.obj)
                0x00007254                sys_notify_finalize
 .text.arch_printk_char_out
                0x00007286        0x4 zephyr/libzephyr.a(printk.c.obj)
                0x00007286                arch_printk_char_out
 .text.printk   0x0000728a       0x1a zephyr/libzephyr.a(printk.c.obj)
                0x0000728a                printk
 .text.process_recheck
                0x000072a4       0x38 zephyr/libzephyr.a(onoff.c.obj)
 .text.notify_one
                0x000072dc       0x2c zephyr/libzephyr.a(onoff.c.obj)
 .text.transition_complete
                0x00007308       0x1c zephyr/libzephyr.a(onoff.c.obj)
 .text.validate_args
                0x00007324       0x1e zephyr/libzephyr.a(onoff.c.obj)
 .text.onoff_manager_init
                0x00007342       0x26 zephyr/libzephyr.a(onoff.c.obj)
                0x00007342                onoff_manager_init
 .text.onoff_request
                0x00007368       0x92 zephyr/libzephyr.a(onoff.c.obj)
                0x00007368                onoff_request
 .text.z_thread_entry
                0x000073fa       0x14 zephyr/libzephyr.a(thread_entry.c.obj)
                0x000073fa                z_thread_entry
 .text._ldiv5   0x0000740e       0x40 zephyr/libzephyr.a(cbprintf_complete.c.obj)
 .text._get_digit
                0x0000744e       0x2e zephyr/libzephyr.a(cbprintf_complete.c.obj)
 .text.encode_uint
                0x0000747c       0x96 zephyr/libzephyr.a(cbprintf_complete.c.obj)
 .text.outs     0x00007512       0x2c zephyr/libzephyr.a(cbprintf_complete.c.obj)
 .text._ConfigAbsSyms
                0x0000753e        0x2 zephyr/libzephyr.a(configs.c.obj)
                0x0000753e                _ConfigAbsSyms
 .text.pm_policy_next_state
                0x00007540        0xa zephyr/libzephyr.a(residency.c.obj)
                0x00007540                pm_policy_next_state
 .text.abort_function
                0x0000754a        0x8 zephyr/libzephyr.a(nrf_cc3xx_platform_abort_zephyr.c.obj)
 .text.z_arm_fatal_error
                0x00007552        0x4 zephyr/arch/arch/arm/core/aarch32/libarch__arm__core__aarch32.a(fatal.c.obj)
                0x00007552                z_arm_fatal_error
 .text.z_do_kernel_oops
                0x00007556        0x8 zephyr/arch/arch/arm/core/aarch32/libarch__arm__core__aarch32.a(fatal.c.obj)
                0x00007556                z_do_kernel_oops
 .text.z_irq_spurious
                0x0000755e        0x8 zephyr/arch/arch/arm/core/aarch32/libarch__arm__core__aarch32.a(irq_manage.c.obj)
                0x0000755e                z_irq_spurious
 .text.z_arm_nmi
                0x00007566        0xe zephyr/arch/arch/arm/core/aarch32/libarch__arm__core__aarch32.a(nmi.c.obj)
                0x00007566                z_arm_nmi
 .text.strcpy   0x00007574       0x14 zephyr/lib/libc/minimal/liblib__libc__minimal.a(string.c.obj)
                0x00007574                strcpy
 .text.strlen   0x00007588        0xe zephyr/lib/libc/minimal/liblib__libc__minimal.a(string.c.obj)
                0x00007588                strlen
 .text.strnlen  0x00007596       0x12 zephyr/lib/libc/minimal/liblib__libc__minimal.a(string.c.obj)
                0x00007596                strnlen
 .text.strcmp   0x000075a8       0x18 zephyr/lib/libc/minimal/liblib__libc__minimal.a(string.c.obj)
                0x000075a8                strcmp
 .text.memcpy   0x000075c0       0x16 zephyr/lib/libc/minimal/liblib__libc__minimal.a(string.c.obj)
                0x000075c0                memcpy
 .text.memset   0x000075d6       0x12 zephyr/lib/libc/minimal/liblib__libc__minimal.a(string.c.obj)
                0x000075d6                memset
 .text._stdout_hook_default
                0x000075e8        0x6 zephyr/lib/libc/minimal/liblib__libc__minimal.a(stdout_console.c.obj)
 .text.fputc    0x000075ee        0x4 zephyr/lib/libc/minimal/liblib__libc__minimal.a(stdout_console.c.obj)
                0x000075ee                fputc
 .text.pm_power_state_set
                0x000075f2       0x26 zephyr/soc/arm/nordic_nrf/nrf52/libsoc__arm__nordic_nrf__nrf52.a(power.c.obj)
                0x000075f2                pm_power_state_set
 .text.pm_power_state_exit_post_ops
                0x00007618       0x16 zephyr/soc/arm/nordic_nrf/nrf52/libsoc__arm__nordic_nrf__nrf52.a(power.c.obj)
                0x00007618                pm_power_state_exit_post_ops
 .text.adc_context_on_timer_expired
                0x0000762e       0x2e zephyr/drivers/adc/libdrivers__adc.a(adc_nrfx_saadc.c.obj)
 .text.get_status
                0x0000765c       0x12 zephyr/drivers/clock_control/libdrivers__clock_control.a(clock_control_nrf.c.obj)
 .text.set_off_state
                0x0000766e       0x32 zephyr/drivers/clock_control/libdrivers__clock_control.a(clock_control_nrf.c.obj)
 .text.set_starting_state
                0x000076a0       0x3c zephyr/drivers/clock_control/libdrivers__clock_control.a(clock_control_nrf.c.obj)
 .text.set_on_state
                0x000076dc       0x26 zephyr/drivers/clock_control/libdrivers__clock_control.a(clock_control_nrf.c.obj)
 .text.onoff_started_callback
                0x00007702       0x12 zephyr/drivers/clock_control/libdrivers__clock_control.a(clock_control_nrf.c.obj)
 .text.lfclk_start
                0x00007714        0x6 zephyr/drivers/clock_control/libdrivers__clock_control.a(clock_control_nrf.c.obj)
 .text.lfclk_stop
                0x0000771a        0x6 zephyr/drivers/clock_control/libdrivers__clock_control.a(clock_control_nrf.c.obj)
 .text.blocking_start_callback
                0x00007720        0x6 zephyr/drivers/clock_control/libdrivers__clock_control.a(clock_control_nrf.c.obj)
 .text.api_stop
                0x00007726       0x28 zephyr/drivers/clock_control/libdrivers__clock_control.a(clock_control_nrf.c.obj)
 .text.api_start
                0x0000774e       0x36 zephyr/drivers/clock_control/libdrivers__clock_control.a(clock_control_nrf.c.obj)
 .text.gpio_nrfx_port_get_raw
                0x00007784        0xe zephyr/drivers/gpio/libdrivers__gpio.a(gpio_nrfx.c.obj)
 .text.gpio_nrfx_port_set_masked_raw
                0x00007792       0x16 zephyr/drivers/gpio/libdrivers__gpio.a(gpio_nrfx.c.obj)
 .text.gpio_nrfx_port_set_bits_raw
                0x000077a8        0xc zephyr/drivers/gpio/libdrivers__gpio.a(gpio_nrfx.c.obj)
 .text.gpio_nrfx_port_clear_bits_raw
                0x000077b4        0xc zephyr/drivers/gpio/libdrivers__gpio.a(gpio_nrfx.c.obj)
 .text.gpio_nrfx_port_toggle_bits
                0x000077c0       0x12 zephyr/drivers/gpio/libdrivers__gpio.a(gpio_nrfx.c.obj)
 .text.gpio_nrfx_manage_callback
                0x000077d2       0x56 zephyr/drivers/gpio/libdrivers__gpio.a(gpio_nrfx.c.obj)
 .text.any_other_channel_is_active
                0x00007828       0x2a zephyr/drivers/pwm/libdrivers__pwm.a(pwm_nrfx.c.obj)
 .text.uarte_nrfx_config_get
                0x00007852       0x10 zephyr/drivers/serial/libdrivers__serial.a(uart_nrfx_uarte.c.obj)
 .text.uarte_nrfx_err_check
                0x00007862        0xe zephyr/drivers/serial/libdrivers__serial.a(uart_nrfx_uarte.c.obj)
 .text.is_tx_ready
                0x00007870       0x20 zephyr/drivers/serial/libdrivers__serial.a(uart_nrfx_uarte.c.obj)
 .text.user_callback
                0x00007890        0xe zephyr/drivers/serial/libdrivers__serial.a(uart_nrfx_uarte.c.obj)
 .text.notify_uart_rx_rdy
                0x0000789e       0x32 zephyr/drivers/serial/libdrivers__serial.a(uart_nrfx_uarte.c.obj)
 .text.notify_rx_buf_release
                0x000078d0       0x34 zephyr/drivers/serial/libdrivers__serial.a(uart_nrfx_uarte.c.obj)
 .text.notify_rx_disable
                0x00007904       0x22 zephyr/drivers/serial/libdrivers__serial.a(uart_nrfx_uarte.c.obj)
 .text.uarte_nrfx_rx_buf_rsp
                0x00007926       0x50 zephyr/drivers/serial/libdrivers__serial.a(uart_nrfx_uarte.c.obj)
 .text.uarte_nrfx_callback_set
                0x00007976       0x14 zephyr/drivers/serial/libdrivers__serial.a(uart_nrfx_uarte.c.obj)
 .text.uarte_nrfx_poll_in
                0x0000798a       0x30 zephyr/drivers/serial/libdrivers__serial.a(uart_nrfx_uarte.c.obj)
 .text.rx_timeout
                0x000079ba       0x92 zephyr/drivers/serial/libdrivers__serial.a(uart_nrfx_uarte.c.obj)
 .text.uarte_nrfx_rx_enable
                0x00007a4c      0x10a zephyr/drivers/serial/libdrivers__serial.a(uart_nrfx_uarte.c.obj)
 .text.rx_flush
                0x00007b56       0x6a zephyr/drivers/serial/libdrivers__serial.a(uart_nrfx_uarte.c.obj)
 .text.async_uart_release
                0x00007bc0       0x4c zephyr/drivers/serial/libdrivers__serial.a(uart_nrfx_uarte.c.obj)
 .text.setup_tx_cache.isra.0
                0x00007c0c       0x28 zephyr/drivers/serial/libdrivers__serial.a(uart_nrfx_uarte.c.obj)
 .text.uarte_0_init
                0x00007c34       0x1e zephyr/drivers/serial/libdrivers__serial.a(uart_nrfx_uarte.c.obj)
 .text.uarte_1_init
                0x00007c52       0x1e zephyr/drivers/serial/libdrivers__serial.a(uart_nrfx_uarte.c.obj)
 .text.uarte_nrfx_tx_abort
                0x00007c70       0x28 zephyr/drivers/serial/libdrivers__serial.a(uart_nrfx_uarte.c.obj)
 .text.tx_timeout
                0x00007c98        0x8 zephyr/drivers/serial/libdrivers__serial.a(uart_nrfx_uarte.c.obj)
 .text.uarte_nrfx_rx_disable
                0x00007ca0       0x42 zephyr/drivers/serial/libdrivers__serial.a(uart_nrfx_uarte.c.obj)
 .text.tx_start
                0x00007ce2       0x4c zephyr/drivers/serial/libdrivers__serial.a(uart_nrfx_uarte.c.obj)
 .text.start_tx_locked.isra.0
                0x00007d2e       0x30 zephyr/drivers/serial/libdrivers__serial.a(uart_nrfx_uarte.c.obj)
 .text.sys_clock_idle_exit
                0x00007d5e        0x2 zephyr/drivers/timer/libdrivers__timer.a(sys_clock_init.c.obj)
                0x00007d5e                sys_clock_idle_exit
 .text.k_sys_fatal_error_handler
                0x00007d60        0x8 modules/nrf/lib/fatal_error/lib..__nrf__lib__fatal_error.a(fatal_error.c.obj)
                0x00007d60                k_sys_fatal_error_handler
 .text.hw_cc3xx_init_internal
                0x00007d68        0x4 modules/nrf/drivers/hw_cc310/lib..__nrf__drivers__hw_cc310.a(hw_cc310.c.obj)
 .text.hw_cc3xx_init
                0x00007d6c       0x12 modules/nrf/drivers/hw_cc310/lib..__nrf__drivers__hw_cc310.a(hw_cc310.c.obj)
 .text.nrfx_isr
                0x00007d7e        0x2 modules/hal_nordic/nrfx/libmodules__hal_nordic__nrfx.a(nrfx_glue.c.obj)
                0x00007d7e                nrfx_isr
 .text.nrfx_busy_wait
                0x00007d80        0x4 modules/hal_nordic/nrfx/libmodules__hal_nordic__nrfx.a(nrfx_glue.c.obj)
                0x00007d80                nrfx_busy_wait
 .text.nrfx_clock_enable
                0x00007d84       0x14 modules/hal_nordic/nrfx/libmodules__hal_nordic__nrfx.a(nrfx_clock.c.obj)
                0x00007d84                nrfx_clock_enable
 .text.nrf_gpio_reconfigure
                0x00007d98       0x8e modules/hal_nordic/nrfx/libmodules__hal_nordic__nrfx.a(nrfx_gpiote.c.obj)
 .text.nrf_gpio_cfg_sense_set
                0x00007e26       0x1e modules/hal_nordic/nrfx/libmodules__hal_nordic__nrfx.a(nrfx_gpiote.c.obj)
 .text.start_playback.isra.0
                0x00007e44       0x46 modules/hal_nordic/nrfx/libmodules__hal_nordic__nrfx.a(nrfx_pwm.c.obj)
 .text.nrfx_pwm_stop
                0x00007e8a       0x2c modules/hal_nordic/nrfx/libmodules__hal_nordic__nrfx.a(nrfx_pwm.c.obj)
                0x00007e8a                nrfx_pwm_stop
 .text.SEGGER_RTT_Init
                0x00007eb6        0x4 modules/segger/libmodules__segger.a(SEGGER_RTT.c.obj)
                0x00007eb6                SEGGER_RTT_Init
 .text.rtt_init
                0x00007eba        0xa modules/segger/libmodules__segger.a(SEGGER_RTT_zephyr.c.obj)
 .text.z_device_state_init
                0x00007ec4        0x2 zephyr/kernel/libkernel.a(device.c.obj)
                0x00007ec4                z_device_state_init
 .text.z_device_ready
                0x00007ec6       0x14 zephyr/kernel/libkernel.a(device.c.obj)
                0x00007ec6                z_device_ready
 .text.z_fatal_error
                0x00007eda       0x36 zephyr/kernel/libkernel.a(fatal.c.obj)
                0x00007eda                z_fatal_error
 .text.k_mem_slab_init
                0x00007f10       0x36 zephyr/kernel/libkernel.a(mem_slab.c.obj)
                0x00007f10                k_mem_slab_init
 .text.k_mem_slab_free
                0x00007f46       0x52 zephyr/kernel/libkernel.a(mem_slab.c.obj)
                0x00007f46                k_mem_slab_free
 .text.k_is_in_isr
                0x00007f98        0xc zephyr/kernel/libkernel.a(thread.c.obj)
                0x00007f98                k_is_in_isr
 .text.z_impl_k_thread_name_set
                0x00007fa4        0x6 zephyr/kernel/libkernel.a(thread.c.obj)
                0x00007fa4                z_impl_k_thread_name_set
 .text.z_impl_k_thread_start
                0x00007faa        0x4 zephyr/kernel/libkernel.a(thread.c.obj)
                0x00007faa                z_impl_k_thread_start
 .text.z_pm_save_idle_exit
                0x00007fae        0xe zephyr/kernel/libkernel.a(idle.c.obj)
                0x00007fae                z_pm_save_idle_exit
 .text.z_impl_k_mutex_init
                0x00007fbc        0xe zephyr/kernel/libkernel.a(mutex.c.obj)
                0x00007fbc                z_impl_k_mutex_init
 .text.z_impl_k_sem_init
                0x00007fca       0x20 zephyr/kernel/libkernel.a(sem.c.obj)
                0x00007fca                z_impl_k_sem_init
 .text.sys_dlist_remove
                0x00007fea       0x10 zephyr/kernel/libkernel.a(sched.c.obj)
 .text.unpend_thread_no_timeout
                0x00007ffa       0x14 zephyr/kernel/libkernel.a(sched.c.obj)
 .text.z_unpend_thread_no_timeout
                0x0000800e       0x20 zephyr/kernel/libkernel.a(sched.c.obj)
                0x0000800e                z_unpend_thread_no_timeout
 .text.z_unpend_thread
                0x0000802e       0x28 zephyr/kernel/libkernel.a(sched.c.obj)
                0x0000802e                z_unpend_thread
 .text.z_reschedule_irqlock
                0x00008056       0x18 zephyr/kernel/libkernel.a(sched.c.obj)
                0x00008056                z_reschedule_irqlock
 .text.z_reschedule_unlocked
                0x0000806e       0x14 zephyr/kernel/libkernel.a(sched.c.obj)
 .text.z_priq_dumb_best
                0x00008082       0x14 zephyr/kernel/libkernel.a(sched.c.obj)
                0x00008082                z_priq_dumb_best
 .text.z_ready_thread
                0x00008096       0x20 zephyr/kernel/libkernel.a(sched.c.obj)
                0x00008096                z_ready_thread
 .text.z_thread_timeout
                0x000080b6       0x44 zephyr/kernel/libkernel.a(sched.c.obj)
                0x000080b6                z_thread_timeout
 .text.add_to_waitq_locked
                0x000080fa       0x5a zephyr/kernel/libkernel.a(sched.c.obj)
 .text.z_unpend1_no_timeout
                0x00008154       0x2a zephyr/kernel/libkernel.a(sched.c.obj)
                0x00008154                z_unpend1_no_timeout
 .text.z_unpend_first_thread
                0x0000817e       0x30 zephyr/kernel/libkernel.a(sched.c.obj)
                0x0000817e                z_unpend_first_thread
 .text.z_sched_wake
                0x000081ae       0x3a zephyr/kernel/libkernel.a(sched.c.obj)
                0x000081ae                z_sched_wake
 .text.z_abort_timeout
                0x000081e8       0x2c zephyr/kernel/libkernel.a(timeout.c.obj)
                0x000081e8                z_abort_timeout
 .text.z_get_next_timeout_expiry
                0x00008214       0x20 zephyr/kernel/libkernel.a(timeout.c.obj)
                0x00008214                z_get_next_timeout_expiry
 .text.z_set_timeout_expiry
                0x00008234       0x34 zephyr/kernel/libkernel.a(timeout.c.obj)
                0x00008234                z_set_timeout_expiry
 .text.sys_clock_tick_get_32
                0x00008268        0x8 zephyr/kernel/libkernel.a(timeout.c.obj)
                0x00008268                sys_clock_tick_get_32
 .text.z_impl_k_uptime_ticks
                0x00008270        0x4 zephyr/kernel/libkernel.a(timeout.c.obj)
                0x00008270                z_impl_k_uptime_ticks
 .text.z_impl_k_busy_wait
                0x00008274        0x8 zephyr/kernel/libkernel.a(timeout.c.obj)
                0x00008274                z_impl_k_busy_wait
 .text.k_timer_init
                0x0000827c       0x18 zephyr/kernel/libkernel.a(timer.c.obj)
                0x0000827c                k_timer_init
 .text.z_impl_k_timer_stop
                0x00008294       0x3a zephyr/kernel/libkernel.a(timer.c.obj)
                0x00008294                z_impl_k_timer_stop
 .text.signal_poll_event
                0x000082ce       0xb8 zephyr/kernel/libkernel.a(poll.c.obj)
 .text.z_handle_obj_poll_events
                0x00008386       0x1c zephyr/kernel/libkernel.a(poll.c.obj)
                0x00008386                z_handle_obj_poll_events
 .text.notify_queue_locked
                0x000083a2        0xe zephyr/kernel/libkernel.a(work.c.obj)
 .text.k_work_submit_to_queue
                0x000083b0       0x3a zephyr/kernel/libkernel.a(work.c.obj)
                0x000083b0                k_work_submit_to_queue
 .text._OffsetAbsSyms
                0x000083ea        0x2 zephyr/CMakeFiles/offsets.dir/./arch/arm/core/offsets/offsets.c.obj
                0x000083ea                _OffsetAbsSyms
 *(SORT_BY_ALIGNMENT(.TEXT.*))
 .TEXT.z_arm_platform_init
                0x000083ec        0x4 zephyr/libzephyr.a(soc_nrf_common.S.obj)
                0x000083ec                z_arm_platform_init
 *(SORT_BY_ALIGNMENT(.gnu.linkonce.t.*))
 *(SORT_BY_ALIGNMENT(.glue_7t))
 .glue_7t       0x000083f0        0x0 linker stubs
 *(SORT_BY_ALIGNMENT(.glue_7))
 .glue_7        0x000083f0        0x0 linker stubs
 *(SORT_BY_ALIGNMENT(.vfp11_veneer))
 .vfp11_veneer  0x000083f0        0x0 linker stubs
 *(SORT_BY_ALIGNMENT(.v4_bx))
 .v4_bx         0x000083f0        0x0 linker stubs
                0x000083f0                __text_region_end = .

.ARM.exidx      0x000083f0        0x8
                0x000083f0                __exidx_start = .
 *(SORT_BY_ALIGNMENT(.ARM.exidx*) SORT_BY_ALIGNMENT(gnu.linkonce.armexidx.*))
 .ARM.exidx     0x000083f0        0x8 c:/users/diogo/ncs/v1.9.1/toolchain/opt/bin/../lib/gcc/arm-none-eabi/9.2.1/thumb/v7e-m/nofp\libgcc.a(_udivmoddi4.o)
                0x000083f8                __exidx_end = .
                0x000083f8                __rodata_region_start = .

initlevel       0x000083f8       0x78
                0x000083f8                __init_start = .
                0x000083f8                __init_PRE_KERNEL_1_start = .
 *(SORT_BY_NAME(SORT_BY_ALIGNMENT(.z_init_PRE_KERNEL_1[0-9]_*)))
 .z_init_PRE_KERNEL_10_
                0x000083f8        0x8 zephyr/soc/arm/nordic_nrf/nrf52/libsoc__arm__nordic_nrf__nrf52.a(soc.c.obj)
 *(SORT_BY_NAME(SORT_BY_ALIGNMENT(.z_init_PRE_KERNEL_1[1-9][0-9]_*)))
 .z_init_PRE_KERNEL_130_
                0x00008400        0x8 zephyr/drivers/clock_control/libdrivers__clock_control.a(clock_control_nrf.c.obj)
 .z_init_PRE_KERNEL_130_
                0x00008408        0x8 modules/segger/libmodules__segger.a(SEGGER_RTT_zephyr.c.obj)
 .z_init_PRE_KERNEL_130_
                0x00008410        0x8 zephyr/kernel/libkernel.a(mem_slab.c.obj)
 .z_init_PRE_KERNEL_140_
                0x00008418       0x10 zephyr/drivers/gpio/libdrivers__gpio.a(gpio_nrfx.c.obj)
 .z_init_PRE_KERNEL_140_
                0x00008428        0x8 modules/nrf/drivers/hw_cc310/lib..__nrf__drivers__hw_cc310.a(hw_cc310.c.obj)
 .z_init_PRE_KERNEL_155_
                0x00008430       0x10 zephyr/drivers/serial/libdrivers__serial.a(uart_nrfx_uarte.c.obj)
 .z_init_PRE_KERNEL_160_
                0x00008440        0x8 zephyr/drivers/console/libdrivers__console.a(uart_console.c.obj)
                0x00008448                __init_PRE_KERNEL_2_start = .
 *(SORT_BY_NAME(SORT_BY_ALIGNMENT(.z_init_PRE_KERNEL_2[0-9]_*)))
 .z_init_PRE_KERNEL_20_
                0x00008448        0x8 zephyr/drivers/timer/libdrivers__timer.a(nrf_rtc_timer.c.obj)
 *(SORT_BY_NAME(SORT_BY_ALIGNMENT(.z_init_PRE_KERNEL_2[1-9][0-9]_*)))
                0x00008450                __init_POST_KERNEL_start = .
 *(SORT_BY_NAME(SORT_BY_ALIGNMENT(.z_init_POST_KERNEL[0-9]_*)))
 *(SORT_BY_NAME(SORT_BY_ALIGNMENT(.z_init_POST_KERNEL[1-9][0-9]_*)))
 .z_init_POST_KERNEL40_
                0x00008450        0x8 modules/nrf/drivers/hw_cc310/lib..__nrf__drivers__hw_cc310.a(hw_cc310.c.obj)
 .z_init_POST_KERNEL40_
                0x00008458        0x8 zephyr/kernel/libkernel.a(system_work_q.c.obj)
 .z_init_POST_KERNEL50_
                0x00008460        0x8 zephyr/drivers/adc/libdrivers__adc.a(adc_nrfx_saadc.c.obj)
 .z_init_POST_KERNEL50_
                0x00008468        0x8 zephyr/drivers/pwm/libdrivers__pwm.a(pwm_nrfx.c.obj)
                0x00008470                __init_APPLICATION_start = .
 *(SORT_BY_NAME(SORT_BY_ALIGNMENT(.z_init_APPLICATION[0-9]_*)))
 *(SORT_BY_NAME(SORT_BY_ALIGNMENT(.z_init_APPLICATION[1-9][0-9]_*)))
                0x00008470                __init_SMP_start = .
 *(SORT_BY_NAME(SORT_BY_ALIGNMENT(.z_init_SMP[0-9]_*)))
 *(SORT_BY_NAME(SORT_BY_ALIGNMENT(.z_init_SMP[1-9][0-9]_*)))
                0x00008470                __init_end = .

devices         0x00008470       0xa8
                0x00008470                __device_start = .
                0x00008470                __device_PRE_KERNEL_1_start = .
 *(SORT_BY_NAME(SORT_BY_ALIGNMENT(.z_device_PRE_KERNEL_1[0-9]_*)))
 *(SORT_BY_NAME(SORT_BY_ALIGNMENT(.z_device_PRE_KERNEL_1[1-9][0-9]_*)))
 .z_device_PRE_KERNEL_130_
                0x00008470       0x18 zephyr/drivers/clock_control/libdrivers__clock_control.a(clock_control_nrf.c.obj)
                0x00008470                __device_dts_ord_27
 .z_device_PRE_KERNEL_140_
                0x00008488       0x30 zephyr/drivers/gpio/libdrivers__gpio.a(gpio_nrfx.c.obj)
                0x00008488                __device_dts_ord_11
                0x000084a0                __device_dts_ord_54
 .z_device_PRE_KERNEL_155_
                0x000084b8       0x30 zephyr/drivers/serial/libdrivers__serial.a(uart_nrfx_uarte.c.obj)
                0x000084b8                __device_dts_ord_63
                0x000084d0                __device_dts_ord_62
                0x000084e8                __device_PRE_KERNEL_2_start = .
 *(SORT_BY_NAME(SORT_BY_ALIGNMENT(.z_device_PRE_KERNEL_2[0-9]_*)))
 *(SORT_BY_NAME(SORT_BY_ALIGNMENT(.z_device_PRE_KERNEL_2[1-9][0-9]_*)))
                0x000084e8                __device_POST_KERNEL_start = .
 *(SORT_BY_NAME(SORT_BY_ALIGNMENT(.z_device_POST_KERNEL[0-9]_*)))
 *(SORT_BY_NAME(SORT_BY_ALIGNMENT(.z_device_POST_KERNEL[1-9][0-9]_*)))
 .z_device_POST_KERNEL50_
                0x000084e8       0x18 zephyr/drivers/adc/libdrivers__adc.a(adc_nrfx_saadc.c.obj)
                0x000084e8                __device_dts_ord_26
 .z_device_POST_KERNEL50_
                0x00008500       0x18 zephyr/drivers/pwm/libdrivers__pwm.a(pwm_nrfx.c.obj)
                0x00008500                __device_dts_ord_24
                0x00008518                __device_APPLICATION_start = .
 *(SORT_BY_NAME(SORT_BY_ALIGNMENT(.z_device_APPLICATION[0-9]_*)))
 *(SORT_BY_NAME(SORT_BY_ALIGNMENT(.z_device_APPLICATION[1-9][0-9]_*)))
                0x00008518                __device_SMP_start = .
 *(SORT_BY_NAME(SORT_BY_ALIGNMENT(.z_device_SMP[0-9]_*)))
 *(SORT_BY_NAME(SORT_BY_ALIGNMENT(.z_device_SMP[1-9][0-9]_*)))
                0x00008518                __device_end = .

sw_isr_table    0x00008518      0x180
                0x00008518                . = ALIGN (0x0)
 *(SORT_BY_ALIGNMENT(.gnu.linkonce.sw_isr_table*))
 .gnu.linkonce.sw_isr_table
                0x00008518      0x180 zephyr/CMakeFiles/zephyr_final.dir/isr_tables.c.obj
                0x00008518                _sw_isr_table

initlevel_error
                0x000083f8        0x0
 *(SORT_BY_NAME(SORT_BY_ALIGNMENT(.z_init_[_A-Z0-9]*)))
                0x00000001                ASSERT ((SIZEOF (initlevel_error) == 0x0), Undefined initialization levels used.)

app_shmem_regions
                0x00008698        0x0
                0x00008698                __app_shmem_regions_start = .
 *(SORT_BY_NAME(SORT_BY_ALIGNMENT(.app_regions.*)))
                0x00008698                __app_shmem_regions_end = .

bt_l2cap_fixed_chan_area
                0x00008698        0x0
                0x00008698                _bt_l2cap_fixed_chan_list_start = .
 *(SORT_BY_NAME(SORT_BY_ALIGNMENT(._bt_l2cap_fixed_chan.static.*)))
                0x00008698                _bt_l2cap_fixed_chan_list_end = .

bt_gatt_service_static_area
                0x00008698        0x0
                0x00008698                _bt_gatt_service_static_list_start = .
 *(SORT_BY_NAME(SORT_BY_ALIGNMENT(._bt_gatt_service_static.static.*)))
                0x00008698                _bt_gatt_service_static_list_end = .

k_p4wq_initparam_area
                0x00008698        0x0
                0x00008698                _k_p4wq_initparam_list_start = .
 *(SORT_BY_NAME(SORT_BY_ALIGNMENT(._k_p4wq_initparam.static.*)))
                0x00008698                _k_p4wq_initparam_list_end = .

log_strings_sections
                0x00008698        0x0
                0x00008698                __log_strings_start = .
 *(SORT_BY_NAME(SORT_BY_ALIGNMENT(.log_strings*)))
                0x00008698                __log_strings_end = .

log_const_sections
                0x00008698        0x0
                0x00008698                __log_const_start = .
 *(SORT_BY_NAME(SORT_BY_ALIGNMENT(.log_const_*)))
                0x00008698                __log_const_end = .

log_backends_sections
                0x00008698        0x0
                0x00008698                __log_backends_start = .
 *(SORT_BY_ALIGNMENT(._log_backend.*))
                0x00008698                __log_backends_end = .

shell_area      0x00008698        0x0
                0x00008698                _shell_list_start = .
 *(SORT_BY_NAME(SORT_BY_ALIGNMENT(._shell.static.*)))
                0x00008698                _shell_list_end = .

shell_root_cmds_sections
                0x00008698        0x0
                0x00008698                __shell_root_cmds_start = .
 *(SORT_BY_NAME(SORT_BY_ALIGNMENT(.shell_root_cmd_*)))
                0x00008698                __shell_root_cmds_end = .

font_entry_sections
                0x00008698        0x0
                0x00008698                __font_entry_start = .
 *(SORT_BY_NAME(SORT_BY_ALIGNMENT(._cfb_font.*)))
                0x00008698                __font_entry_end = .

tracing_backend_area
                0x00008698        0x0
                0x00008698                _tracing_backend_list_start = .
 *(SORT_BY_NAME(SORT_BY_ALIGNMENT(._tracing_backend.static.*)))
                0x00008698                _tracing_backend_list_end = .

zephyr_dbg_info
 *(SORT_BY_ALIGNMENT(.dbg_thread_info))

device_handles  0x00008698       0x2a
                0x00008698                __device_handles_start = .
 *(SORT_BY_NAME(SORT_BY_ALIGNMENT(.__device_handles_pass2*)))
 .__device_handles_pass2
                0x00008698       0x2a zephyr/CMakeFiles/zephyr_final.dir/dev_handles.c.obj
                0x00008698                __devicehdl_DT_N_S_soc_S_pwm_4001c000
                0x0000869e                __devicehdl_DT_N_S_soc_S_adc_40007000
                0x000086a4                __devicehdl_DT_N_S_soc_S_uart_40002000
                0x000086aa                __devicehdl_DT_N_S_soc_S_uart_40028000
                0x000086b0                __devicehdl_DT_N_S_soc_S_gpio_50000300
                0x000086b6                __devicehdl_DT_N_S_soc_S_gpio_50000000
                0x000086bc                __devicehdl_DT_N_S_soc_S_clock_40000000
                0x000086c2                __device_handles_end = .

rodata          0x000086d0      0x728
 *(SORT_BY_ALIGNMENT(.rodata))
 *(SORT_BY_ALIGNMENT(.rodata.*))
 .rodata.delay_machine_code.12400
                0x000086d0        0x6 zephyr/soc/arm/nordic_nrf/nrf52/libsoc__arm__nordic_nrf__nrf52.a(soc.c.obj)
 *fill*         0x000086d6        0x2 
 .rodata.uart_cfg
                0x000086d8        0x8 app/libapp.a(device_drivers.c.obj)
                0x000086d8                uart_cfg
 .rodata.apis   0x000086e0        0x8 zephyr/libzephyr.a(nrf_cc3xx_platform_abort_zephyr.c.obj)
 .rodata.mutex_apis
                0x000086e8       0x10 zephyr/libzephyr.a(nrf_cc3xx_platform_mutex_zephyr.c.obj)
 .rodata.mutexes
                0x000086f8       0x14 zephyr/libzephyr.a(nrf_cc3xx_platform_mutex_zephyr.c.obj)
 .rodata.static_regions
                0x0000870c        0xc zephyr/arch/arch/arm/core/aarch32/mpu/libarch__arm__core__aarch32__mpu.a(arm_core_mpu.c.obj)
 .rodata.mpu_config
                0x00008718        0x8 zephyr/soc/arm/common/cortex_m/libsoc__arm__common__cortex_m.a(arm_mpu_regions.c.obj)
                0x00008718                mpu_config
 .rodata.mpu_regions
                0x00008720       0x18 zephyr/soc/arm/common/cortex_m/libsoc__arm__common__cortex_m.a(arm_mpu_regions.c.obj)
 .rodata.adc_nrfx_driver_api
                0x00008738       0x10 zephyr/drivers/adc/libdrivers__adc.a(adc_nrfx_saadc.c.obj)
 .rodata.clock_control_api
                0x00008748       0x18 zephyr/drivers/clock_control/libdrivers__clock_control.a(clock_control_nrf.c.obj)
 .rodata.config
                0x00008760       0x10 zephyr/drivers/clock_control/libdrivers__clock_control.a(clock_control_nrf.c.obj)
 .rodata.transitions.11158
                0x00008770        0xc zephyr/drivers/clock_control/libdrivers__clock_control.a(clock_control_nrf.c.obj)
 .rodata.gpio_nrfx_drv_api_funcs
                0x0000877c       0x24 zephyr/drivers/gpio/libdrivers__gpio.a(gpio_nrfx.c.obj)
 .rodata.gpio_nrfx_p0_cfg
                0x000087a0       0x10 zephyr/drivers/gpio/libdrivers__gpio.a(gpio_nrfx.c.obj)
 .rodata.gpio_nrfx_p1_cfg
                0x000087b0       0x10 zephyr/drivers/gpio/libdrivers__gpio.a(gpio_nrfx.c.obj)
 .rodata.pwm_nrfx_0config
                0x000087c0       0x28 zephyr/drivers/pwm/libdrivers__pwm.a(pwm_nrfx.c.obj)
 .rodata.pwm_nrfx_drv_api_funcs
                0x000087e8        0x8 zephyr/drivers/pwm/libdrivers__pwm.a(pwm_nrfx.c.obj)
 .rodata.uart_nrfx_uarte_driver_api
                0x000087f0       0x2c zephyr/drivers/serial/libdrivers__serial.a(uart_nrfx_uarte.c.obj)
 .rodata.uarte_0z_config
                0x0000881c       0x28 zephyr/drivers/serial/libdrivers__serial.a(uart_nrfx_uarte.c.obj)
 .rodata.uarte_1z_config
                0x00008844       0x28 zephyr/drivers/serial/libdrivers__serial.a(uart_nrfx_uarte.c.obj)
 .rodata.levels.9423
                0x0000886c       0x14 zephyr/kernel/libkernel.a(device.c.obj)
 .rodata._k_neg_eagain
                0x00008880        0x4 zephyr/kernel/libkernel.a(errno.c.obj)
                0x00008880                _k_neg_eagain
 .rodata.CSWTCH.8
                0x00008884       0x1c C:/Users/Diogo/ncs/v1.9.1/nrfxlib/crypto/nrf_cc310_platform/lib/cortex-m4/soft-float/no-interrupts/libnrf_cc310_platform_0.9.13.a(nrf_cc3xx_platform.c.obj)
 .rodata.mutex_free.str1.4
                0x000088a0       0x26 C:/Users/Diogo/ncs/v1.9.1/nrfxlib/crypto/nrf_cc310_platform/lib/cortex-m4/soft-float/no-interrupts/libnrf_cc310_platform_0.9.13.a(nrf_cc3xx_platform_mutex.c.obj)
 *fill*         0x000088c6        0x2 
 .rodata.mutex_init.str1.4
                0x000088c8       0x23 C:/Users/Diogo/ncs/v1.9.1/nrfxlib/crypto/nrf_cc310_platform/lib/cortex-m4/soft-float/no-interrupts/libnrf_cc310_platform_0.9.13.a(nrf_cc3xx_platform_mutex.c.obj)
 *fill*         0x000088eb        0x1 
 .rodata.CC_PalPowerSaveModeInit.str1.4
                0x000088ec       0x20 C:/Users/Diogo/ncs/v1.9.1/nrfxlib/crypto/nrf_cc310_platform/lib/cortex-m4/soft-float/no-interrupts/libnrf_cc310_platform_0.9.13.a(cc_pal_pm.c.obj)
 .rodata.my_channel_cfg
                0x0000890c        0x8 app/libapp.a(device_drivers.c.obj)
 .rodata.pressed_board_1.str1.1
                0x00008914       0x12 app/libapp.a(device_drivers.c.obj)
 .rodata.pressed_board_2.str1.1
                0x00008926       0x12 app/libapp.a(device_drivers.c.obj)
 .rodata.pressed_board_3.str1.1
                0x00008938       0x12 app/libapp.a(device_drivers.c.obj)
 .rodata.pressed_board_4.str1.1
                0x0000894a       0x12 app/libapp.a(device_drivers.c.obj)
 .rodata.uart_cb.str1.1
                0x0000895c       0x3f app/libapp.a(device_drivers.c.obj)
 .rodata.adc_sample.str1.1
                0x0000899b       0x4f app/libapp.a(device_drivers.c.obj)
 .rodata.init_adc.str1.1
                0x000089ea       0x56 app/libapp.a(device_drivers.c.obj)
 .rodata.init_pwm.str1.1
                0x00008a40       0x41 app/libapp.a(device_drivers.c.obj)
 .rodata.pwm_duty_cycle.str1.1
                0x00008a81       0x27 app/libapp.a(device_drivers.c.obj)
 .rodata.init_uart.str1.1
                0x00008aa8       0x8e app/libapp.a(device_drivers.c.obj)
 .rodata.init_drivers.str1.1
                0x00008b36        0x7 app/libapp.a(device_drivers.c.obj)
 .rodata.print_menu.str1.1
                0x00008b3d       0xe4 app/libapp.a(lights_automation.c.obj)
 .rodata.handle_option.str1.1
                0x00008c21       0xc5 app/libapp.a(lights_automation.c.obj)
 .rodata.cbvprintf.str1.1
                0x00008ce6        0x6 zephyr/libzephyr.a(cbprintf_complete.c.obj)
 .rodata.sys_reboot.str1.1
                0x00008cec       0x29 zephyr/libzephyr.a(reboot.c.obj)
 .rodata.mutex_free_platform.str1.1
                0x00008d15       0x26 zephyr/libzephyr.a(nrf_cc3xx_platform_mutex_zephyr.c.obj)
 .rodata.mutex_init_platform.str1.1
                0x00008d3b       0x2d zephyr/libzephyr.a(nrf_cc3xx_platform_mutex_zephyr.c.obj)
 .rodata.str1.1
                0x00008d68        0xf zephyr/soc/arm/common/cortex_m/libsoc__arm__common__cortex_m.a(arm_mpu_regions.c.obj)
 .rodata.CSWTCH.9
                0x00008d77        0x6 zephyr/soc/arm/nordic_nrf/nrf52/libsoc__arm__nordic_nrf__nrf52.a(soc.c.obj)
 .rodata.str1.1
                0x00008d7d        0x6 zephyr/drivers/adc/libdrivers__adc.a(adc_nrfx_saadc.c.obj)
 .rodata.str1.1
                0x00008d7d        0x6 zephyr/drivers/clock_control/libdrivers__clock_control.a(clock_control_nrf.c.obj)
 .rodata.str1.1
                0x00008d83        0x7 zephyr/drivers/gpio/libdrivers__gpio.a(gpio_nrfx.c.obj)
                                  0xe (size before relaxing)
 .rodata.str1.1
                0x00008d8a        0x6 zephyr/drivers/pwm/libdrivers__pwm.a(pwm_nrfx.c.obj)
 .rodata.str1.1
                0x00008d8a        0x7 zephyr/drivers/serial/libdrivers__serial.a(uart_nrfx_uarte.c.obj)
                                  0xe (size before relaxing)
 .rodata.CSWTCH.14
                0x00008d91        0x6 modules/hal_nordic/nrfx/libmodules__hal_nordic__nrfx.a(system_nrf52840.c.obj)
 .rodata.CSWTCH.5
                0x00008d97        0x6 modules/hal_nordic/nrfx/libmodules__hal_nordic__nrfx.a(system_nrf52840.c.obj)
 .rodata._DoInit.str1.1
                0x00008d9d       0x14 modules/segger/libmodules__segger.a(SEGGER_RTT.c.obj)
 .rodata.z_cstart.str1.1
                0x00008db1        0x5 zephyr/kernel/libkernel.a(init.c.obj)
 .rodata.boot_banner.str1.1
                0x00008db6       0x36 zephyr/kernel/libkernel.a(banner.c.obj)
                                 0x37 (size before relaxing)
 .rodata.k_sys_work_q_init.str1.1
                0x00008dec        0x9 zephyr/kernel/libkernel.a(system_work_q.c.obj)
 *(SORT_BY_ALIGNMENT(.gnu.linkonce.r.*))
                0x00008df8                . = ALIGN (0x4)
 *fill*         0x00008df5        0x3 
                0x00008df8                __rodata_region_end = .
                0x00008e00                . = ALIGN (_region_min_align)
                0x00010000                . = ALIGN ((0x1 << ((__rodata_region_end - __rom_region_start) <= 0x4)?0x2:((__rodata_region_end - __rom_region_start) <= 0x8)?0x3:((__rodata_region_end - __rom_region_start) <= 0x10)?0x4:((__rodata_region_end - __rom_region_start) <= 0x20)?0x5:((__rodata_region_end - __rom_region_start) <= 0x40)?0x6:((__rodata_region_end - __rom_region_start) <= 0x80)?0x7:((__rodata_region_end - __rom_region_start) <= 0x100)?0x8:((__rodata_region_end - __rom_region_start) <= 0x200)?0x9:((__rodata_region_end - __rom_region_start) <= 0x400)?0xa:((__rodata_region_end - __rom_region_start) <= 0x800)?0xb:((__rodata_region_end - __rom_region_start) <= 0x1000)?0xc:((__rodata_region_end - __rom_region_start) <= 0x2000)?0xd:((__rodata_region_end - __rom_region_start) <= 0x4000)?0xe:((__rodata_region_end - __rom_region_start) <= 0x8000)?0xf:((__rodata_region_end - __rom_region_start) <= 0x10000)?0x10:((__rodata_region_end - __rom_region_start) <= 0x20000)?0x11:((__rodata_region_end - __rom_region_start) <= 0x40000)?0x12:((__rodata_region_end - __rom_region_start) <= 0x80000)?0x13:((__rodata_region_end - __rom_region_start) <= 0x100000)?0x14:((__rodata_region_end - __rom_region_start) <= 0x200000)?0x15:((__rodata_region_end - __rom_region_start) <= 0x400000)?0x16:((__rodata_region_end - __rom_region_start) <= 0x800000)?0x17:((__rodata_region_end - __rom_region_start) <= 0x1000000)?0x18:((__rodata_region_end - __rom_region_start) <= 0x2000000)?0x19:((__rodata_region_end - __rom_region_start) <= 0x4000000)?0x1a:((__rodata_region_end - __rom_region_start) <= 0x8000000)?0x1b:((__rodata_region_end - __rom_region_start) <= 0x10000000)?0x1c:((__rodata_region_end - __rom_region_start) <= 0x20000000)?0x1d:((__rodata_region_end - __rom_region_start) <= 0x40000000)?0x1e:((__rodata_region_end - __rom_region_start) <= 0x80000000)?0x1f:0x20))
                0x00010000                __rom_region_end = .
                0x20000000                . = 0x20000000
                0x20000000                . = ALIGN (_region_min_align)
                0x20000000                _image_ram_start = .

.ramfunc        0x20000000        0x0 load address 0x00008df8
                0x20000000                . = ALIGN (_region_min_align)
                0x20000000                . = ALIGN ((0x1 << (__ramfunc_size <= 0x4)?0x2:(__ramfunc_size <= 0x8)?0x3:(__ramfunc_size <= 0x10)?0x4:(__ramfunc_size <= 0x20)?0x5:(__ramfunc_size <= 0x40)?0x6:(__ramfunc_size <= 0x80)?0x7:(__ramfunc_size <= 0x100)?0x8:(__ramfunc_size <= 0x200)?0x9:(__ramfunc_size <= 0x400)?0xa:(__ramfunc_size <= 0x800)?0xb:(__ramfunc_size <= 0x1000)?0xc:(__ramfunc_size <= 0x2000)?0xd:(__ramfunc_size <= 0x4000)?0xe:(__ramfunc_size <= 0x8000)?0xf:(__ramfunc_size <= 0x10000)?0x10:(__ramfunc_size <= 0x20000)?0x11:(__ramfunc_size <= 0x40000)?0x12:(__ramfunc_size <= 0x80000)?0x13:(__ramfunc_size <= 0x100000)?0x14:(__ramfunc_size <= 0x200000)?0x15:(__ramfunc_size <= 0x400000)?0x16:(__ramfunc_size <= 0x800000)?0x17:(__ramfunc_size <= 0x1000000)?0x18:(__ramfunc_size <= 0x2000000)?0x19:(__ramfunc_size <= 0x4000000)?0x1a:(__ramfunc_size <= 0x8000000)?0x1b:(__ramfunc_size <= 0x10000000)?0x1c:(__ramfunc_size <= 0x20000000)?0x1d:(__ramfunc_size <= 0x40000000)?0x1e:(__ramfunc_size <= 0x80000000)?0x1f:0x20))
                0x20000000                __ramfunc_start = .
 *(SORT_BY_ALIGNMENT(.ramfunc))
 *(SORT_BY_ALIGNMENT(.ramfunc.*))
                0x20000000                . = ALIGN (_region_min_align)
                0x20000000                . = ALIGN ((0x1 << (__ramfunc_size <= 0x4)?0x2:(__ramfunc_size <= 0x8)?0x3:(__ramfunc_size <= 0x10)?0x4:(__ramfunc_size <= 0x20)?0x5:(__ramfunc_size <= 0x40)?0x6:(__ramfunc_size <= 0x80)?0x7:(__ramfunc_size <= 0x100)?0x8:(__ramfunc_size <= 0x200)?0x9:(__ramfunc_size <= 0x400)?0xa:(__ramfunc_size <= 0x800)?0xb:(__ramfunc_size <= 0x1000)?0xc:(__ramfunc_size <= 0x2000)?0xd:(__ramfunc_size <= 0x4000)?0xe:(__ramfunc_size <= 0x8000)?0xf:(__ramfunc_size <= 0x10000)?0x10:(__ramfunc_size <= 0x20000)?0x11:(__ramfunc_size <= 0x40000)?0x12:(__ramfunc_size <= 0x80000)?0x13:(__ramfunc_size <= 0x100000)?0x14:(__ramfunc_size <= 0x200000)?0x15:(__ramfunc_size <= 0x400000)?0x16:(__ramfunc_size <= 0x800000)?0x17:(__ramfunc_size <= 0x1000000)?0x18:(__ramfunc_size <= 0x2000000)?0x19:(__ramfunc_size <= 0x4000000)?0x1a:(__ramfunc_size <= 0x8000000)?0x1b:(__ramfunc_size <= 0x10000000)?0x1c:(__ramfunc_size <= 0x20000000)?0x1d:(__ramfunc_size <= 0x40000000)?0x1e:(__ramfunc_size <= 0x80000000)?0x1f:0x20))
                0x20000000                __ramfunc_end = .
                0x00000000                __ramfunc_size = (__ramfunc_end - __ramfunc_start)
                0x00008df8                __ramfunc_load_start = LOADADDR (.ramfunc)

datas           0x20000000      0x208 load address 0x00008df8
                0x20000000                __data_region_start = .
                0x20000000                __data_start = .
 *(SORT_BY_ALIGNMENT(.data))
 *(SORT_BY_ALIGNMENT(.data.*))
 .data.m_data   0x20000000       0xb0 zephyr/drivers/adc/libdrivers__adc.a(adc_nrfx_saadc.c.obj)
 .data.manual_pwm_vals
                0x200000b0       0x14 app/libapp.a(lights_automation.c.obj)
                0x200000b0                manual_pwm_vals
 .data._char_out
                0x200000c4        0x4 zephyr/libzephyr.a(printk.c.obj)
                0x200000c4                _char_out
 .data.asym_mutex
                0x200000c8        0x8 zephyr/libzephyr.a(nrf_cc3xx_platform_mutex_zephyr.c.obj)
 .data.power_mutex
                0x200000d0        0x8 zephyr/libzephyr.a(nrf_cc3xx_platform_mutex_zephyr.c.obj)
 .data.rng_mutex
                0x200000d8        0x8 zephyr/libzephyr.a(nrf_cc3xx_platform_mutex_zephyr.c.obj)
 .data.sym_mutex
                0x200000e0        0x8 zephyr/libzephyr.a(nrf_cc3xx_platform_mutex_zephyr.c.obj)
 .data._stdout_hook
                0x200000e8        0x4 zephyr/lib/libc/minimal/liblib__libc__minimal.a(stdout_console.c.obj)
 .data.uarte_0_data
                0x200000ec       0x18 zephyr/drivers/serial/libdrivers__serial.a(uart_nrfx_uarte.c.obj)
 .data.uarte_1_data
                0x20000104       0x18 zephyr/drivers/serial/libdrivers__serial.a(uart_nrfx_uarte.c.obj)
 .data.SystemCoreClock
                0x2000011c        0x4 modules/hal_nordic/nrfx/libmodules__hal_nordic__nrfx.a(system_nrf52840.c.obj)
                0x2000011c                SystemCoreClock
 .data.m_cb     0x20000120       0x7c modules/hal_nordic/nrfx/libmodules__hal_nordic__nrfx.a(nrfx_gpiote.c.obj)
 .data.m_channels_allocated
                0x2000019c        0x4 modules/hal_nordic/nrfx/libmodules__hal_nordic__nrfx.a(nrfx_ppi.c.obj)
 .data.timeout_list
                0x200001a0        0x8 zephyr/kernel/libkernel.a(timeout.c.obj)
 .data.platform_abort_apis
                0x200001a8        0x8 C:/Users/Diogo/ncs/v1.9.1/nrfxlib/crypto/nrf_cc310_platform/lib/cortex-m4/soft-float/no-interrupts/libnrf_cc310_platform_0.9.13.a(nrf_cc3xx_platform_abort.c.obj)
                0x200001a8                platform_abort_apis
 .data.asym_mutex
                0x200001b0        0x8 C:/Users/Diogo/ncs/v1.9.1/nrfxlib/crypto/nrf_cc310_platform/lib/cortex-m4/soft-float/no-interrupts/libnrf_cc310_platform_0.9.13.a(nrf_cc3xx_platform_mutex.c.obj)
 .data.platform_mutex_apis
                0x200001b8       0x10 C:/Users/Diogo/ncs/v1.9.1/nrfxlib/crypto/nrf_cc310_platform/lib/cortex-m4/soft-float/no-interrupts/libnrf_cc310_platform_0.9.13.a(nrf_cc3xx_platform_mutex.c.obj)
                0x200001b8                platform_mutex_apis
 .data.platform_mutexes
                0x200001c8       0x14 C:/Users/Diogo/ncs/v1.9.1/nrfxlib/crypto/nrf_cc310_platform/lib/cortex-m4/soft-float/no-interrupts/libnrf_cc310_platform_0.9.13.a(nrf_cc3xx_platform_mutex.c.obj)
                0x200001c8                platform_mutexes
 .data.power_mutex
                0x200001dc        0x8 C:/Users/Diogo/ncs/v1.9.1/nrfxlib/crypto/nrf_cc310_platform/lib/cortex-m4/soft-float/no-interrupts/libnrf_cc310_platform_0.9.13.a(nrf_cc3xx_platform_mutex.c.obj)
 .data.rng_mutex
                0x200001e4        0x8 C:/Users/Diogo/ncs/v1.9.1/nrfxlib/crypto/nrf_cc310_platform/lib/cortex-m4/soft-float/no-interrupts/libnrf_cc310_platform_0.9.13.a(nrf_cc3xx_platform_mutex.c.obj)
 .data.sym_mutex
                0x200001ec        0x8 C:/Users/Diogo/ncs/v1.9.1/nrfxlib/crypto/nrf_cc310_platform/lib/cortex-m4/soft-float/no-interrupts/libnrf_cc310_platform_0.9.13.a(nrf_cc3xx_platform_mutex.c.obj)
 .data.CCAsymCryptoMutex
                0x200001f4        0x4 C:/Users/Diogo/ncs/v1.9.1/nrfxlib/crypto/nrf_cc310_platform/lib/cortex-m4/soft-float/no-interrupts/libnrf_cc310_platform_0.9.13.a(cc_pal.c.obj)
                0x200001f4                CCAsymCryptoMutex
 .data.CCPowerMutex
                0x200001f8        0x4 C:/Users/Diogo/ncs/v1.9.1/nrfxlib/crypto/nrf_cc310_platform/lib/cortex-m4/soft-float/no-interrupts/libnrf_cc310_platform_0.9.13.a(cc_pal.c.obj)
                0x200001f8                CCPowerMutex
 .data.CCRndCryptoMutex
                0x200001fc        0x4 C:/Users/Diogo/ncs/v1.9.1/nrfxlib/crypto/nrf_cc310_platform/lib/cortex-m4/soft-float/no-interrupts/libnrf_cc310_platform_0.9.13.a(cc_pal.c.obj)
                0x200001fc                CCRndCryptoMutex
 .data.CCSymCryptoMutex
                0x20000200        0x4 C:/Users/Diogo/ncs/v1.9.1/nrfxlib/crypto/nrf_cc310_platform/lib/cortex-m4/soft-float/no-interrupts/libnrf_cc310_platform_0.9.13.a(cc_pal.c.obj)
                0x20000200                CCSymCryptoMutex
 .data.pCCRndCryptoMutex
                0x20000204        0x4 C:/Users/Diogo/ncs/v1.9.1/nrfxlib/crypto/nrf_cc310_platform/lib/cortex-m4/soft-float/no-interrupts/libnrf_cc310_platform_0.9.13.a(cc_pal.c.obj)
                0x20000204                pCCRndCryptoMutex
 *(SORT_BY_ALIGNMENT(.kernel.*))
                0x20000208                __data_end = .
                0x00000208                __data_size = (__data_end - __data_start)
                0x00008df8                __data_load_start = LOADADDR (datas)
                0x00008df8                __data_region_load_start = LOADADDR (datas)

device_states   0x20000208       0x1c load address 0x00009000
                0x20000208                __device_states_start = .
 *(SORT_BY_ALIGNMENT(.z_devstate))
 .z_devstate    0x20000208        0x4 zephyr/drivers/adc/libdrivers__adc.a(adc_nrfx_saadc.c.obj)
 .z_devstate    0x2000020c        0x4 zephyr/drivers/clock_control/libdrivers__clock_control.a(clock_control_nrf.c.obj)