Archive member included to satisfy reference by file (symbol)

app/libapp.a(main.c.obj)      (--whole-archive)
zephyr/libzephyr.a(cbprintf.c.obj)
                              (--whole-archive)
zephyr/libzephyr.a(cbprintf_packaged.c.obj)
                              (--whole-archive)
zephyr/libzephyr.a(crc32c_sw.c.obj)
                              (--whole-archive)
zephyr/libzephyr.a(crc32_sw.c.obj)
                              (--whole-archive)
zephyr/libzephyr.a(crc16_sw.c.obj)
                              (--whole-archive)
zephyr/libzephyr.a(crc8_sw.c.obj)
                              (--whole-archive)
zephyr/libzephyr.a(crc7_sw.c.obj)
                              (--whole-archive)
zephyr/libzephyr.a(dec.c.obj)
                              (--whole-archive)
zephyr/libzephyr.a(fdtable.c.obj)
                              (--whole-archive)
zephyr/libzephyr.a(hex.c.obj)
                              (--whole-archive)
zephyr/libzephyr.a(notify.c.obj)
                              (--whole-archive)
zephyr/libzephyr.a(printk.c.obj)
                              (--whole-archive)
zephyr/libzephyr.a(onoff.c.obj)
                              (--whole-archive)
zephyr/libzephyr.a(rb.c.obj)  (--whole-archive)
zephyr/libzephyr.a(sem.c.obj)
                              (--whole-archive)
zephyr/libzephyr.a(thread_entry.c.obj)
                              (--whole-archive)
zephyr/libzephyr.a(timeutil.c.obj)
                              (--whole-archive)
zephyr/libzephyr.a(heap.c.obj)
                              (--whole-archive)
zephyr/libzephyr.a(heap-validate.c.obj)
                              (--whole-archive)
zephyr/libzephyr.a(bitarray.c.obj)
                              (--whole-archive)
zephyr/libzephyr.a(multi_heap.c.obj)
                              (--whole-archive)
zephyr/libzephyr.a(cbprintf_complete.c.obj)
                              (--whole-archive)
zephyr/libzephyr.a(assert.c.obj)
                              (--whole-archive)
zephyr/libzephyr.a(reboot.c.obj)
                              (--whole-archive)
zephyr/libzephyr.a(configs.c.obj)
                              (--whole-archive)
zephyr/libzephyr.a(soc_nrf_common.S.obj)
                              (--whole-archive)
zephyr/libzephyr.a(validate_base_addresses.c.obj)
                              (--whole-archive)
zephyr/libzephyr.a(validate_enabled_instances.c.obj)
                              (--whole-archive)
zephyr/libzephyr.a(thread_info.c.obj)
                              (--whole-archive)
zephyr/libzephyr.a(pm.c.obj)  (--whole-archive)
zephyr/libzephyr.a(constraint.c.obj)
                              (--whole-archive)
zephyr/libzephyr.a(residency.c.obj)
                              (--whole-archive)
zephyr/libzephyr.a(tracing_none.c.obj)
                              (--whole-archive)
zephyr/libzephyr.a(nrf_cc3xx_platform_abort_zephyr.c.obj)
                              (--whole-archive)
zephyr/libzephyr.a(nrf_cc3xx_platform_mutex_zephyr.c.obj)
                              (--whole-archive)
zephyr/arch/common/libarch__common.a(sw_isr_common.c.obj)
                              (--whole-archive)
zephyr/arch/arch/arm/core/aarch32/libarch__arm__core__aarch32.a(cpu_idle.S.obj)
                              (--whole-archive)
zephyr/arch/arch/arm/core/aarch32/libarch__arm__core__aarch32.a(fatal.c.obj)
                              (--whole-archive)
zephyr/arch/arch/arm/core/aarch32/libarch__arm__core__aarch32.a(irq_manage.c.obj)
                              (--whole-archive)
zephyr/arch/arch/arm/core/aarch32/libarch__arm__core__aarch32.a(nmi.c.obj)
                              (--whole-archive)
zephyr/arch/arch/arm/core/aarch32/libarch__arm__core__aarch32.a(nmi_on_reset.S.obj)
                              (--whole-archive)
zephyr/arch/arch/arm/core/aarch32/libarch__arm__core__aarch32.a(prep_c.c.obj)
                              (--whole-archive)
zephyr/arch/arch/arm/core/aarch32/libarch__arm__core__aarch32.a(swap.c.obj)
                              (--whole-archive)
zephyr/arch/arch/arm/core/aarch32/libarch__arm__core__aarch32.a(swap_helper.S.obj)
                              (--whole-archive)
zephyr/arch/arch/arm/core/aarch32/libarch__arm__core__aarch32.a(thread.c.obj)
                              (--whole-archive)
zephyr/arch/arch/arm/core/aarch32/libarch__arm__core__aarch32.a(isr_wrapper.S.obj)
                              (--whole-archive)
zephyr/arch/arch/arm/core/aarch32/cortex_m/libarch__arm__core__aarch32__cortex_m.a(exc_exit.S.obj)
                              (--whole-archive)
zephyr/arch/arch/arm/core/aarch32/cortex_m/libarch__arm__core__aarch32__cortex_m.a(fault.c.obj)
                              (--whole-archive)
zephyr/arch/arch/arm/core/aarch32/cortex_m/libarch__arm__core__aarch32__cortex_m.a(fault_s.S.obj)
                              (--whole-archive)
zephyr/arch/arch/arm/core/aarch32/cortex_m/libarch__arm__core__aarch32__cortex_m.a(fpu.c.obj)
                              (--whole-archive)
[...]
Memory Configuration

Name             Origin             Length             Attributes
FLASH            0x00000000         0x00100000         xr
SRAM             0x20000000         0x00040000         xw
IDT_LIST         0xfffff7ff         0x00000800         xw
*default*        0x00000000         0xffffffff

Linker script and memory map

LOAD zephyr/CMakeFiles/zephyr_pre1.dir/misc/empty_file.c.obj
LOAD zephyr/CMakeFiles/zephyr_pre1.dir/dev_handles.c.obj
                0x00000020                _region_min_align = 0x20

.rel.plt        0x00000000        0x0
 *(SORT_BY_ALIGNMENT(.rel.plt))
                [!provide]                PROVIDE (__rel_iplt_start = .)
 *(SORT_BY_ALIGNMENT(.rel.iplt))
 .rel.iplt      0x00000000        0x0 zephyr/CMakeFiles/zephyr_pre1.dir/dev_handles.c.obj
                [!provide]                PROVIDE (__rel_iplt_end = .)

.rela.plt       0x00000000        0x0
 *(SORT_BY_ALIGNMENT(.rela.plt))
                [!provide]                PROVIDE (__rela_iplt_start = .)
 *(SORT_BY_ALIGNMENT(.rela.iplt))
                [!provide]                PROVIDE (__rela_iplt_end = .)

.rel.dyn
 *(SORT_BY_ALIGNMENT(.rel.*))

.rela.dyn
 *(SORT_BY_ALIGNMENT(.rela.*))

/DISCARD/
 *(SORT_BY_ALIGNMENT(.plt))
 *(SORT_BY_ALIGNMENT(.iplt))
 *(SORT_BY_ALIGNMENT(.got.plt))
 *(SORT_BY_ALIGNMENT(.igot.plt))
 *(SORT_BY_ALIGNMENT(.got))
 *(SORT_BY_ALIGNMENT(.igot))
 *(SORT_BY_ALIGNMENT(.note.GNU-stack))
                0x00000000                __rom_region_start = 0x0

rom_start       0x00000000      0x100
                0x00000000                . = 0x0
                0x00000000                . = ALIGN (0x4)
                0x00000000                . = ALIGN (0x80)
                0x00000000                . = ALIGN (0x100)
                0x00000000                _vector_start = .
 *(SORT_BY_ALIGNMENT(.exc_vector_table))
 *(SORT_BY_ALIGNMENT(.exc_vector_table.*))
 .exc_vector_table._vector_table_section
                0x00000000       0x40 zephyr/arch/arch/arm/core/aarch32/cortex_m/libarch__arm__core__aarch32__cortex_m.a(vector_table.S.obj)
                0x00000000                _vector_table
 *(SORT_BY_ALIGNMENT(.gnu.linkonce.irq_vector_table*))
 .gnu.linkonce.irq_vector_table
                0x00000040       0xc0 zephyr/arch/common/libisr_tables.a(isr_tables.c.obj)
                0x00000040                _irq_vector_table
 *(SORT_BY_ALIGNMENT(.vectors))
                0x00000100                _vector_end = .

text            0x00000100     0xca94
                0x00000100                __text_region_start = .
 *(SORT_BY_ALIGNMENT(.text))
 .text          0x00000100      0x378 c:/users/diogo/ncs/v1.9.1/toolchain/opt/bin/../lib/gcc/arm-none-eabi/9.2.1/thumb/v7e-m/nofp\libgcc.a(_arm_addsubdf3.o)
                0x00000100                __aeabi_drsub
                0x00000108                __aeabi_dsub
                0x00000108                __subdf3
                0x0000010c                __aeabi_dadd
                0x0000010c                __adddf3
                0x00000384                __floatunsidf
                0x00000384                __aeabi_ui2d
                0x000003a4                __floatsidf
                0x000003a4                __aeabi_i2d
                0x000003c8                __aeabi_f2d
                0x000003c8                __extendsfdf2
                0x0000040c                __floatundidf
                0x0000040c                __aeabi_ul2d
                0x0000041c                __floatdidf
                0x0000041c                __aeabi_l2d
 .text          0x00000478      0x424 c:/users/diogo/ncs/v1.9.1/toolchain/opt/bin/../lib/gcc/arm-none-eabi/9.2.1/thumb/v7e-m/nofp\libgcc.a(_arm_muldivdf3.o)
                0x00000478                __aeabi_dmul
                0x00000478                __muldf3
                0x000006cc                __divdf3
                0x000006cc                __aeabi_ddiv
 .text          0x0000089c       0xa0 c:/users/diogo/ncs/v1.9.1/toolchain/opt/bin/../lib/gcc/arm-none-eabi/9.2.1/thumb/v7e-m/nofp\libgcc.a(_arm_truncdfsf2.o)
                0x0000089c                __truncdfsf2
                0x0000089c                __aeabi_d2f
 .text          0x0000093c      0x21c c:/users/diogo/ncs/v1.9.1/toolchain/opt/bin/../lib/gcc/arm-none-eabi/9.2.1/thumb/v7e-m/nofp\libgcc.a(_arm_addsubsf3.o)
                0x0000093c                __aeabi_frsub
                0x00000944                __subsf3
                0x00000944                __aeabi_fsub
                0x00000948                __aeabi_fadd
                0x00000948                __addsf3
                0x00000aa8                __aeabi_ui2f
                0x00000aa8                __floatunsisf
                0x00000ab0                __aeabi_i2f
                0x00000ab0                __floatsisf
                0x00000acc                __aeabi_ul2f
                0x00000acc                __floatundisf
                0x00000adc                __aeabi_l2f
                0x00000adc                __floatdisf
 .text          0x00000b58      0x2a0 c:/users/diogo/ncs/v1.9.1/toolchain/opt/bin/../lib/gcc/arm-none-eabi/9.2.1/thumb/v7e-m/nofp\libgcc.a(_arm_muldivsf3.o)
                0x00000b58                __mulsf3
                0x00000b58                __aeabi_fmul
                0x00000cc0                __aeabi_fdiv
                0x00000cc0                __divsf3
 .text          0x00000df8       0xec c:/users/diogo/ncs/v1.9.1/toolchain/opt/bin/../lib/gcc/arm-none-eabi/9.2.1/thumb/v7e-m/nofp\libgcc.a(_arm_cmpsf2.o)
                0x00000df8                __gesf2
                0x00000df8                __gtsf2
                0x00000e00                __lesf2
                0x00000e00                __ltsf2
                0x00000e08                __nesf2
                0x00000e08                __eqsf2
                0x00000e08                __cmpsf2
                0x00000e68                __aeabi_cfrcmple
                0x00000e70                __aeabi_cfcmpeq
                0x00000e70                __aeabi_cfcmple
                0x00000e80                __aeabi_fcmpeq
                0x00000e94                __aeabi_fcmplt
                0x00000ea8                __aeabi_fcmple
                0x00000ebc                __aeabi_fcmpge
                0x00000ed0                __aeabi_fcmpgt
 .text          0x00000ee4       0x4c c:/users/diogo/ncs/v1.9.1/toolchain/opt/bin/../lib/gcc/arm-none-eabi/9.2.1/thumb/v7e-m/nofp\libgcc.a(_arm_fixsfsi.o)
                0x00000ee4                __aeabi_f2iz
                0x00000ee4                __fixsfsi
 .text          0x00000f30       0x40 c:/users/diogo/ncs/v1.9.1/toolchain/opt/bin/../lib/gcc/arm-none-eabi/9.2.1/thumb/v7e-m/nofp\libgcc.a(_arm_fixunssfsi.o)
                0x00000f30                __fixunssfsi
                0x00000f30                __aeabi_f2uiz
 .text          0x00000f70       0x30 c:/users/diogo/ncs/v1.9.1/toolchain/opt/bin/../lib/gcc/arm-none-eabi/9.2.1/thumb/v7e-m/nofp\libgcc.a(_aeabi_uldivmod.o)
                0x00000f70                __aeabi_uldivmod
 .text          0x00000fa0      0x2c0 c:/users/diogo/ncs/v1.9.1/toolchain/opt/bin/../lib/gcc/arm-none-eabi/9.2.1/thumb/v7e-m/nofp\libgcc.a(_udivmoddi4.o)
                0x00000fa0                __udivmoddi4
 .text          0x00001260        0x4 c:/users/diogo/ncs/v1.9.1/toolchain/opt/bin/../lib/gcc/arm-none-eabi/9.2.1/thumb/v7e-m/nofp\libgcc.a(_dvmd_tls.o)
                0x00001260                __aeabi_idiv0
                0x00001260                __aeabi_ldiv0
 *(SORT_BY_ALIGNMENT(.text.*))
 *fill*         0x00001264        0x4 
 .text.thread_B_code
                0x00001268       0xe8 app/libapp.a(main.c.obj)
                0x00001268                thread_B_code
 .text.adc_sample
                0x00001350       0x58 app/libapp.a(main.c.obj)
 .text.thread_A_code
                0x000013a8      0x128 app/libapp.a(main.c.obj)
                0x000013a8                thread_A_code
 .text.thread_C_code
                0x000014d0      0x14c app/libapp.a(main.c.obj)
                0x000014d0                thread_C_code
 .text.main     0x0000161c      0x104 app/libapp.a(main.c.obj)
                0x0000161c                main
 .text.sys_notify_finalize
                0x00001720       0x64 zephyr/libzephyr.a(notify.c.obj)
                0x00001720                sys_notify_finalize
 .text.char_out
                0x00001784       0x14 zephyr/libzephyr.a(printk.c.obj)
 .text.__printk_hook_install
                0x00001798        0xc zephyr/libzephyr.a(printk.c.obj)
                0x00001798                __printk_hook_install
 .text.vprintk  0x000017a4       0x20 zephyr/libzephyr.a(printk.c.obj)
                0x000017a4                vprintk
 .text.vsnprintk
                0x000017c4       0x2c zephyr/libzephyr.a(printk.c.obj)
                0x000017c4                vsnprintk
 .text.process_complete
                0x000017f0       0xe4 zephyr/libzephyr.a(onoff.c.obj)
 .text.process_event
                0x000018d4      0x3e0 zephyr/libzephyr.a(onoff.c.obj)
 .text.transition_complete
                0x00001cb4       0x6c zephyr/libzephyr.a(onoff.c.obj)
 .text.onoff_request
                0x00001d20      0x17c zephyr/libzephyr.a(onoff.c.obj)
                0x00001d20                onoff_request
 .text.sys_heap_free
                0x00001e9c       0xac zephyr/libzephyr.a(heap.c.obj)
                0x00001e9c                sys_heap_free
 .text.sys_heap_aligned_alloc
                0x00001f48      0x11c zephyr/libzephyr.a(heap.c.obj)
                0x00001f48                sys_heap_aligned_alloc
 .text.sys_heap_init
                0x00002064      0x150 zephyr/libzephyr.a(heap.c.obj)
                0x00002064                sys_heap_init
 .text.cbvprintf
                0x000021b4      0x9d4 zephyr/libzephyr.a(cbprintf_complete.c.obj)
                0x000021b4                cbvprintf
 .text.sys_reboot
                0x00002b88       0x28 zephyr/libzephyr.a(reboot.c.obj)
                0x00002b88                sys_reboot
 .text.pm_system_resume
                0x00002bb0      0x140 zephyr/libzephyr.a(pm.c.obj)
                0x00002bb0                pm_system_resume
 .text.pm_system_suspend
                0x00002cf0      0x1f0 zephyr/libzephyr.a(pm.c.obj)
                0x00002cf0                pm_system_suspend
 .text.nrf_cc3xx_platform_abort_init
                0x00002ee0       0x10 zephyr/libzephyr.a(nrf_cc3xx_platform_abort_zephyr.c.obj)
                0x00002ee0                nrf_cc3xx_platform_abort_init
 .text.mutex_unlock_platform
                0x00002ef0       0x50 zephyr/libzephyr.a(nrf_cc3xx_platform_mutex_zephyr.c.obj)
 .text.mutex_lock_platform
                0x00002f40       0x5c zephyr/libzephyr.a(nrf_cc3xx_platform_mutex_zephyr.c.obj)
 .text.mutex_free_platform
                0x00002f9c       0x4c zephyr/libzephyr.a(nrf_cc3xx_platform_mutex_zephyr.c.obj)
 .text.mutex_init_platform
                0x00002fe8       0x74 zephyr/libzephyr.a(nrf_cc3xx_platform_mutex_zephyr.c.obj)
 .text.nrf_cc3xx_platform_mutex_init
                0x0000305c       0x28 zephyr/libzephyr.a(nrf_cc3xx_platform_mutex_zephyr.c.obj)
                0x0000305c                nrf_cc3xx_platform_mutex_init
 .text.z_arm_cpu_idle_init
                0x00003084        0xc zephyr/arch/arch/arm/core/aarch32/libarch__arm__core__aarch32.a(cpu_idle.S.obj)
                0x00003084                z_arm_cpu_idle_init
 .text.arch_cpu_idle
                0x00003090       0x1c zephyr/arch/arch/arm/core/aarch32/libarch__arm__core__aarch32.a(cpu_idle.S.obj)
                0x00003090                arch_cpu_idle
 .text.arch_cpu_atomic_idle
                0x000030ac       0x14 zephyr/arch/arch/arm/core/aarch32/libarch__arm__core__aarch32.a(cpu_idle.S.obj)
                0x000030ac                arch_cpu_atomic_idle
 .text.arch_irq_enable
                0x000030c0       0x20 zephyr/arch/arch/arm/core/aarch32/libarch__arm__core__aarch32.a(irq_manage.c.obj)
                0x000030c0                arch_irq_enable
 .text.arch_irq_is_enabled
                0x000030e0       0x1c zephyr/arch/arch/arm/core/aarch32/libarch__arm__core__aarch32.a(irq_manage.c.obj)
                0x000030e0                arch_irq_is_enabled
 .text.z_arm_irq_priority_set
                0x000030fc       0x6c zephyr/arch/arch/arm/core/aarch32/libarch__arm__core__aarch32.a(irq_manage.c.obj)
                0x000030fc                z_arm_irq_priority_set
 .text.z_SysNmiOnReset
                0x00003168        0x8 zephyr/arch/arch/arm/core/aarch32/libarch__arm__core__aarch32.a(nmi_on_reset.S.obj)
                0x00003168                z_SysNmiOnReset
 .text.z_arm_prep_c
                0x00003170       0x38 zephyr/arch/arch/arm/core/aarch32/libarch__arm__core__aarch32.a(prep_c.c.obj)
                0x00003170                z_arm_prep_c
 .text.arch_swap
                0x000031a8       0x38 zephyr/arch/arch/arm/core/aarch32/libarch__arm__core__aarch32.a(swap.c.obj)
                0x000031a8                arch_swap
 .text.z_arm_pendsv
                0x000031e0       0x58 zephyr/arch/arch/arm/core/aarch32/libarch__arm__core__aarch32.a(swap_helper.S.obj)
                0x000031e0                z_arm_pendsv
 .text.z_arm_svc
                0x00003238       0x20 zephyr/arch/arch/arm/core/aarch32/libarch__arm__core__aarch32.a(swap_helper.S.obj)
                0x00003238                z_arm_svc
 .text.arch_new_thread
                0x00003258       0x40 zephyr/arch/arch/arm/core/aarch32/libarch__arm__core__aarch32.a(thread.c.obj)
                0x00003258                arch_new_thread
 .text.z_check_thread_stack_fail
                0x00003298       0x60 zephyr/arch/arch/arm/core/aarch32/libarch__arm__core__aarch32.a(thread.c.obj)
                0x00003298                z_check_thread_stack_fail
 .text.arch_switch_to_main_thread
                0x000032f8       0x2c zephyr/arch/arch/arm/core/aarch32/libarch__arm__core__aarch32.a(thread.c.obj)
                0x000032f8                arch_switch_to_main_thread
 .text._isr_wrapper
                0x00003324       0x40 zephyr/arch/arch/arm/core/aarch32/libarch__arm__core__aarch32.a(isr_wrapper.S.obj)
                0x00003324                _isr_wrapper
 .text._HandlerModeExit
                0x00003364       0x1c zephyr/arch/arch/arm/core/aarch32/cortex_m/libarch__arm__core__aarch32__cortex_m.a(exc_exit.S.obj)
                0x00003364                z_arm_int_exit
                0x00003364                z_arm_exc_exit
 .text.bus_fault
                0x00003380       0x54 zephyr/arch/arch/arm/core/aarch32/cortex_m/libarch__arm__core__aarch32__cortex_m.a(fault.c.obj)
 .text.usage_fault
                0x000033d4       0x24 zephyr/arch/arch/arm/core/aarch32/cortex_m/libarch__arm__core__aarch32__cortex_m.a(fault.c.obj)
 .text.mem_manage_fault
                0x000033f8       0xc8 zephyr/arch/arch/arm/core/aarch32/cortex_m/libarch__arm__core__aarch32__cortex_m.a(fault.c.obj)
 .text.hard_fault
                0x000034c0       0xd8 zephyr/arch/arch/arm/core/aarch32/cortex_m/libarch__arm__core__aarch32__cortex_m.a(fault.c.obj)
 .text.z_arm_fault
                0x00003598       0xc8 zephyr/arch/arch/arm/core/aarch32/cortex_m/libarch__arm__core__aarch32__cortex_m.a(fault.c.obj)
                0x00003598                z_arm_fault
 .text.z_arm_fault_init
                0x00003660       0x10 zephyr/arch/arch/arm/core/aarch32/cortex_m/libarch__arm__core__aarch32__cortex_m.a(fault.c.obj)
                0x00003660                z_arm_fault_init
 .text.__fault  0x00003670       0x14 zephyr/arch/arch/arm/core/aarch32/cortex_m/libarch__arm__core__aarch32__cortex_m.a(fault_s.S.obj)
                0x00003670                z_arm_usage_fault
                0x00003670                z_arm_mpu_fault
                0x00003670                z_arm_exc_spurious
                0x00003670                z_arm_debug_monitor
                0x00003670                z_arm_hard_fault
                0x00003670                z_arm_bus_fault
 .text.z_arm_interrupt_init
                0x00003684       0x34 zephyr/arch/arch/arm/core/aarch32/cortex_m/libarch__arm__core__aarch32__cortex_m.a(irq_init.c.obj)
                0x00003684                z_arm_interrupt_init
 .text._reset_section
                0x000036b8       0x54 zephyr/arch/arch/arm/core/aarch32/cortex_m/libarch__arm__core__aarch32__cortex_m.a(reset.S.obj)
                0x000036b8                __start
                0x000036b8                z_arm_reset
 .text.z_arm_clear_arm_mpu_config
                0x0000370c       0x20 zephyr/arch/arch/arm/core/aarch32/cortex_m/libarch__arm__core__aarch32__cortex_m.a(scb.c.obj)
                0x0000370c                z_arm_clear_arm_mpu_config
 .text.z_arm_init_arch_hw_at_boot
                0x0000372c       0x54 zephyr/arch/arch/arm/core/aarch32/cortex_m/libarch__arm__core__aarch32__cortex_m.a(scb.c.obj)
                0x0000372c                z_arm_init_arch_hw_at_boot
 .text.z_impl_k_thread_abort
                0x00003780       0x2c zephyr/arch/arch/arm/core/aarch32/cortex_m/libarch__arm__core__aarch32__cortex_m.a(thread_abort.c.obj)
                0x00003780                z_impl_k_thread_abort
 .text.z_arm_configure_static_mpu_regions
                0x000037ac       0x1c zephyr/arch/arch/arm/core/aarch32/mpu/libarch__arm__core__aarch32__mpu.a(arm_core_mpu.c.obj)
                0x000037ac                z_arm_configure_static_mpu_regions
 .text.z_arm_configure_dynamic_mpu_regions
                0x000037c8       0x24 zephyr/arch/arch/arm/core/aarch32/mpu/libarch__arm__core__aarch32__mpu.a(arm_core_mpu.c.obj)
                0x000037c8                z_arm_configure_dynamic_mpu_regions
 .text.region_init
                0x000037ec       0x20 zephyr/arch/arch/arm/core/aarch32/mpu/libarch__arm__core__aarch32__mpu.a(arm_mpu.c.obj)
 .text.mpu_configure_static_mpu_regions
                0x0000380c       0x14 zephyr/arch/arch/arm/core/aarch32/mpu/libarch__arm__core__aarch32__mpu.a(arm_mpu.c.obj)
 .text.mpu_configure_dynamic_mpu_regions
                0x00003820       0x30 zephyr/arch/arch/arm/core/aarch32/mpu/libarch__arm__core__aarch32__mpu.a(arm_mpu.c.obj)
 .text.arm_core_mpu_enable
                0x00003850       0x14 zephyr/arch/arch/arm/core/aarch32/mpu/libarch__arm__core__aarch32__mpu.a(arm_mpu.c.obj)
                0x00003850                arm_core_mpu_enable
 .text.arm_core_mpu_disable
                0x00003864       0x10 zephyr/arch/arch/arm/core/aarch32/mpu/libarch__arm__core__aarch32__mpu.a(arm_mpu.c.obj)
                0x00003864                arm_core_mpu_disable
 .text.arm_core_mpu_configure_static_mpu_regions
                0x00003874       0x44 zephyr/arch/arch/arm/core/aarch32/mpu/libarch__arm__core__aarch32__mpu.a(arm_mpu.c.obj)
                0x00003874                arm_core_mpu_configure_static_mpu_regions
 .text.arm_core_mpu_configure_dynamic_mpu_regions
                0x000038b8       0x44 zephyr/arch/arch/arm/core/aarch32/mpu/libarch__arm__core__aarch32__mpu.a(arm_mpu.c.obj)
                0x000038b8                arm_core_mpu_configure_dynamic_mpu_regions
 .text.z_arm_mpu_init
                0x000038fc       0xb4 zephyr/arch/arch/arm/core/aarch32/mpu/libarch__arm__core__aarch32__mpu.a(arm_mpu.c.obj)
                0x000038fc                z_arm_mpu_init
 .text.__stdout_hook_install
                0x000039b0        0xc zephyr/lib/libc/minimal/liblib__libc__minimal.a(stdout_console.c.obj)
                0x000039b0                __stdout_hook_install
 .text.nrf52_errata_197
                0x000039bc       0x24 zephyr/soc/arm/nordic_nrf/nrf52/libsoc__arm__nordic_nrf__nrf52.a(soc.c.obj)
 .text.nordicsemi_nrf52_init
                0x000039e0       0x4c zephyr/soc/arm/nordic_nrf/nrf52/libsoc__arm__nordic_nrf__nrf52.a(soc.c.obj)
 .text.sys_arch_reboot
                0x00003a2c       0x2c zephyr/soc/arm/nordic_nrf/nrf52/libsoc__arm__nordic_nrf__nrf52.a(soc.c.obj)
                0x00003a2c                sys_arch_reboot
 .text.arch_busy_wait
                0x00003a58       0x18 zephyr/soc/arm/nordic_nrf/nrf52/libsoc__arm__nordic_nrf__nrf52.a(soc.c.obj)
                0x00003a58                arch_busy_wait
 .text.adc_nrfx_channel_setup
                0x00003a70      0x1ac zephyr/drivers/adc/libdrivers__adc.a(adc_nrfx_saadc.c.obj)
 .text.adc_context_start_sampling
                0x00003c1c       0x28 zephyr/drivers/adc/libdrivers__adc.a(adc_nrfx_saadc.c.obj)
 .text.adc_context_update_buffer_pointer
                0x00003c44       0x1c zephyr/drivers/adc/libdrivers__adc.a(adc_nrfx_saadc.c.obj)
 .text.set_resolution
                0x00003c60       0x38 zephyr/drivers/adc/libdrivers__adc.a(adc_nrfx_saadc.c.obj)
 .text.set_oversampling
                0x00003c98       0x38 zephyr/drivers/adc/libdrivers__adc.a(adc_nrfx_saadc.c.obj)
 .text.start_read
                0x00003cd0      0x174 zephyr/drivers/adc/libdrivers__adc.a(adc_nrfx_saadc.c.obj)
 .text.adc_nrfx_read_async
                0x00003e44       0x48 zephyr/drivers/adc/libdrivers__adc.a(adc_nrfx_saadc.c.obj)
 .text.init_saadc
                0x00003e8c       0x50 zephyr/drivers/adc/libdrivers__adc.a(adc_nrfx_saadc.c.obj)
 .text.saadc_irq_handler
                0x00003edc      0x118 zephyr/drivers/adc/libdrivers__adc.a(adc_nrfx_saadc.c.obj)
 .text.adc_nrfx_read
                0x00003ff4       0x44 zephyr/drivers/adc/libdrivers__adc.a(adc_nrfx_saadc.c.obj)
 .text.get_hf_flags
                0x00004038        0x8 zephyr/drivers/clock_control/libdrivers__clock_control.a(clock_control_nrf.c.obj)
 .text.get_subsys
                0x00004040        0xc zephyr/drivers/clock_control/libdrivers__clock_control.a(clock_control_nrf.c.obj)
 .text.onoff_start
                0x0000404c       0x34 zephyr/drivers/clock_control/libdrivers__clock_control.a(clock_control_nrf.c.obj)
 .text.generic_hfclk_stop
                0x00004080       0x30 zephyr/drivers/clock_control/libdrivers__clock_control.a(clock_control_nrf.c.obj)
 .text.generic_hfclk_start
                0x000040b0       0x68 zephyr/drivers/clock_control/libdrivers__clock_control.a(clock_control_nrf.c.obj)
 .text.get_status
                0x00004118       0x40 zephyr/drivers/clock_control/libdrivers__clock_control.a(clock_control_nrf.c.obj)
 .text.stop     0x00004158       0x60 zephyr/drivers/clock_control/libdrivers__clock_control.a(clock_control_nrf.c.obj)
 .text.onoff_stop
                0x000041b8       0x20 zephyr/drivers/clock_control/libdrivers__clock_control.a(clock_control_nrf.c.obj)
 .text.clock_event_handler
                0x000041d8       0x78 zephyr/drivers/clock_control/libdrivers__clock_control.a(clock_control_nrf.c.obj)
 .text.api_blocking_start
                0x00004250       0x3c zephyr/drivers/clock_control/libdrivers__clock_control.a(clock_control_nrf.c.obj)
 .text.clk_init
                0x0000428c       0x68 zephyr/drivers/clock_control/libdrivers__clock_control.a(clock_control_nrf.c.obj)
 .text.lfclk_spinwait
                0x000042f4       0xe8 zephyr/drivers/clock_control/libdrivers__clock_control.a(clock_control_nrf.c.obj)
 .text.z_nrf_clock_control_lf_on
                0x000043dc       0xa0 zephyr/drivers/clock_control/libdrivers__clock_control.a(clock_control_nrf.c.obj)
                0x000043dc                z_nrf_clock_control_lf_on
 .text.console_out
                0x0000447c       0x2c zephyr/drivers/console/libdrivers__console.a(uart_console.c.obj)
 .text.uart_console_hook_install
                0x000044a8       0x18 zephyr/drivers/console/libdrivers__console.a(uart_console.c.obj)
 .text.uart_console_init
                0x000044c0       0x24 zephyr/drivers/console/libdrivers__console.a(uart_console.c.obj)
 .text.get_drive
                0x000044e4       0x8c zephyr/drivers/gpio/libdrivers__gpio.a(gpio_nrfx.c.obj)
 .text.get_dev  0x00004570       0x1c zephyr/drivers/gpio/libdrivers__gpio.a(gpio_nrfx.c.obj)
 .text.gpio_nrfx_manage_callback
                0x0000458c       0xcc zephyr/drivers/gpio/libdrivers__gpio.a(gpio_nrfx.c.obj)
 .text.nrfx_gpio_handler
                0x00004658       0x88 zephyr/drivers/gpio/libdrivers__gpio.a(gpio_nrfx.c.obj)
 .text.gpio_nrfx_pin_interrupt_configure
                0x000046e0      0x134 zephyr/drivers/gpio/libdrivers__gpio.a(gpio_nrfx.c.obj)
 .text.pin_uninit
                0x00004814       0x48 zephyr/drivers/gpio/libdrivers__gpio.a(gpio_nrfx.c.obj)
 .text.gpio_nrfx_pin_configure
                0x0000485c      0x104 zephyr/drivers/gpio/libdrivers__gpio.a(gpio_nrfx.c.obj)
 .text.gpio_nrfx_init
                0x00004960       0x3c zephyr/drivers/gpio/libdrivers__gpio.a(gpio_nrfx.c.obj)
 .text.pwm_nrfx_get_cycles_per_sec
                0x0000499c       0x10 zephyr/drivers/pwm/libdrivers__pwm.a(pwm_nrfx.c.obj)
 .text.pwm_period_check_and_set
                0x000049ac       0x90 zephyr/drivers/pwm/libdrivers__pwm.a(pwm_nrfx.c.obj)
 .text.pwm_nrfx_init
                0x00004a3c       0x4c zephyr/drivers/pwm/libdrivers__pwm.a(pwm_nrfx.c.obj)
 .text.pwm_nrfx_pin_set
                0x00004a88      0x230 zephyr/drivers/pwm/libdrivers__pwm.a(pwm_nrfx.c.obj)
 .text.baudrate_set
                0x00004cb8      0x150 zephyr/drivers/serial/libdrivers__serial.a(uart_nrfx_uarte.c.obj)
 .text.uarte_nrfx_poll_out
                0x00004e08       0x70 zephyr/drivers/serial/libdrivers__serial.a(uart_nrfx_uarte.c.obj)
 .text.endtx_stoptx_ppi_init
                0x00004e78       0x48 zephyr/drivers/serial/libdrivers__serial.a(uart_nrfx_uarte.c.obj)
 .text.uarte_nrfx_pins_configure
                0x00004ec0      0x5b8 zephyr/drivers/serial/libdrivers__serial.a(uart_nrfx_uarte.c.obj)
 .text.set_comparator
                0x00005478       0x14 zephyr/drivers/timer/libdrivers__timer.a(nrf_rtc_timer.c.obj)
 .text.get_comparator
                0x0000548c       0x10 zephyr/drivers/timer/libdrivers__timer.a(nrf_rtc_timer.c.obj)
 .text.event_enable
                0x0000549c       0x14 zephyr/drivers/timer/libdrivers__timer.a(nrf_rtc_timer.c.obj)
 .text.event_disable
                0x000054b0       0x14 zephyr/drivers/timer/libdrivers__timer.a(nrf_rtc_timer.c.obj)
 .text.counter  0x000054c4        0xc zephyr/drivers/timer/libdrivers__timer.a(nrf_rtc_timer.c.obj)
 .text.compare_int_lock
                0x000054d0       0x50 zephyr/drivers/timer/libdrivers__timer.a(nrf_rtc_timer.c.obj)
 .text.channel_processing_check_and_clear
                0x00005520       0x78 zephyr/drivers/timer/libdrivers__timer.a(nrf_rtc_timer.c.obj)
 .text.compare_int_unlock
                0x00005598       0x60 zephyr/drivers/timer/libdrivers__timer.a(nrf_rtc_timer.c.obj)
 .text.sys_clock_timeout_handler
                0x000055f8       0x74 zephyr/drivers/timer/libdrivers__timer.a(nrf_rtc_timer.c.obj)
 .text.z_nrf_rtc_timer_read
                0x0000566c       0x40 zephyr/drivers/timer/libdrivers__timer.a(nrf_rtc_timer.c.obj)
                0x0000566c                z_nrf_rtc_timer_read
 .text.compare_set_nolocks
                0x000056ac       0xa4 zephyr/drivers/timer/libdrivers__timer.a(nrf_rtc_timer.c.obj)
 .text.sys_clock_driver_init
                0x00005750       0x9c zephyr/drivers/timer/libdrivers__timer.a(nrf_rtc_timer.c.obj)
 .text.process_channel
                0x000057ec       0x74 zephyr/drivers/timer/libdrivers__timer.a(nrf_rtc_timer.c.obj)
 .text.rtc_nrf_isr
                0x00005860       0x44 zephyr/drivers/timer/libdrivers__timer.a(nrf_rtc_timer.c.obj)
                0x00005860                rtc_nrf_isr
 .text.sys_clock_set_timeout
                0x000058a4       0x68 zephyr/drivers/timer/libdrivers__timer.a(nrf_rtc_timer.c.obj)
                0x000058a4                sys_clock_set_timeout
 .text.sys_clock_elapsed
                0x0000590c       0x14 zephyr/drivers/timer/libdrivers__timer.a(nrf_rtc_timer.c.obj)
                0x0000590c                sys_clock_elapsed
 .text.nrf52_errata_36
                0x00005920       0x14 modules/hal_nordic/nrfx/libmodules__hal_nordic__nrfx.a(system_nrf52840.c.obj)
 .text.nrf52_errata_66
                0x00005934       0x14 modules/hal_nordic/nrfx/libmodules__hal_nordic__nrfx.a(system_nrf52840.c.obj)
 .text.nrf52_errata_98
                0x00005948       0x28 modules/hal_nordic/nrfx/libmodules__hal_nordic__nrfx.a(system_nrf52840.c.obj)
 .text.nrf52_errata_103
                0x00005970       0x28 modules/hal_nordic/nrfx/libmodules__hal_nordic__nrfx.a(system_nrf52840.c.obj)
 .text.nrf52_errata_115
                0x00005998       0x28 modules/hal_nordic/nrfx/libmodules__hal_nordic__nrfx.a(system_nrf52840.c.obj)
 .text.nrf52_errata_120
                0x000059c0       0x28 modules/hal_nordic/nrfx/libmodules__hal_nordic__nrfx.a(system_nrf52840.c.obj)
 .text.nrf52_errata_136
                0x000059e8       0x14 modules/hal_nordic/nrfx/libmodules__hal_nordic__nrfx.a(system_nrf52840.c.obj)
 .text.nrf52_configuration_249
                0x000059fc       0x24 modules/hal_nordic/nrfx/libmodules__hal_nordic__nrfx.a(system_nrf52840.c.obj)
 .text.nvmc_wait
                0x00005a20       0x10 modules/hal_nordic/nrfx/libmodules__hal_nordic__nrfx.a(system_nrf52840.c.obj)
                0x00005a20                nvmc_wait
 .text.nvmc_config
                0x00005a30       0x14 modules/hal_nordic/nrfx/libmodules__hal_nordic__nrfx.a(system_nrf52840.c.obj)
                0x00005a30                nvmc_config
 .text.SystemCoreClockUpdate
                0x00005a44       0x10 modules/hal_nordic/nrfx/libmodules__hal_nordic__nrfx.a(system_nrf52840.c.obj)
                0x00005a44                SystemCoreClockUpdate
 .text.SystemInit
                0x00005a54      0x1a8 modules/hal_nordic/nrfx/libmodules__hal_nordic__nrfx.a(system_nrf52840.c.obj)
                0x00005a54                SystemInit
 .text.nrfx_flag32_alloc
                0x00005bfc       0x48 modules/hal_nordic/nrfx/libmodules__hal_nordic__nrfx.a(nrfx_flag32_allocator.c.obj)
                0x00005bfc                nrfx_flag32_alloc
 .text.nrfx_flag32_free
                0x00005c44       0x48 modules/hal_nordic/nrfx/libmodules__hal_nordic__nrfx.a(nrfx_flag32_allocator.c.obj)
                0x00005c44                nrfx_flag32_free
 .text.nrfx_clock_init
                0x00005c8c       0x50 modules/hal_nordic/nrfx/libmodules__hal_nordic__nrfx.a(nrfx_clock.c.obj)
                0x00005c8c                nrfx_clock_init
 .text.nrfx_clock_enable
                0x00005cdc       0x40 modules/hal_nordic/nrfx/libmodules__hal_nordic__nrfx.a(nrfx_clock.c.obj)
                0x00005cdc                nrfx_clock_enable
 .text.nrfx_clock_start
                0x00005d1c       0xcc modules/hal_nordic/nrfx/libmodules__hal_nordic__nrfx.a(nrfx_clock.c.obj)
                0x00005d1c                nrfx_clock_start
 .text.nrfx_clock_stop
                0x00005de8      0x1a0 modules/hal_nordic/nrfx/libmodules__hal_nordic__nrfx.a(nrfx_clock.c.obj)
                0x00005de8                nrfx_clock_stop
 .text.nrfx_power_clock_irq_handler
                0x00005f88       0x7c modules/hal_nordic/nrfx/libmodules__hal_nordic__nrfx.a(nrfx_clock.c.obj)
                0x00005f88                nrfx_power_clock_irq_handler
 .text.pin_in_use
                0x00006004       0x14 modules/hal_nordic/nrfx/libmodules__hal_nordic__nrfx.a(nrfx_gpiote.c.obj)
 .text.pin_in_use_by_te
                0x00006018       0x14 modules/hal_nordic/nrfx/libmodules__hal_nordic__nrfx.a(nrfx_gpiote.c.obj)
 .text.pin_has_trigger
                0x0000602c       0x18 modules/hal_nordic/nrfx/libmodules__hal_nordic__nrfx.a(nrfx_gpiote.c.obj)
 .text.pin_is_output
                0x00006044       0x14 modules/hal_nordic/nrfx/libmodules__hal_nordic__nrfx.a(nrfx_gpiote.c.obj)
 .text.pin_te_get
                0x00006058       0x10 modules/hal_nordic/nrfx/libmodules__hal_nordic__nrfx.a(nrfx_gpiote.c.obj)
 .text.handler_in_use
                0x00006068       0x34 modules/hal_nordic/nrfx/libmodules__hal_nordic__nrfx.a(nrfx_gpiote.c.obj)
 .text.find_handler
                0x0000609c       0x2c modules/hal_nordic/nrfx/libmodules__hal_nordic__nrfx.a(nrfx_gpiote.c.obj)
 .text.channel_handler_get
                0x000060c8       0x20 modules/hal_nordic/nrfx/libmodules__hal_nordic__nrfx.a(nrfx_gpiote.c.obj)
 .text.call_handler
                0x000060e8       0x2c modules/hal_nordic/nrfx/libmodules__hal_nordic__nrfx.a(nrfx_gpiote.c.obj)
 .text.latch_pending_read_and_check
                0x00006114       0x54 modules/hal_nordic/nrfx/libmodules__hal_nordic__nrfx.a(nrfx_gpiote.c.obj)
 .text.release_handler
                0x00006168       0x74 modules/hal_nordic/nrfx/libmodules__hal_nordic__nrfx.a(nrfx_gpiote.c.obj)
 .text.pin_handler_trigger_uninit
                0x000061dc       0x38 modules/hal_nordic/nrfx/libmodules__hal_nordic__nrfx.a(nrfx_gpiote.c.obj)
 .text.pin_handler_set
                0x00006214       0x6c modules/hal_nordic/nrfx/libmodules__hal_nordic__nrfx.a(nrfx_gpiote.c.obj)
 .text.gpiote_evt_handle
                0x00006280       0x40 modules/hal_nordic/nrfx/libmodules__hal_nordic__nrfx.a(nrfx_gpiote.c.obj)
 .text.next_sense_cond_call_handler
                0x000062c0      0x284 modules/hal_nordic/nrfx/libmodules__hal_nordic__nrfx.a(nrfx_gpiote.c.obj)
 .text.port_event_handle
                0x00006544      0x1b8 modules/hal_nordic/nrfx/libmodules__hal_nordic__nrfx.a(nrfx_gpiote.c.obj)
 .text.nrfx_gpiote_input_configure
                0x000066fc      0x1e4 modules/hal_nordic/nrfx/libmodules__hal_nordic__nrfx.a(nrfx_gpiote.c.obj)
                0x000066fc                nrfx_gpiote_input_configure
 .text.nrfx_gpiote_output_configure
                0x000068e0      0x1f4 modules/hal_nordic/nrfx/libmodules__hal_nordic__nrfx.a(nrfx_gpiote.c.obj)
                0x000068e0                nrfx_gpiote_output_configure
 .text.nrfx_gpiote_global_callback_set
                0x00006ad4        0xc modules/hal_nordic/nrfx/libmodules__hal_nordic__nrfx.a(nrfx_gpiote.c.obj)
                0x00006ad4                nrfx_gpiote_global_callback_set
 .text.nrfx_gpiote_channel_get
                0x00006ae0       0x58 modules/hal_nordic/nrfx/libmodules__hal_nordic__nrfx.a(nrfx_gpiote.c.obj)
                0x00006ae0                nrfx_gpiote_channel_get
 .text.nrfx_gpiote_init
                0x00006b38       0x54 modules/hal_nordic/nrfx/libmodules__hal_nordic__nrfx.a(nrfx_gpiote.c.obj)
                0x00006b38                nrfx_gpiote_init
 .text.nrfx_gpiote_is_init
                0x00006b8c       0x14 modules/hal_nordic/nrfx/libmodules__hal_nordic__nrfx.a(nrfx_gpiote.c.obj)
                0x00006b8c                nrfx_gpiote_is_init
 .text.nrfx_gpiote_channel_free
                0x00006ba0       0x10 modules/hal_nordic/nrfx/libmodules__hal_nordic__nrfx.a(nrfx_gpiote.c.obj)
                0x00006ba0                nrfx_gpiote_channel_free
 .text.nrfx_gpiote_channel_alloc
                0x00006bb0       0x10 modules/hal_nordic/nrfx/libmodules__hal_nordic__nrfx.a(nrfx_gpiote.c.obj)
                0x00006bb0                nrfx_gpiote_channel_alloc
 .text.nrfx_gpiote_trigger_enable
                0x00006bc0      0x218 modules/hal_nordic/nrfx/libmodules__hal_nordic__nrfx.a(nrfx_gpiote.c.obj)
                0x00006bc0                nrfx_gpiote_trigger_enable
 .text.nrfx_gpiote_trigger_disable
                0x00006dd8       0xd0 modules/hal_nordic/nrfx/libmodules__hal_nordic__nrfx.a(nrfx_gpiote.c.obj)
                0x00006dd8                nrfx_gpiote_trigger_disable
 .text.nrfx_gpiote_pin_uninit
                0x00006ea8       0xb8 modules/hal_nordic/nrfx/libmodules__hal_nordic__nrfx.a(nrfx_gpiote.c.obj)
                0x00006ea8                nrfx_gpiote_pin_uninit
 .text.nrfx_gpiote_irq_handler
                0x00006f60       0x60 modules/hal_nordic/nrfx/libmodules__hal_nordic__nrfx.a(nrfx_gpiote.c.obj)
                0x00006f60                nrfx_gpiote_irq_handler
 .text.nrfx_ppi_channel_alloc
                0x00006fc0       0x10 modules/hal_nordic/nrfx/libmodules__hal_nordic__nrfx.a(nrfx_ppi.c.obj)
                0x00006fc0                nrfx_ppi_channel_alloc
 .text.configure_pins
                0x00006fd0      0x224 modules/hal_nordic/nrfx/libmodules__hal_nordic__nrfx.a(nrfx_pwm.c.obj)
 .text.nrfx_pwm_init
                0x000071f4      0x12c modules/hal_nordic/nrfx/libmodules__hal_nordic__nrfx.a(nrfx_pwm.c.obj)
                0x000071f4                nrfx_pwm_init
 .text.nrfx_pwm_simple_playback
                0x00007320      0x314 modules/hal_nordic/nrfx/libmodules__hal_nordic__nrfx.a(nrfx_pwm.c.obj)
                0x00007320                nrfx_pwm_simple_playback
 .text.nrfx_pwm_is_stopped
                0x00007634       0x70 modules/hal_nordic/nrfx/libmodules__hal_nordic__nrfx.a(nrfx_pwm.c.obj)
                0x00007634                nrfx_pwm_is_stopped
 .text.nrfx_pwm_stop
                0x000076a4       0x70 modules/hal_nordic/nrfx/libmodules__hal_nordic__nrfx.a(nrfx_pwm.c.obj)
                0x000076a4                nrfx_pwm_stop
 .text._DoInit  0x00007714       0x6c modules/segger/libmodules__segger.a(SEGGER_RTT.c.obj)
 .text.z_device_state_init
                0x00007780       0x18 zephyr/kernel/libkernel.a(device.c.obj)
                0x00007780                z_device_state_init
 .text.z_sys_init_run_level
                0x00007798       0x50 zephyr/kernel/libkernel.a(device.c.obj)
                0x00007798                z_sys_init_run_level
 .text.z_impl_device_get_binding
                0x000077e8       0x64 zephyr/kernel/libkernel.a(device.c.obj)
                0x000077e8                z_impl_device_get_binding
 .text.z_fatal_error
                0x0000784c       0x68 zephyr/kernel/libkernel.a(fatal.c.obj)
                0x0000784c                z_fatal_error
 .text.init_idle_thread
                0x000078b4       0x70 zephyr/kernel/libkernel.a(init.c.obj)
 .text.prepare_multithreading
                0x00007924       0x94 zephyr/kernel/libkernel.a(init.c.obj)
 .text.bg_thread_main
                0x000079b8       0x34 zephyr/kernel/libkernel.a(init.c.obj)
 .text.switch_to_main_thread
                0x000079ec       0x14 zephyr/kernel/libkernel.a(init.c.obj)
 .text.z_bss_zero
                0x00007a00       0x18 zephyr/kernel/libkernel.a(init.c.obj)
                0x00007a00                z_bss_zero
 .text.z_cstart
                0x00007a18       0x84 zephyr/kernel/libkernel.a(init.c.obj)
                0x00007a18                z_cstart
 .text.init_mem_slab_module
                0x00007a9c       0x5c zephyr/kernel/libkernel.a(mem_slab.c.obj)
 .text.k_mem_slab_alloc
                0x00007af8       0xe8 zephyr/kernel/libkernel.a(mem_slab.c.obj)
                0x00007af8                k_mem_slab_alloc
 .text.k_mem_slab_free
                0x00007be0       0xd0 zephyr/kernel/libkernel.a(mem_slab.c.obj)
                0x00007be0                k_mem_slab_free
 .text.z_impl_k_thread_name_set
                0x00007cb0       0x24 zephyr/kernel/libkernel.a(thread.c.obj)
                0x00007cb0                z_impl_k_thread_name_set
 .text.schedule_new_thread
                0x00007cd4       0x24 zephyr/kernel/libkernel.a(thread.c.obj)
 .text.z_spin_lock_valid
                0x00007cf8       0x20 zephyr/kernel/libkernel.a(thread.c.obj)
                0x00007cf8                z_spin_lock_valid
 .text.z_spin_unlock_valid
                0x00007d18       0x20 zephyr/kernel/libkernel.a(thread.c.obj)
                0x00007d18                z_spin_unlock_valid
 .text.z_spin_lock_set_owner
                0x00007d38       0x10 zephyr/kernel/libkernel.a(thread.c.obj)
                0x00007d38                z_spin_lock_set_owner
 .text.z_thread_monitor_exit
                0x00007d48       0xb4 zephyr/kernel/libkernel.a(thread.c.obj)
                0x00007d48                z_thread_monitor_exit
 .text.z_setup_new_thread
                0x00007dfc      0x18c zephyr/kernel/libkernel.a(thread.c.obj)
                0x00007dfc                z_setup_new_thread
 .text.z_impl_k_thread_create
                0x00007f88       0x90 zephyr/kernel/libkernel.a(thread.c.obj)
                0x00007f88                z_impl_k_thread_create
 .text.z_init_static_threads
                0x00008018       0xfc zephyr/kernel/libkernel.a(thread.c.obj)
                0x00008018                z_init_static_threads
 .text.idle     0x00008114       0x5c zephyr/kernel/libkernel.a(idle.c.obj)
                0x00008114                idle
 .text.z_impl_k_mutex_lock
                0x00008170      0x240 zephyr/kernel/libkernel.a(mutex.c.obj)
                0x00008170                z_impl_k_mutex_lock
 .text.z_impl_k_mutex_unlock
                0x000083b0      0x1a8 zephyr/kernel/libkernel.a(mutex.c.obj)
                0x000083b0                z_impl_k_mutex_unlock
 .text.queue_insert
                0x00008558      0x150 zephyr/kernel/libkernel.a(queue.c.obj)
 .text.z_impl_k_queue_get
                0x000086a8      0x11c zephyr/kernel/libkernel.a(queue.c.obj)
                0x000086a8                z_impl_k_queue_get
 .text.z_impl_k_sem_give
                0x000087c4       0x90 zephyr/kernel/libkernel.a(sem.c.obj)
                0x000087c4                z_impl_k_sem_give
 .text.z_impl_k_sem_take
                0x00008854      0x12c zephyr/kernel/libkernel.a(sem.c.obj)
                0x00008854                z_impl_k_sem_take
 .text.pended_on_thread
                0x00008980       0x34 zephyr/kernel/libkernel.a(sched.c.obj)
 .text.add_thread_timeout
                0x000089b4       0x20 zephyr/kernel/libkernel.a(sched.c.obj)
 .text.z_reset_time_slice
                0x000089d4       0x2c zephyr/kernel/libkernel.a(sched.c.obj)
                0x000089d4                z_reset_time_slice
 .text.k_sched_time_slice_set
                0x00008a00       0xe8 zephyr/kernel/libkernel.a(sched.c.obj)
                0x00008a00                k_sched_time_slice_set
 .text.z_unpend_thread_no_timeout
                0x00008ae8       0xb4 zephyr/kernel/libkernel.a(sched.c.obj)
                0x00008ae8                z_unpend_thread_no_timeout
 .text.z_reschedule
                0x00008b9c       0x9c zephyr/kernel/libkernel.a(sched.c.obj)
                0x00008b9c                z_reschedule
 .text.k_sched_lock
                0x00008c38      0x104 zephyr/kernel/libkernel.a(sched.c.obj)
                0x00008c38                k_sched_lock
 .text.z_priq_dumb_remove
                0x00008d3c       0x48 zephyr/kernel/libkernel.a(sched.c.obj)
                0x00008d3c                z_priq_dumb_remove
 .text.z_unpend_thread
                0x00008d84       0xbc zephyr/kernel/libkernel.a(sched.c.obj)
                0x00008d84                z_unpend_thread
 .text.update_cache
                0x00008e40       0x80 zephyr/kernel/libkernel.a(sched.c.obj)
 .text.move_thread_to_end_of_prio_q
                0x00008ec0       0xb8 zephyr/kernel/libkernel.a(sched.c.obj)
 .text.z_time_slice
                0x00008f78      0x138 zephyr/kernel/libkernel.a(sched.c.obj)
                0x00008f78                z_time_slice
 .text.ready_thread
                0x000090b0       0xac zephyr/kernel/libkernel.a(sched.c.obj)
 .text.z_ready_thread
                0x0000915c       0xac zephyr/kernel/libkernel.a(sched.c.obj)
                0x0000915c                z_ready_thread
 .text.z_sched_start
                0x00009208       0xb0 zephyr/kernel/libkernel.a(sched.c.obj)
                0x00009208                z_sched_start
 .text.z_thread_timeout
                0x000092b8       0xe0 zephyr/kernel/libkernel.a(sched.c.obj)
                0x000092b8                z_thread_timeout
 .text.unready_thread
                0x00009398       0x38 zephyr/kernel/libkernel.a(sched.c.obj)
 .text.add_to_waitq_locked
                0x000093d0       0x84 zephyr/kernel/libkernel.a(sched.c.obj)
 .text.pend     0x00009454       0xb8 zephyr/kernel/libkernel.a(sched.c.obj)
 .text.z_pend_curr
                0x0000950c       0x60 zephyr/kernel/libkernel.a(sched.c.obj)
                0x0000950c                z_pend_curr
 .text.z_set_prio
                0x0000956c      0x160 zephyr/kernel/libkernel.a(sched.c.obj)
                0x0000956c                z_set_prio
 .text.z_impl_k_thread_suspend
                0x000096cc       0xf8 zephyr/kernel/libkernel.a(sched.c.obj)
                0x000096cc                z_impl_k_thread_suspend
 .text.k_sched_unlock
                0x000097c4      0x128 zephyr/kernel/libkernel.a(sched.c.obj)
                0x000097c4                k_sched_unlock
 .text.end_thread
                0x000098ec       0x9c zephyr/kernel/libkernel.a(sched.c.obj)
 .text.z_unpend1_no_timeout
                0x00009988       0xc0 zephyr/kernel/libkernel.a(sched.c.obj)
                0x00009988                z_unpend1_no_timeout
 .text.z_unpend_first_thread
                0x00009a48       0xc8 zephyr/kernel/libkernel.a(sched.c.obj)
                0x00009a48                z_unpend_first_thread
 .text.z_sched_init
                0x00009b10       0x18 zephyr/kernel/libkernel.a(sched.c.obj)
                0x00009b10                z_sched_init
 .text.z_impl_k_yield
                0x00009b28      0x15c zephyr/kernel/libkernel.a(sched.c.obj)
                0x00009b28                z_impl_k_yield
 .text.z_tick_sleep
                0x00009c84      0x184 zephyr/kernel/libkernel.a(sched.c.obj)
 .text.z_impl_k_sleep
                0x00009e08       0x98 zephyr/kernel/libkernel.a(sched.c.obj)
                0x00009e08                z_impl_k_sleep
 .text.z_impl_z_current_get
                0x00009ea0        0xc zephyr/kernel/libkernel.a(sched.c.obj)
                0x00009ea0                z_impl_z_current_get
 .text.z_impl_k_is_preempt_thread
                0x00009eac       0x20 zephyr/kernel/libkernel.a(sched.c.obj)
                0x00009eac                z_impl_k_is_preempt_thread
 .text.z_thread_abort
                0x00009ecc      0x144 zephyr/kernel/libkernel.a(sched.c.obj)
                0x00009ecc                z_thread_abort
 .text.z_sched_wake
                0x0000a010       0xe8 zephyr/kernel/libkernel.a(sched.c.obj)
                0x0000a010                z_sched_wake
 .text.z_sched_wait
                0x0000a0f8       0x24 zephyr/kernel/libkernel.a(sched.c.obj)
                0x0000a0f8                z_sched_wait
 .text.z_data_copy
                0x0000a11c       0x34 zephyr/kernel/libkernel.a(xip.c.obj)
                0x0000a11c                z_data_copy
 .text.first    0x0000a150       0x14 zephyr/kernel/libkernel.a(timeout.c.obj)
 .text.next     0x0000a164       0x18 zephyr/kernel/libkernel.a(timeout.c.obj)
 .text.elapsed  0x0000a17c       0x18 zephyr/kernel/libkernel.a(timeout.c.obj)
 .text.next_timeout
                0x0000a194       0x4c zephyr/kernel/libkernel.a(timeout.c.obj)
 .text.z_add_timeout
                0x0000a1e0      0x1f8 zephyr/kernel/libkernel.a(timeout.c.obj)
                0x0000a1e0                z_add_timeout
 .text.z_abort_timeout
                0x0000a3d8       0xb4 zephyr/kernel/libkernel.a(timeout.c.obj)
                0x0000a3d8                z_abort_timeout
 .text.z_get_next_timeout_expiry
                0x0000a48c       0xa4 zephyr/kernel/libkernel.a(timeout.c.obj)
                0x0000a48c                z_get_next_timeout_expiry
 .text.z_set_timeout_expiry
                0x0000a530       0xcc zephyr/kernel/libkernel.a(timeout.c.obj)
                0x0000a530                z_set_timeout_expiry
 .text.sys_clock_announce
                0x0000a5fc      0x190 zephyr/kernel/libkernel.a(timeout.c.obj)
                0x0000a5fc                sys_clock_announce
 .text.sys_clock_tick_get
                0x0000a78c       0xb4 zephyr/kernel/libkernel.a(timeout.c.obj)
                0x0000a78c                sys_clock_tick_get
 .text.z_timer_expiration_handler
                0x0000a840      0x190 zephyr/kernel/libkernel.a(timer.c.obj)
                0x0000a840                z_timer_expiration_handler
 .text.z_impl_k_timer_start
                0x0000a9d0       0xe0 zephyr/kernel/libkernel.a(timer.c.obj)
                0x0000a9d0                z_impl_k_timer_start
 .text.signal_poller
                0x0000aab0       0xa0 zephyr/kernel/libkernel.a(poll.c.obj)
 .text.z_impl_k_poll_signal_raise
                0x0000ab50       0xc4 zephyr/kernel/libkernel.a(poll.c.obj)
                0x0000ab50                z_impl_k_poll_signal_raise
 .text.z_heap_aligned_alloc
                0x0000ac14       0x74 zephyr/kernel/libkernel.a(mempool.c.obj)
 .text.z_thread_aligned_alloc
                0x0000ac88       0x2c zephyr/kernel/libkernel.a(mempool.c.obj)
                0x0000ac88                z_thread_aligned_alloc
 .text.boot_banner
                0x0000acb4       0x1c zephyr/kernel/libkernel.a(banner.c.obj)
                0x0000acb4                boot_banner
 .text.statics_init
                0x0000acd0       0x58 zephyr/kernel/libkernel.a(kheap.c.obj)
 .text.k_heap_aligned_alloc
                0x0000ad28      0x168 zephyr/kernel/libkernel.a(kheap.c.obj)
                0x0000ad28                k_heap_aligned_alloc
 .text.k_heap_free
                0x0000ae90       0xb4 zephyr/kernel/libkernel.a(kheap.c.obj)
                0x0000ae90                k_heap_free
 .text.k_sys_work_q_init
                0x0000af44       0x34 zephyr/kernel/libkernel.a(system_work_q.c.obj)
 .text.submit_to_queue_locked
                0x0000af78      0x108 zephyr/kernel/libkernel.a(work.c.obj)
 .text.finalize_cancel_locked
                0x0000b080       0x78 zephyr/kernel/libkernel.a(work.c.obj)
 .text.work_queue_main
                0x0000b0f8      0x1e8 zephyr/kernel/libkernel.a(work.c.obj)
 .text.k_work_submit_to_queue
                0x0000b2e0       0xdc zephyr/kernel/libkernel.a(work.c.obj)
                0x0000b2e0                k_work_submit_to_queue
 .text.k_work_queue_start
                0x0000b3bc      0x110 zephyr/kernel/libkernel.a(work.c.obj)
                0x0000b3bc                k_work_queue_start
 .text.nrf_cc3xx_platform_init_no_rng
                0x0000b4cc       0x38 C:/Users/Diogo/ncs/v1.9.1/nrfxlib/crypto/nrf_cc310_platform/lib/cortex-m4/soft-float/no-interrupts/libnrf_cc310_platform_0.9.13.a(nrf_cc3xx_platform.c.obj)
                0x0000b4cc                nrf_cc3xx_platform_init_no_rng
 .text.nrf_cc3xx_platform_abort
                0x0000b504       0x24 C:/Users/Diogo/ncs/v1.9.1/nrfxlib/crypto/nrf_cc310_platform/lib/cortex-m4/soft-float/no-interrupts/libnrf_cc310_platform_0.9.13.a(nrf_cc3xx_platform_abort.c.obj)
 .text.CC_PalAbort
                0x0000b528       0x40 C:/Users/Diogo/ncs/v1.9.1/nrfxlib/crypto/nrf_cc310_platform/lib/cortex-m4/soft-float/no-interrupts/libnrf_cc310_platform_0.9.13.a(nrf_cc3xx_platform_abort.c.obj)
                0x0000b528                CC_PalAbort
 .text.nrf_cc3xx_platform_set_abort
                0x0000b568       0x10 C:/Users/Diogo/ncs/v1.9.1/nrfxlib/crypto/nrf_cc310_platform/lib/cortex-m4/soft-float/no-interrupts/libnrf_cc310_platform_0.9.13.a(nrf_cc3xx_platform_abort.c.obj)
                0x0000b568                nrf_cc3xx_platform_set_abort
 .text.mutex_free
                0x0000b578       0x28 C:/Users/Diogo/ncs/v1.9.1/nrfxlib/crypto/nrf_cc310_platform/lib/cortex-m4/soft-float/no-interrupts/libnrf_cc310_platform_0.9.13.a(nrf_cc3xx_platform_mutex.c.obj)
 .text.mutex_unlock
                0x0000b5a0       0x2c C:/Users/Diogo/ncs/v1.9.1/nrfxlib/crypto/nrf_cc310_platform/lib/cortex-m4/soft-float/no-interrupts/libnrf_cc310_platform_0.9.13.a(nrf_cc3xx_platform_mutex.c.obj)
 .text.mutex_init
                0x0000b5cc       0x1c C:/Users/Diogo/ncs/v1.9.1/nrfxlib/crypto/nrf_cc310_platform/lib/cortex-m4/soft-float/no-interrupts/libnrf_cc310_platform_0.9.13.a(nrf_cc3xx_platform_mutex.c.obj)
 .text.mutex_lock
                0x0000b5e8       0x44 C:/Users/Diogo/ncs/v1.9.1/nrfxlib/crypto/nrf_cc310_platform/lib/cortex-m4/soft-float/no-interrupts/libnrf_cc310_platform_0.9.13.a(nrf_cc3xx_platform_mutex.c.obj)
 .text.nrf_cc3xx_platform_set_mutexes
                0x0000b62c       0x60 C:/Users/Diogo/ncs/v1.9.1/nrfxlib/crypto/nrf_cc310_platform/lib/cortex-m4/soft-float/no-interrupts/libnrf_cc310_platform_0.9.13.a(nrf_cc3xx_platform_mutex.c.obj)
                0x0000b62c                nrf_cc3xx_platform_set_mutexes
 .text.CC_LibInitNoRng
                0x0000b68c       0x6c C:/Users/Diogo/ncs/v1.9.1/nrfxlib/crypto/nrf_cc310_platform/lib/cortex-m4/soft-float/no-interrupts/libnrf_cc310_platform_0.9.13.a(cc_lib.c.obj)
                0x0000b68c                CC_LibInitNoRng
 .text.CC_HalInit
                0x0000b6f8        0x4 C:/Users/Diogo/ncs/v1.9.1/nrfxlib/crypto/nrf_cc310_platform/lib/cortex-m4/soft-float/no-interrupts/libnrf_cc310_platform_0.9.13.a(cc_hal.c.obj)
                0x0000b6f8                CC_HalInit
 .text.CC_HalTerminate
                0x0000b6fc        0x4 C:/Users/Diogo/ncs/v1.9.1/nrfxlib/crypto/nrf_cc310_platform/lib/cortex-m4/soft-float/no-interrupts/libnrf_cc310_platform_0.9.13.a(cc_hal.c.obj)
                0x0000b6fc                CC_HalTerminate
 .text.CC_HalMaskInterrupt
                0x0000b700        0xc C:/Users/Diogo/ncs/v1.9.1/nrfxlib/crypto/nrf_cc310_platform/lib/cortex-m4/soft-float/no-interrupts/libnrf_cc310_platform_0.9.13.a(cc_hal.c.obj)
                0x0000b700                CC_HalMaskInterrupt
 .text.CC_PalInit
                0x0000b70c       0x5c C:/Users/Diogo/ncs/v1.9.1/nrfxlib/crypto/nrf_cc310_platform/lib/cortex-m4/soft-float/no-interrupts/libnrf_cc310_platform_0.9.13.a(cc_pal.c.obj)
                0x0000b70c                CC_PalInit
 .text.CC_PalTerminate
                0x0000b768       0x34 C:/Users/Diogo/ncs/v1.9.1/nrfxlib/crypto/nrf_cc310_platform/lib/cortex-m4/soft-float/no-interrupts/libnrf_cc310_platform_0.9.13.a(cc_pal.c.obj)
                0x0000b768                CC_PalTerminate
 .text.CC_PalDmaInit
                0x0000b79c        0x4 C:/Users/Diogo/ncs/v1.9.1/nrfxlib/crypto/nrf_cc310_platform/lib/cortex-m4/soft-float/no-interrupts/libnrf_cc310_platform_0.9.13.a(cc_pal_dma.c.obj)
                0x0000b79c                CC_PalDmaInit
 .text.CC_PalDmaTerminate
                0x0000b7a0        0x4 C:/Users/Diogo/ncs/v1.9.1/nrfxlib/crypto/nrf_cc310_platform/lib/cortex-m4/soft-float/no-interrupts/libnrf_cc310_platform_0.9.13.a(cc_pal_dma.c.obj)
                0x0000b7a0                CC_PalDmaTerminate
 .text.CC_PalMutexCreate
                0x0000b7a4       0x14 C:/Users/Diogo/ncs/v1.9.1/nrfxlib/crypto/nrf_cc310_platform/lib/cortex-m4/soft-float/no-interrupts/libnrf_cc310_platform_0.9.13.a(cc_pal_mutex.c.obj)
                0x0000b7a4                CC_PalMutexCreate
 .text.CC_PalMutexDestroy
                0x0000b7b8       0x14 C:/Users/Diogo/ncs/v1.9.1/nrfxlib/crypto/nrf_cc310_platform/lib/cortex-m4/soft-float/no-interrupts/libnrf_cc310_platform_0.9.13.a(cc_pal_mutex.c.obj)
                0x0000b7b8                CC_PalMutexDestroy
 .text.CC_PalPowerSaveModeInit
                0x0000b7cc       0x3c C:/Users/Diogo/ncs/v1.9.1/nrfxlib/crypto/nrf_cc310_platform/lib/cortex-m4/soft-float/no-interrupts/libnrf_cc310_platform_0.9.13.a(cc_pal_pm.c.obj)
                0x0000b7cc                CC_PalPowerSaveModeInit
 .text.CC_PalPowerSaveModeSelect
                0x0000b808       0x84 C:/Users/Diogo/ncs/v1.9.1/nrfxlib/crypto/nrf_cc310_platform/lib/cortex-m4/soft-float/no-interrupts/libnrf_cc310_platform_0.9.13.a(cc_pal_pm.c.obj)
                0x0000b808                CC_PalPowerSaveModeSelect
 .text.sys_notify_validate
                0x0000b88c       0x3e zephyr/libzephyr.a(notify.c.obj)
                0x0000b88c                sys_notify_validate
 .text.arch_printk_char_out
                0x0000b8ca        0x4 zephyr/libzephyr.a(printk.c.obj)
                0x0000b8ca                arch_printk_char_out
 .text.str_out  0x0000b8ce       0x30 zephyr/libzephyr.a(printk.c.obj)
 .text.printk   0x0000b8fe       0x1c zephyr/libzephyr.a(printk.c.obj)
                0x0000b8fe                printk
 .text.snprintk
                0x0000b91a       0x1c zephyr/libzephyr.a(printk.c.obj)
                0x0000b91a                snprintk
 .text.set_state
                0x0000b936       0x10 zephyr/libzephyr.a(onoff.c.obj)
 .text.notify_monitors
                0x0000b946       0x3e zephyr/libzephyr.a(onoff.c.obj)
 .text.process_recheck
                0x0000b984       0x32 zephyr/libzephyr.a(onoff.c.obj)
 .text.validate_args
                0x0000b9b6       0x2c zephyr/libzephyr.a(onoff.c.obj)
 .text.notify_one
                0x0000b9e2       0x26 zephyr/libzephyr.a(onoff.c.obj)
 .text.notify_all
                0x0000ba08       0x2e zephyr/libzephyr.a(onoff.c.obj)
 .text.onoff_manager_init
                0x0000ba36       0x38 zephyr/libzephyr.a(onoff.c.obj)
                0x0000ba36                onoff_manager_init
 .text.z_thread_entry
                0x0000ba6e       0x14 zephyr/libzephyr.a(thread_entry.c.obj)
                0x0000ba6e                z_thread_entry
 .text.chunk_mem
                0x0000ba82        0x8 zephyr/libzephyr.a(heap.c.obj)
 .text.free_list_remove_bidx
                0x0000ba8a       0x40 zephyr/libzephyr.a(heap.c.obj)
 .text.free_list_add_bidx
                0x0000baca       0x48 zephyr/libzephyr.a(heap.c.obj)
 .text.split_chunks
                0x0000bb12       0x2e zephyr/libzephyr.a(heap.c.obj)
 .text.merge_chunks
                0x0000bb40       0x26 zephyr/libzephyr.a(heap.c.obj)
 .text.mem_to_chunkid
                0x0000bb66        0x8 zephyr/libzephyr.a(heap.c.obj)
 .text.free_list_remove
                0x0000bb6e       0x18 zephyr/libzephyr.a(heap.c.obj)
 .text.free_list_add
                0x0000bb86       0x18 zephyr/libzephyr.a(heap.c.obj)
 .text.free_chunk
                0x0000bb9e       0x62 zephyr/libzephyr.a(heap.c.obj)
 .text.alloc_chunk
                0x0000bc00       0x70 zephyr/libzephyr.a(heap.c.obj)
 .text.sys_heap_alloc
                0x0000bc70       0x64 zephyr/libzephyr.a(heap.c.obj)
                0x0000bc70                sys_heap_alloc
 .text.extract_decimal
                0x0000bcd4       0x26 zephyr/libzephyr.a(cbprintf_complete.c.obj)
 .text.encode_uint
                0x0000bcfa       0xd4 zephyr/libzephyr.a(cbprintf_complete.c.obj)
 .text.outs     0x0000bdce       0x34 zephyr/libzephyr.a(cbprintf_complete.c.obj)
 .text.assert_post_action
                0x0000be02        0xe zephyr/libzephyr.a(assert.c.obj)
                0x0000be02                assert_post_action
 .text._ConfigAbsSyms
                0x0000be10        0x2 zephyr/libzephyr.a(configs.c.obj)
                0x0000be10                _ConfigAbsSyms
 .text.pm_policy_next_state
                0x0000be12        0xa zephyr/libzephyr.a(residency.c.obj)
                0x0000be12                pm_policy_next_state
 .text.abort_function
                0x0000be1c        0x8 zephyr/libzephyr.a(nrf_cc3xx_platform_abort_zephyr.c.obj)
 .text.z_arm_fatal_error
                0x0000be24        0x8 zephyr/arch/arch/arm/core/aarch32/libarch__arm__core__aarch32.a(fatal.c.obj)
                0x0000be24                z_arm_fatal_error
 .text.z_do_kernel_oops
                0x0000be2c        0xc zephyr/arch/arch/arm/core/aarch32/libarch__arm__core__aarch32.a(fatal.c.obj)
                0x0000be2c                z_do_kernel_oops
 .text.z_irq_spurious
                0x0000be38        0xc zephyr/arch/arch/arm/core/aarch32/libarch__arm__core__aarch32.a(irq_manage.c.obj)
                0x0000be38                z_irq_spurious
 .text.z_arm_nmi
                0x0000be44        0xc zephyr/arch/arch/arm/core/aarch32/libarch__arm__core__aarch32.a(nmi.c.obj)
                0x0000be44                z_arm_nmi
 .text.memory_fault_recoverable
                0x0000be50        0x4 zephyr/arch/arch/arm/core/aarch32/cortex_m/libarch__arm__core__aarch32__cortex_m.a(fault.c.obj)
 .text.debug_monitor
                0x0000be54        0x6 zephyr/arch/arch/arm/core/aarch32/cortex_m/libarch__arm__core__aarch32__cortex_m.a(fault.c.obj)
 .text.fault_handle
                0x0000be5a       0x46 zephyr/arch/arch/arm/core/aarch32/cortex_m/libarch__arm__core__aarch32__cortex_m.a(fault.c.obj)
 .text.mpu_partition_is_valid
                0x0000bea0       0x22 zephyr/arch/arch/arm/core/aarch32/mpu/libarch__arm__core__aarch32__mpu.a(arm_mpu.c.obj)
 .text.region_allocate_and_init
                0x0000bec2       0x16 zephyr/arch/arch/arm/core/aarch32/mpu/libarch__arm__core__aarch32__mpu.a(arm_mpu.c.obj)
 .text.mpu_configure_region
                0x0000bed8       0x3e zephyr/arch/arch/arm/core/aarch32/mpu/libarch__arm__core__aarch32__mpu.a(arm_mpu.c.obj)
 .text.mpu_configure_regions
                0x0000bf16       0x50 zephyr/arch/arch/arm/core/aarch32/mpu/libarch__arm__core__aarch32__mpu.a(arm_mpu.c.obj)
 .text.strcpy   0x0000bf66       0x12 zephyr/lib/libc/minimal/liblib__libc__minimal.a(string.c.obj)
                0x0000bf66                strcpy
 .text.strncpy  0x0000bf78       0x34 zephyr/lib/libc/minimal/liblib__libc__minimal.a(string.c.obj)
                0x0000bf78                strncpy
 .text.strlen   0x0000bfac       0x10 zephyr/lib/libc/minimal/liblib__libc__minimal.a(string.c.obj)
                0x0000bfac                strlen
 .text.strnlen  0x0000bfbc       0x14 zephyr/lib/libc/minimal/liblib__libc__minimal.a(string.c.obj)
                0x0000bfbc                strnlen
 .text.strcmp   0x0000bfd0       0x14 zephyr/lib/libc/minimal/liblib__libc__minimal.a(string.c.obj)
                0x0000bfd0                strcmp
 .text.memcpy   0x0000bfe4       0x48 zephyr/lib/libc/minimal/liblib__libc__minimal.a(string.c.obj)
                0x0000bfe4                memcpy
 .text.memset   0x0000c02c       0x3a zephyr/lib/libc/minimal/liblib__libc__minimal.a(string.c.obj)
                0x0000c02c                memset
 .text._stdout_hook_default
                0x0000c066        0x6 zephyr/lib/libc/minimal/liblib__libc__minimal.a(stdout_console.c.obj)
 .text.pm_power_state_set
                0x0000c06c       0x26 zephyr/soc/arm/nordic_nrf/nrf52/libsoc__arm__nordic_nrf__nrf52.a(power.c.obj)
                0x0000c06c                pm_power_state_set
 .text.pm_power_state_exit_post_ops
                0x0000c092       0x16 zephyr/soc/arm/nordic_nrf/nrf52/libsoc__arm__nordic_nrf__nrf52.a(power.c.obj)
                0x0000c092                pm_power_state_exit_post_ops
 .text.check_buffer_size
                0x0000c0a8       0x1c zephyr/drivers/adc/libdrivers__adc.a(adc_nrfx_saadc.c.obj)
 .text.adc_context_on_timer_expired
                0x0000c0c4       0x2a zephyr/drivers/adc/libdrivers__adc.a(adc_nrfx_saadc.c.obj)
 .text.get_sub_data
                0x0000c0ee        0xe zephyr/drivers/clock_control/libdrivers__clock_control.a(clock_control_nrf.c.obj)
 .text.get_sub_config
                0x0000c0fc        0x8 zephyr/drivers/clock_control/libdrivers__clock_control.a(clock_control_nrf.c.obj)
 .text.get_onoff_manager
                0x0000c104        0x8 zephyr/drivers/clock_control/libdrivers__clock_control.a(clock_control_nrf.c.obj)
 .text.set_off_state
                0x0000c10c       0x32 zephyr/drivers/clock_control/libdrivers__clock_control.a(clock_control_nrf.c.obj)
 .text.set_starting_state
                0x0000c13e       0x40 zephyr/drivers/clock_control/libdrivers__clock_control.a(clock_control_nrf.c.obj)
 .text.set_on_state
                0x0000c17e       0x26 zephyr/drivers/clock_control/libdrivers__clock_control.a(clock_control_nrf.c.obj)
 .text.clkstarted_handle
                0x0000c1a4       0x24 zephyr/drivers/clock_control/libdrivers__clock_control.a(clock_control_nrf.c.obj)
 .text.async_start
                0x0000c1c8       0x38 zephyr/drivers/clock_control/libdrivers__clock_control.a(clock_control_nrf.c.obj)
 .text.api_start
                0x0000c200       0x10 zephyr/drivers/clock_control/libdrivers__clock_control.a(clock_control_nrf.c.obj)
 .text.onoff_started_callback
                0x0000c210       0x10 zephyr/drivers/clock_control/libdrivers__clock_control.a(clock_control_nrf.c.obj)
 .text.hfclk_start
                0x0000c220        0xa zephyr/drivers/clock_control/libdrivers__clock_control.a(clock_control_nrf.c.obj)
 .text.lfclk_start
                0x0000c22a        0xa zephyr/drivers/clock_control/libdrivers__clock_control.a(clock_control_nrf.c.obj)
 .text.hfclk_stop
                0x0000c234        0xa zephyr/drivers/clock_control/libdrivers__clock_control.a(clock_control_nrf.c.obj)
 .text.lfclk_stop
                0x0000c23e        0xa zephyr/drivers/clock_control/libdrivers__clock_control.a(clock_control_nrf.c.obj)
 .text.api_stop
                0x0000c248        0xa zephyr/drivers/clock_control/libdrivers__clock_control.a(clock_control_nrf.c.obj)
 .text.blocking_start_callback
                0x0000c252        0xa zephyr/drivers/clock_control/libdrivers__clock_control.a(clock_control_nrf.c.obj)
 .text.get_pull
                0x0000c25c       0x18 zephyr/drivers/gpio/libdrivers__gpio.a(gpio_nrfx.c.obj)
 .text.gpio_nrfx_port_get_raw
                0x0000c274        0xe zephyr/drivers/gpio/libdrivers__gpio.a(gpio_nrfx.c.obj)
 .text.gpio_nrfx_port_set_masked_raw
                0x0000c282       0x16 zephyr/drivers/gpio/libdrivers__gpio.a(gpio_nrfx.c.obj)
 .text.gpio_nrfx_port_set_bits_raw
                0x0000c298        0xc zephyr/drivers/gpio/libdrivers__gpio.a(gpio_nrfx.c.obj)
 .text.gpio_nrfx_port_clear_bits_raw
                0x0000c2a4        0xc zephyr/drivers/gpio/libdrivers__gpio.a(gpio_nrfx.c.obj)
 .text.gpio_nrfx_port_toggle_bits
                0x0000c2b0       0x12 zephyr/drivers/gpio/libdrivers__gpio.a(gpio_nrfx.c.obj)
 .text.get_trigger
                0x0000c2c2       0x2c zephyr/drivers/gpio/libdrivers__gpio.a(gpio_nrfx.c.obj)
 .text.pwm_channel_map
                0x0000c2ee       0x22 zephyr/drivers/pwm/libdrivers__pwm.a(pwm_nrfx.c.obj)
 .text.pwm_channel_is_active
                0x0000c310       0x1e zephyr/drivers/pwm/libdrivers__pwm.a(pwm_nrfx.c.obj)
 .text.any_other_channel_is_active
                0x0000c32e       0x2c zephyr/drivers/pwm/libdrivers__pwm.a(pwm_nrfx.c.obj)
 .text.endtx_isr
                0x0000c35a       0x32 zephyr/drivers/serial/libdrivers__serial.a(uart_nrfx_uarte.c.obj)
 .text.uarte_nrfx_isr_int
                0x0000c38c       0x56 zephyr/drivers/serial/libdrivers__serial.a(uart_nrfx_uarte.c.obj)
 .text.uarte_nrfx_configure
                0x0000c3e2       0xa6 zephyr/drivers/serial/libdrivers__serial.a(uart_nrfx_uarte.c.obj)
 .text.uarte_nrfx_config_get
                0x0000c488       0x10 zephyr/drivers/serial/libdrivers__serial.a(uart_nrfx_uarte.c.obj)
 .text.uarte_nrfx_err_check
                0x0000c498        0xe zephyr/drivers/serial/libdrivers__serial.a(uart_nrfx_uarte.c.obj)
 .text.is_tx_ready
                0x0000c4a6       0x28 zephyr/drivers/serial/libdrivers__serial.a(uart_nrfx_uarte.c.obj)
 .text.uarte_enable
                0x0000c4ce        0xc zephyr/drivers/serial/libdrivers__serial.a(uart_nrfx_uarte.c.obj)
 .text.tx_start
                0x0000c4da       0x40 zephyr/drivers/serial/libdrivers__serial.a(uart_nrfx_uarte.c.obj)
 .text.uarte_nrfx_poll_in
                0x0000c51a       0x2a zephyr/drivers/serial/libdrivers__serial.a(uart_nrfx_uarte.c.obj)
 .text.wait_tx_ready
                0x0000c544       0x4e zephyr/drivers/serial/libdrivers__serial.a(uart_nrfx_uarte.c.obj)
 .text.uarte_instance_init
                0x0000c592       0x94 zephyr/drivers/serial/libdrivers__serial.a(uart_nrfx_uarte.c.obj)
 .text.uarte_0_init
                0x0000c626       0x1e zephyr/drivers/serial/libdrivers__serial.a(uart_nrfx_uarte.c.obj)
 .text.uarte_1_init
                0x0000c644       0x1e zephyr/drivers/serial/libdrivers__serial.a(uart_nrfx_uarte.c.obj)
 .text.sys_clock_idle_exit
                0x0000c662        0x2 zephyr/drivers/timer/libdrivers__timer.a(sys_clock_init.c.obj)
                0x0000c662                sys_clock_idle_exit
 .text.counter_sub
                0x0000c664        0x8 zephyr/drivers/timer/libdrivers__timer.a(nrf_rtc_timer.c.obj)
 .text.event_clear
                0x0000c66c       0x18 zephyr/drivers/timer/libdrivers__timer.a(nrf_rtc_timer.c.obj)
 .text.absolute_time_to_cc
                0x0000c684        0x6 zephyr/drivers/timer/libdrivers__timer.a(nrf_rtc_timer.c.obj)
 .text.full_int_lock
                0x0000c68a       0x12 zephyr/drivers/timer/libdrivers__timer.a(nrf_rtc_timer.c.obj)
 .text.full_int_unlock
                0x0000c69c        0xa zephyr/drivers/timer/libdrivers__timer.a(nrf_rtc_timer.c.obj)
 .text.set_absolute_alarm
                0x0000c6a6       0x76 zephyr/drivers/timer/libdrivers__timer.a(nrf_rtc_timer.c.obj)
 .text.compare_set
                0x0000c71c       0x32 zephyr/drivers/timer/libdrivers__timer.a(nrf_rtc_timer.c.obj)
 .text.k_sys_fatal_error_handler
                0x0000c74e        0x8 modules/nrf/lib/fatal_error/lib..__nrf__lib__fatal_error.a(fatal_error.c.obj)
                0x0000c74e                k_sys_fatal_error_handler
 .text.hw_cc3xx_init_internal
                0x0000c756        0x8 modules/nrf/drivers/hw_cc310/lib..__nrf__drivers__hw_cc310.a(hw_cc310.c.obj)
 .text.hw_cc3xx_init
                0x0000c75e       0x14 modules/nrf/drivers/hw_cc310/lib..__nrf__drivers__hw_cc310.a(hw_cc310.c.obj)
 .text.nrfx_isr
                0x0000c772        0x6 modules/hal_nordic/nrfx/libmodules__hal_nordic__nrfx.a(nrfx_glue.c.obj)
                0x0000c772                nrfx_isr
 .text.nrfx_busy_wait
                0x0000c778        0x8 modules/hal_nordic/nrfx/libmodules__hal_nordic__nrfx.a(nrfx_glue.c.obj)
                0x0000c778                nrfx_busy_wait
 .text.pin_is_task_output
                0x0000c780       0x1e modules/hal_nordic/nrfx/libmodules__hal_nordic__nrfx.a(nrfx_gpiote.c.obj)
 .text.pin_is_input
                0x0000c79e        0xe modules/hal_nordic/nrfx/libmodules__hal_nordic__nrfx.a(nrfx_gpiote.c.obj)
 .text.gpiote_polarity_to_trigger
                0x0000c7ac        0x2 modules/hal_nordic/nrfx/libmodules__hal_nordic__nrfx.a(nrfx_gpiote.c.obj)
 .text.gpiote_trigger_to_polarity
                0x0000c7ae        0x2 modules/hal_nordic/nrfx/libmodules__hal_nordic__nrfx.a(nrfx_gpiote.c.obj)
 .text.is_level
                0x0000c7b0        0xa modules/hal_nordic/nrfx/libmodules__hal_nordic__nrfx.a(nrfx_gpiote.c.obj)
 .text.start_playback
                0x0000c7ba       0x56 modules/hal_nordic/nrfx/libmodules__hal_nordic__nrfx.a(nrfx_pwm.c.obj)
 .text.SEGGER_RTT_Init
                0x0000c810        0x8 modules/segger/libmodules__segger.a(SEGGER_RTT.c.obj)
                0x0000c810                SEGGER_RTT_Init
 .text.rtt_init
                0x0000c818        0xa modules/segger/libmodules__segger.a(SEGGER_RTT_zephyr.c.obj)
 .text.z_device_ready
                0x0000c822       0x1a zephyr/kernel/libkernel.a(device.c.obj)
                0x0000c822                z_device_ready
 .text.create_free_list
                0x0000c83c       0x2e zephyr/kernel/libkernel.a(mem_slab.c.obj)
 .text.k_mem_slab_init
                0x0000c86a       0x1e zephyr/kernel/libkernel.a(mem_slab.c.obj)
                0x0000c86a                k_mem_slab_init
 .text.setup_thread_stack
                0x0000c888       0x24 zephyr/kernel/libkernel.a(thread.c.obj)
 .text.k_is_in_isr
                0x0000c8ac        0xc zephyr/kernel/libkernel.a(thread.c.obj)
                0x0000c8ac                k_is_in_isr
 .text.z_impl_k_thread_start
                0x0000c8b8        0x8 zephyr/kernel/libkernel.a(thread.c.obj)
                0x0000c8b8                z_impl_k_thread_start
 .text.z_init_thread_base
                0x0000c8c0       0x16 zephyr/kernel/libkernel.a(thread.c.obj)
                0x0000c8c0                z_init_thread_base
 .text.z_pm_save_idle_exit
                0x0000c8d6        0xc zephyr/kernel/libkernel.a(idle.c.obj)
                0x0000c8d6                z_pm_save_idle_exit
 .text.new_prio_for_inheritance
                0x0000c8e2       0x16 zephyr/kernel/libkernel.a(mutex.c.obj)
 .text.adjust_owner_prio
                0x0000c8f8       0x16 zephyr/kernel/libkernel.a(mutex.c.obj)
 .text.z_impl_k_mutex_init
                0x0000c90e        0xe zephyr/kernel/libkernel.a(mutex.c.obj)
                0x0000c90e                z_impl_k_mutex_init
 .text.prepare_thread_to_run
                0x0000c91c       0x10 zephyr/kernel/libkernel.a(queue.c.obj)
 .text.z_queue_node_peek
                0x0000c92c       0x1e zephyr/kernel/libkernel.a(queue.c.obj)
                0x0000c92c                z_queue_node_peek
 .text.z_impl_k_queue_init
                0x0000c94a       0x1a zephyr/kernel/libkernel.a(queue.c.obj)
                0x0000c94a                z_impl_k_queue_init
 .text.k_queue_append
                0x0000c964       0x18 zephyr/kernel/libkernel.a(queue.c.obj)
                0x0000c964                k_queue_append
 .text.thread_active_elsewhere
                0x0000c97c        0x4 zephyr/kernel/libkernel.a(sched.c.obj)
 .text.z_sched_prio_cmp
                0x0000c980       0x14 zephyr/kernel/libkernel.a(sched.c.obj)
                0x0000c980                z_sched_prio_cmp
 .text.z_reschedule_irqlock
                0x0000c994       0x2a zephyr/kernel/libkernel.a(sched.c.obj)
                0x0000c994                z_reschedule_irqlock
 .text.z_priq_dumb_best
                0x0000c9be        0xe zephyr/kernel/libkernel.a(sched.c.obj)
                0x0000c9be                z_priq_dumb_best
 .text.z_unpend_all
                0x0000c9cc       0x22 zephyr/kernel/libkernel.a(sched.c.obj)
                0x0000c9cc                z_unpend_all
 .text.init_ready_q
                0x0000c9ee        0x8 zephyr/kernel/libkernel.a(sched.c.obj)
                0x0000c9ee                init_ready_q
 .text.remove_timeout
                0x0000c9f6       0x2e zephyr/kernel/libkernel.a(timeout.c.obj)
 .text.sys_clock_tick_get_32
                0x0000ca24        0x8 zephyr/kernel/libkernel.a(timeout.c.obj)
                0x0000ca24                sys_clock_tick_get_32
 .text.z_impl_k_uptime_ticks
                0x0000ca2c        0x8 zephyr/kernel/libkernel.a(timeout.c.obj)
                0x0000ca2c                z_impl_k_uptime_ticks
 .text.z_impl_k_busy_wait
                0x0000ca34        0xc zephyr/kernel/libkernel.a(timeout.c.obj)
                0x0000ca34                z_impl_k_busy_wait
 .text.sys_clock_timeout_end_calc
                0x0000ca40       0x60 zephyr/kernel/libkernel.a(timeout.c.obj)
                0x0000ca40                sys_clock_timeout_end_calc
 .text.z_impl_k_timer_stop
                0x0000caa0       0x36 zephyr/kernel/libkernel.a(timer.c.obj)
                0x0000caa0                z_impl_k_timer_stop
 .text.poller_thread
                0x0000cad6        0x8 zephyr/kernel/libkernel.a(poll.c.obj)
 .text.signal_triggered_work
                0x0000cade       0x2a zephyr/kernel/libkernel.a(poll.c.obj)
 .text.signal_poll_event
                0x0000cb08       0x44 zephyr/kernel/libkernel.a(poll.c.obj)
 .text.z_handle_obj_poll_events
                0x0000cb4c       0x20 zephyr/kernel/libkernel.a(poll.c.obj)
                0x0000cb4c                z_handle_obj_poll_events
 .text.k_free   0x0000cb6c       0x12 zephyr/kernel/libkernel.a(mempool.c.obj)
                0x0000cb6c                k_free
 .text.k_heap_init
                0x0000cb7e       0x10 zephyr/kernel/libkernel.a(kheap.c.obj)
                0x0000cb7e                k_heap_init
 .text._OffsetAbsSyms
                0x0000cb8e        0x2 zephyr/CMakeFiles/offsets.dir/./arch/arm/core/offsets/offsets.c.obj
                0x0000cb8e                _OffsetAbsSyms
 *(SORT_BY_ALIGNMENT(.TEXT.*))
 .TEXT.z_arm_platform_init
                0x0000cb90        0x4 zephyr/libzephyr.a(soc_nrf_common.S.obj)
                0x0000cb90                z_arm_platform_init
 *(SORT_BY_ALIGNMENT(.gnu.linkonce.t.*))
 *(SORT_BY_ALIGNMENT(.glue_7t))
 .glue_7t       0x0000cb94        0x0 linker stubs
 *(SORT_BY_ALIGNMENT(.glue_7))
 .glue_7        0x0000cb94        0x0 linker stubs
 *(SORT_BY_ALIGNMENT(.vfp11_veneer))
 .vfp11_veneer  0x0000cb94        0x0 linker stubs
 *(SORT_BY_ALIGNMENT(.v4_bx))
 .v4_bx         0x0000cb94        0x0 linker stubs
                0x0000cb94                __text_region_end = .

.ARM.exidx      0x0000cb94        0x8
                0x0000cb94                __exidx_start = .
 *(SORT_BY_ALIGNMENT(.ARM.exidx*) SORT_BY_ALIGNMENT(gnu.linkonce.armexidx.*))
 .ARM.exidx     0x0000cb94        0x8 c:/users/diogo/ncs/v1.9.1/toolchain/opt/bin/../lib/gcc/arm-none-eabi/9.2.1/thumb/v7e-m/nofp\libgcc.a(_udivmoddi4.o)
                0x0000cb9c                __exidx_end = .
                0x0000cb9c                __rodata_region_start = .

initlevel       0x0000cb9c       0x80
                0x0000cb9c                __init_start = .
                0x0000cb9c                __init_PRE_KERNEL_1_start = .
 *(SORT_BY_NAME(SORT_BY_ALIGNMENT(.z_init_PRE_KERNEL_1[0-9]_*)))
 .z_init_PRE_KERNEL_10_
                0x0000cb9c        0x8 zephyr/soc/arm/nordic_nrf/nrf52/libsoc__arm__nordic_nrf__nrf52.a(soc.c.obj)
 *(SORT_BY_NAME(SORT_BY_ALIGNMENT(.z_init_PRE_KERNEL_1[1-9][0-9]_*)))
 .z_init_PRE_KERNEL_130_
                0x0000cba4        0x8 zephyr/drivers/clock_control/libdrivers__clock_control.a(clock_control_nrf.c.obj)
 .z_init_PRE_KERNEL_130_
                0x0000cbac        0x8 modules/segger/libmodules__segger.a(SEGGER_RTT_zephyr.c.obj)
 .z_init_PRE_KERNEL_130_
                0x0000cbb4        0x8 zephyr/kernel/libkernel.a(mem_slab.c.obj)
 .z_init_PRE_KERNEL_130_
                0x0000cbbc        0x8 zephyr/kernel/libkernel.a(kheap.c.obj)
 .z_init_PRE_KERNEL_140_
                0x0000cbc4       0x10 zephyr/drivers/gpio/libdrivers__gpio.a(gpio_nrfx.c.obj)
 .z_init_PRE_KERNEL_140_
                0x0000cbd4        0x8 modules/nrf/drivers/hw_cc310/lib..__nrf__drivers__hw_cc310.a(hw_cc310.c.obj)
 .z_init_PRE_KERNEL_155_
                0x0000cbdc       0x10 zephyr/drivers/serial/libdrivers__serial.a(uart_nrfx_uarte.c.obj)
 .z_init_PRE_KERNEL_160_
                0x0000cbec        0x8 zephyr/drivers/console/libdrivers__console.a(uart_console.c.obj)
                0x0000cbf4                __init_PRE_KERNEL_2_start = .
 *(SORT_BY_NAME(SORT_BY_ALIGNMENT(.z_init_PRE_KERNEL_2[0-9]_*)))
 .z_init_PRE_KERNEL_20_
                0x0000cbf4        0x8 zephyr/drivers/timer/libdrivers__timer.a(nrf_rtc_timer.c.obj)
 *(SORT_BY_NAME(SORT_BY_ALIGNMENT(.z_init_PRE_KERNEL_2[1-9][0-9]_*)))
                0x0000cbfc                __init_POST_KERNEL_start = .
 *(SORT_BY_NAME(SORT_BY_ALIGNMENT(.z_init_POST_KERNEL[0-9]_*)))
 *(SORT_BY_NAME(SORT_BY_ALIGNMENT(.z_init_POST_KERNEL[1-9][0-9]_*)))
 .z_init_POST_KERNEL40_
                0x0000cbfc        0x8 modules/nrf/drivers/hw_cc310/lib..__nrf__drivers__hw_cc310.a(hw_cc310.c.obj)
 .z_init_POST_KERNEL40_
                0x0000cc04        0x8 zephyr/kernel/libkernel.a(system_work_q.c.obj)
 .z_init_POST_KERNEL50_
                0x0000cc0c        0x8 zephyr/drivers/adc/libdrivers__adc.a(adc_nrfx_saadc.c.obj)
 .z_init_POST_KERNEL50_
                0x0000cc14        0x8 zephyr/drivers/pwm/libdrivers__pwm.a(pwm_nrfx.c.obj)
                0x0000cc1c                __init_APPLICATION_start = .
 *(SORT_BY_NAME(SORT_BY_ALIGNMENT(.z_init_APPLICATION[0-9]_*)))
 *(SORT_BY_NAME(SORT_BY_ALIGNMENT(.z_init_APPLICATION[1-9][0-9]_*)))
                0x0000cc1c                __init_SMP_start = .
 *(SORT_BY_NAME(SORT_BY_ALIGNMENT(.z_init_SMP[0-9]_*)))
 *(SORT_BY_NAME(SORT_BY_ALIGNMENT(.z_init_SMP[1-9][0-9]_*)))
                0x0000cc1c                __init_end = .

devices         0x0000cc1c       0xa8
                0x0000cc1c                __device_start = .
                0x0000cc1c                __device_PRE_KERNEL_1_start = .
 *(SORT_BY_NAME(SORT_BY_ALIGNMENT(.z_device_PRE_KERNEL_1[0-9]_*)))
 *(SORT_BY_NAME(SORT_BY_ALIGNMENT(.z_device_PRE_KERNEL_1[1-9][0-9]_*)))
 .z_device_PRE_KERNEL_130_
                0x0000cc1c       0x18 zephyr/drivers/clock_control/libdrivers__clock_control.a(clock_control_nrf.c.obj)
                0x0000cc1c                __device_dts_ord_27
 .z_device_PRE_KERNEL_140_
                0x0000cc34       0x30 zephyr/drivers/gpio/libdrivers__gpio.a(gpio_nrfx.c.obj)
                0x0000cc34                __device_dts_ord_54
                0x0000cc4c                __device_dts_ord_11
 .z_device_PRE_KERNEL_155_
                0x0000cc64       0x30 zephyr/drivers/serial/libdrivers__serial.a(uart_nrfx_uarte.c.obj)
                0x0000cc64                __device_dts_ord_63
                0x0000cc7c                __device_dts_ord_62
                0x0000cc94                __device_PRE_KERNEL_2_start = .
 *(SORT_BY_NAME(SORT_BY_ALIGNMENT(.z_device_PRE_KERNEL_2[0-9]_*)))
 *(SORT_BY_NAME(SORT_BY_ALIGNMENT(.z_device_PRE_KERNEL_2[1-9][0-9]_*)))
                0x0000cc94                __device_POST_KERNEL_start = .
 *(SORT_BY_NAME(SORT_BY_ALIGNMENT(.z_device_POST_KERNEL[0-9]_*)))
 *(SORT_BY_NAME(SORT_BY_ALIGNMENT(.z_device_POST_KERNEL[1-9][0-9]_*)))
 .z_device_POST_KERNEL50_
                0x0000cc94       0x18 zephyr/drivers/adc/libdrivers__adc.a(adc_nrfx_saadc.c.obj)
                0x0000cc94                __device_dts_ord_26
 .z_device_POST_KERNEL50_
                0x0000ccac       0x18 zephyr/drivers/pwm/libdrivers__pwm.a(pwm_nrfx.c.obj)
                0x0000ccac                __device_dts_ord_24
                0x0000ccc4                __device_APPLICATION_start = .
 *(SORT_BY_NAME(SORT_BY_ALIGNMENT(.z_device_APPLICATION[0-9]_*)))
 *(SORT_BY_NAME(SORT_BY_ALIGNMENT(.z_device_APPLICATION[1-9][0-9]_*)))
                0x0000ccc4                __device_SMP_start = .
 *(SORT_BY_NAME(SORT_BY_ALIGNMENT(.z_device_SMP[0-9]_*)))
 *(SORT_BY_NAME(SORT_BY_ALIGNMENT(.z_device_SMP[1-9][0-9]_*)))
                0x0000ccc4                __device_end = .

sw_isr_table    0x0000ccc4      0x180
                0x0000ccc4                . = ALIGN (0x0)
 *(SORT_BY_ALIGNMENT(.gnu.linkonce.sw_isr_table*))
 .gnu.linkonce.sw_isr_table
                0x0000ccc4      0x180 zephyr/arch/common/libisr_tables.a(isr_tables.c.obj)
                0x0000ccc4                _sw_isr_table

initlevel_error
                0x0000cb9c        0x0
 *(SORT_BY_NAME(SORT_BY_ALIGNMENT(.z_init_[_A-Z0-9]*)))
                0x00000001                ASSERT ((SIZEOF (initlevel_error) == 0x0), Undefined initialization levels used.)

app_shmem_regions
                0x0000ce44        0x0
                0x0000ce44                __app_shmem_regions_start = .
 *(SORT_BY_NAME(SORT_BY_ALIGNMENT(.app_regions.*)))
                0x0000ce44                __app_shmem_regions_end = .

bt_l2cap_fixed_chan_area
                0x0000ce44        0x0
                0x0000ce44                _bt_l2cap_fixed_chan_list_start = .
 *(SORT_BY_NAME(SORT_BY_ALIGNMENT(._bt_l2cap_fixed_chan.static.*)))
                0x0000ce44                _bt_l2cap_fixed_chan_list_end = .

bt_gatt_service_static_area
                0x0000ce44        0x0
                0x0000ce44                _bt_gatt_service_static_list_start = .
 *(SORT_BY_NAME(SORT_BY_ALIGNMENT(._bt_gatt_service_static.static.*)))
                0x0000ce44                _bt_gatt_service_static_list_end = .

k_p4wq_initparam_area
                0x0000ce44        0x0
                0x0000ce44                _k_p4wq_initparam_list_start = .
 *(SORT_BY_NAME(SORT_BY_ALIGNMENT(._k_p4wq_initparam.static.*)))
                0x0000ce44                _k_p4wq_initparam_list_end = .

log_strings_sections
                0x0000ce44        0x0
                0x0000ce44                __log_strings_start = .
 *(SORT_BY_NAME(SORT_BY_ALIGNMENT(.log_strings*)))
                0x0000ce44                __log_strings_end = .

log_const_sections
                0x0000ce44        0x0
                0x0000ce44                __log_const_start = .
 *(SORT_BY_NAME(SORT_BY_ALIGNMENT(.log_const_*)))
                0x0000ce44                __log_const_end = .

log_backends_sections
                0x0000ce44        0x0
                0x0000ce44                __log_backends_start = .
 *(SORT_BY_ALIGNMENT(._log_backend.*))
                0x0000ce44                __log_backends_end = .

shell_area      0x0000ce44        0x0
                0x0000ce44                _shell_list_start = .
 *(SORT_BY_NAME(SORT_BY_ALIGNMENT(._shell.static.*)))
                0x0000ce44                _shell_list_end = .

shell_root_cmds_sections
                0x0000ce44        0x0
                0x0000ce44                __shell_root_cmds_start = .
 *(SORT_BY_NAME(SORT_BY_ALIGNMENT(.shell_root_cmd_*)))
                0x0000ce44                __shell_root_cmds_end = .

font_entry_sections
                0x0000ce44        0x0
                0x0000ce44                __font_entry_start = .
 *(SORT_BY_NAME(SORT_BY_ALIGNMENT(._cfb_font.*)))
                0x0000ce44                __font_entry_end = .

tracing_backend_area
                0x0000ce44        0x0
                0x0000ce44                _tracing_backend_list_start = .
 *(SORT_BY_NAME(SORT_BY_ALIGNMENT(._tracing_backend.static.*)))
                0x0000ce44                _tracing_backend_list_end = .

zephyr_dbg_info
                0x0000ce44       0x3c
 *(SORT_BY_ALIGNMENT(.dbg_thread_info))
 .dbg_thread_info
                0x0000ce44       0x3c zephyr/libzephyr.a(thread_info.c.obj)
                0x0000ce44                _kernel_openocd_size_t_size
                0x0000ce44                _kernel_thread_info_size_t_size
                0x0000ce48                _kernel_openocd_num_offsets
                0x0000ce48                _kernel_thread_info_num_offsets
                0x0000ce4c                _kernel_openocd_offsets
                0x0000ce4c                _kernel_thread_info_offsets

device_handles  0x0000ce80       0x2a
                0x0000ce80                __device_handles_start = .
 *(SORT_BY_NAME(SORT_BY_ALIGNMENT(.__device_handles_pass2*)))
 .__device_handles_pass2
                0x0000ce80       0x2a zephyr/CMakeFiles/zephyr_pre1.dir/dev_handles.c.obj
                0x0000ce80                __devicehdl_DT_N_S_soc_S_pwm_4001c000
                0x0000ce86                __devicehdl_DT_N_S_soc_S_adc_40007000
                0x0000ce8c                __devicehdl_DT_N_S_soc_S_uart_40002000
                0x0000ce92                __devicehdl_DT_N_S_soc_S_uart_40028000
                0x0000ce98                __devicehdl_DT_N_S_soc_S_gpio_50000000
                0x0000ce9e                __devicehdl_DT_N_S_soc_S_gpio_50000300
                0x0000cea4                __devicehdl_DT_N_S_soc_S_clock_40000000
                0x0000ceaa                __device_handles_end = .

rodata          0x0000ceb0     0x185c
 *(SORT_BY_ALIGNMENT(.rodata))
 .rodata        0x0000ceb0        0x8 modules/hal_nordic/nrfx/libmodules__hal_nordic__nrfx.a(nrfx_gpiote.c.obj)
 *(SORT_BY_ALIGNMENT(.rodata.*))
 *fill*         0x0000ceb8        0x8 
 .rodata.delay_machine_code.12419
                0x0000cec0        0x6 zephyr/soc/arm/nordic_nrf/nrf52/libsoc__arm__nordic_nrf__nrf52.a(soc.c.obj)
 *fill*         0x0000cec6        0x2 
 .rodata.adc_sample.str1.4
                0x0000cec8       0x50 app/libapp.a(main.c.obj)
 .rodata.thread_A_code.str1.4
                0x0000cf18       0x22 app/libapp.a(main.c.obj)
 *fill*         0x0000cf3a        0x2 
 .rodata.thread_B_code.str1.4
                0x0000cf3c        0xa app/libapp.a(main.c.obj)
 *fill*         0x0000cf46        0x2 
 .rodata.thread_C_code.str1.4
                0x0000cf48       0x6a app/libapp.a(main.c.obj)
 *fill*         0x0000cfb2        0x2 
 .rodata.main.str1.4
                0x0000cfb4       0x5b app/libapp.a(main.c.obj)
 *fill*         0x0000d00f        0x1 
 .rodata.my_channel_cfg
                0x0000d010        0x8 app/libapp.a(main.c.obj)
 .rodata.sys_notify_finalize.str1.4
                0x0000d018       0x41 zephyr/libzephyr.a(notify.c.obj)
                                 0x45 (size before relaxing)
 *fill*         0x0000d059        0x3 
 .rodata.process_complete.str1.4
                0x0000d05c       0x4b zephyr/libzephyr.a(onoff.c.obj)
                                 0x6e (size before relaxing)
 *fill*         0x0000d0a7        0x1 
 .rodata.process_event.str1.4
                0x0000d0a8      0x134 zephyr/libzephyr.a(onoff.c.obj)
 .rodata.sys_heap_free.str1.4
                0x0000d1dc       0xd4 zephyr/libzephyr.a(heap.c.obj)
                                 0xf4 (size before relaxing)
 .rodata.sys_heap_aligned_alloc.str1.4
                0x0000d2b0       0x39 zephyr/libzephyr.a(heap.c.obj)
 *fill*         0x0000d2e9        0x3 
 .rodata.sys_heap_init.str1.4
                0x0000d2ec       0xc7 zephyr/libzephyr.a(heap.c.obj)
 *fill*         0x0000d3b3        0x1 
 .rodata.cbvprintf.str1.4
                0x0000d3b4        0x6 zephyr/libzephyr.a(cbprintf_complete.c.obj)
 *fill*         0x0000d3ba        0x2 
 .rodata.sys_reboot.str1.4
                0x0000d3bc       0x29 zephyr/libzephyr.a(reboot.c.obj)
 .rodata.pm_system_resume.str1.4
                0x0000d3e5       0xa5 zephyr/libzephyr.a(pm.c.obj)
 *fill*         0x0000d3e5        0x3 
 .rodata.apis   0x0000d3e8        0x8 zephyr/libzephyr.a(nrf_cc3xx_platform_abort_zephyr.c.obj)
 .rodata.mutex_free_platform.str1.4
                0x0000d3f0       0x26 zephyr/libzephyr.a(nrf_cc3xx_platform_mutex_zephyr.c.obj)
 *fill*         0x0000d416        0x2 
 .rodata.mutex_init_platform.str1.4
                0x0000d418       0x2d zephyr/libzephyr.a(nrf_cc3xx_platform_mutex_zephyr.c.obj)
 *fill*         0x0000d445        0x3 
 .rodata.mutex_apis
                0x0000d448       0x10 zephyr/libzephyr.a(nrf_cc3xx_platform_mutex_zephyr.c.obj)
 .rodata.mutexes
                0x0000d458       0x14 zephyr/libzephyr.a(nrf_cc3xx_platform_mutex_zephyr.c.obj)
 .rodata.z_arm_irq_priority_set.str1.4
                0x0000d46c       0x94 zephyr/arch/arch/arm/core/aarch32/libarch__arm__core__aarch32.a(irq_manage.c.obj)
                                 0xb4 (size before relaxing)
 .rodata.mem_manage_fault.str1.4
                0x0000d500       0xab zephyr/arch/arch/arm/core/aarch32/cortex_m/libarch__arm__core__aarch32__cortex_m.a(fault.c.obj)
                                 0xcb (size before relaxing)
 *fill*         0x0000d5ab        0x1 
 .rodata.hard_fault.str1.4
                0x0000d5ac       0x54 zephyr/arch/arch/arm/core/aarch32/cortex_m/libarch__arm__core__aarch32__cortex_m.a(fault.c.obj)
                                 0x58 (size before relaxing)
 .rodata.z_arm_fault.str1.4
                0x0000d600       0x52 zephyr/arch/arch/arm/core/aarch32/cortex_m/libarch__arm__core__aarch32__cortex_m.a(fault.c.obj)
 *fill*         0x0000d652        0x2 
 .rodata.static_regions
                0x0000d654        0xc zephyr/arch/arch/arm/core/aarch32/mpu/libarch__arm__core__aarch32__mpu.a(arm_core_mpu.c.obj)
 .rodata.arm_core_mpu_configure_static_mpu_regions.str1.4
                0x0000d660       0x64 zephyr/arch/arch/arm/core/aarch32/mpu/libarch__arm__core__aarch32__mpu.a(arm_mpu.c.obj)
                                 0x88 (size before relaxing)
 .rodata.arm_core_mpu_configure_dynamic_mpu_regions.str1.4
                0x0000d6c4       0x2d zephyr/arch/arch/arm/core/aarch32/mpu/libarch__arm__core__aarch32__mpu.a(arm_mpu.c.obj)
 *fill*         0x0000d6f1        0x3 
 .rodata.z_arm_mpu_init.str1.4
                0x0000d6f4       0xa5 zephyr/arch/arch/arm/core/aarch32/mpu/libarch__arm__core__aarch32__mpu.a(arm_mpu.c.obj)
 *fill*         0x0000d799        0x3 
 .rodata.str1.4
                0x0000d79c        0xf zephyr/soc/arm/common/cortex_m/libsoc__arm__common__cortex_m.a(arm_mpu_regions.c.obj)
 *fill*         0x0000d7ab        0x1 
 .rodata.mpu_config
                0x0000d7ac        0x8 zephyr/soc/arm/common/cortex_m/libsoc__arm__common__cortex_m.a(arm_mpu_regions.c.obj)
                0x0000d7ac                mpu_config
 .rodata.mpu_regions
                0x0000d7b4       0x18 zephyr/soc/arm/common/cortex_m/libsoc__arm__common__cortex_m.a(arm_mpu_regions.c.obj)
 .rodata.str1.4
                0x0000d7cc        0x6 zephyr/drivers/adc/libdrivers__adc.a(adc_nrfx_saadc.c.obj)
 .rodata.adc_nrfx_driver_api
                0x0000d7cc       0x10 zephyr/drivers/adc/libdrivers__adc.a(adc_nrfx_saadc.c.obj)
 .rodata.get_status.str1.4
                0x0000d7dc       0x64 zephyr/drivers/clock_control/libdrivers__clock_control.a(clock_control_nrf.c.obj)
                                 0x81 (size before relaxing)
 .rodata.clock_event_handler.str1.4
                0x0000d840        0x2 zephyr/drivers/clock_control/libdrivers__clock_control.a(clock_control_nrf.c.obj)
 .rodata.z_nrf_clock_control_lf_on.str1.4
                0x0000d840        0x9 zephyr/drivers/clock_control/libdrivers__clock_control.a(clock_control_nrf.c.obj)
 *fill*         0x0000d849        0x3 
 .rodata.str1.4
                0x0000d84c        0x6 zephyr/drivers/clock_control/libdrivers__clock_control.a(clock_control_nrf.c.obj)
 *fill*         0x0000d852        0x2 
 .rodata.clock_control_api
                0x0000d854       0x18 zephyr/drivers/clock_control/libdrivers__clock_control.a(clock_control_nrf.c.obj)
 .rodata.config
                0x0000d86c       0x10 zephyr/drivers/clock_control/libdrivers__clock_control.a(clock_control_nrf.c.obj)
 .rodata.transitions.11177
                0x0000d87c        0xc zephyr/drivers/clock_control/libdrivers__clock_control.a(clock_control_nrf.c.obj)
 .rodata.gpio_nrfx_manage_callback.str1.4
                0x0000d888       0x77 zephyr/drivers/gpio/libdrivers__gpio.a(gpio_nrfx.c.obj)
                                 0x97 (size before relaxing)
 *fill*         0x0000d8ff        0x1 
 .rodata.nrfx_gpio_handler.str1.4
                0x0000d900        0xc zephyr/drivers/gpio/libdrivers__gpio.a(gpio_nrfx.c.obj)
 .rodata.gpio_nrfx_pin_interrupt_configure.str1.4
                0x0000d90c       0x57 zephyr/drivers/gpio/libdrivers__gpio.a(gpio_nrfx.c.obj)
                                 0x5a (size before relaxing)
 *fill*         0x0000d963        0x1 
 .rodata.str1.4
                0x0000d964        0xf zephyr/drivers/gpio/libdrivers__gpio.a(gpio_nrfx.c.obj)
 *fill*         0x0000d973        0x1 
 .rodata.gpio_nrfx_drv_api_funcs
                0x0000d974       0x24 zephyr/drivers/gpio/libdrivers__gpio.a(gpio_nrfx.c.obj)
 .rodata.gpio_nrfx_p0_cfg