Archive member included to satisfy reference by file (symbol)

app/libapp.a(main.c.obj)      (--whole-archive)
zephyr/libzephyr.a(cbprintf.c.obj)
                              (--whole-archive)
zephyr/libzephyr.a(cbprintf_packaged.c.obj)
                              (--whole-archive)
zephyr/libzephyr.a(crc32c_sw.c.obj)
                              (--whole-archive)
zephyr/libzephyr.a(crc32_sw.c.obj)
                              (--whole-archive)
zephyr/libzephyr.a(crc16_sw.c.obj)
                              (--whole-archive)
zephyr/libzephyr.a(crc8_sw.c.obj)
                              (--whole-archive)
zephyr/libzephyr.a(crc7_sw.c.obj)
                              (--whole-archive)
zephyr/libzephyr.a(dec.c.obj)
                              (--whole-archive)
zephyr/libzephyr.a(fdtable.c.obj)
                              (--whole-archive)
zephyr/libzephyr.a(hex.c.obj)
                              (--whole-archive)
zephyr/libzephyr.a(notify.c.obj)
                              (--whole-archive)
zephyr/libzephyr.a(printk.c.obj)
                              (--whole-archive)
zephyr/libzephyr.a(onoff.c.obj)
                              (--whole-archive)
zephyr/libzephyr.a(rb.c.obj)  (--whole-archive)
zephyr/libzephyr.a(sem.c.obj)
                              (--whole-archive)
zephyr/libzephyr.a(thread_entry.c.obj)
                              (--whole-archive)
zephyr/libzephyr.a(timeutil.c.obj)
                              (--whole-archive)
zephyr/libzephyr.a(heap.c.obj)
                              (--whole-archive)
zephyr/libzephyr.a(heap-validate.c.obj)
                              (--whole-archive)
zephyr/libzephyr.a(bitarray.c.obj)
                              (--whole-archive)
zephyr/libzephyr.a(multi_heap.c.obj)
                              (--whole-archive)
zephyr/libzephyr.a(cbprintf_complete.c.obj)
                              (--whole-archive)
zephyr/libzephyr.a(assert.c.obj)
                              (--whole-archive)
zephyr/libzephyr.a(reboot.c.obj)
                              (--whole-archive)
zephyr/libzephyr.a(configs.c.obj)
                              (--whole-archive)
zephyr/libzephyr.a(soc_nrf_common.S.obj)
                              (--whole-archive)
zephyr/libzephyr.a(validate_base_addresses.c.obj)
                              (--whole-archive)
zephyr/libzephyr.a(validate_enabled_instances.c.obj)
                              (--whole-archive)
zephyr/libzephyr.a(thread_info.c.obj)
                              (--whole-archive)
zephyr/libzephyr.a(pm.c.obj)  (--whole-archive)
zephyr/libzephyr.a(constraint.c.obj)
                              (--whole-archive)
zephyr/libzephyr.a(residency.c.obj)
                              (--whole-archive)
zephyr/libzephyr.a(tracing_none.c.obj)
                              (--whole-archive)
zephyr/libzephyr.a(nrf_cc3xx_platform_abort_zephyr.c.obj)
                              (--whole-archive)
zephyr/libzephyr.a(nrf_cc3xx_platform_mutex_zephyr.c.obj)
                              (--whole-archive)
zephyr/arch/common/libarch__common.a(sw_isr_common.c.obj)
                              (--whole-archive)
zephyr/arch/arch/arm/core/aarch32/libarch__arm__core__aarch32.a(cpu_idle.S.obj)
                              (--whole-archive)
zephyr/arch/arch/arm/core/aarch32/libarch__arm__core__aarch32.a(fatal.c.obj)
                              (--whole-archive)
zephyr/arch/arch/arm/core/aarch32/libarch__arm__core__aarch32.a(irq_manage.c.obj)
                              (--whole-archive)
zephyr/arch/arch/arm/core/aarch32/libarch__arm__core__aarch32.a(nmi.c.obj)
                              (--whole-archive)
zephyr/arch/arch/arm/core/aarch32/libarch__arm__core__aarch32.a(nmi_on_reset.S.obj)
                              (--whole-archive)
zephyr/arch/arch/arm/core/aarch32/libarch__arm__core__aarch32.a(prep_c.c.obj)
                              (--whole-archive)
zephyr/arch/arch/arm/core/aarch32/libarch__arm__core__aarch32.a(swap.c.obj)
                              (--whole-archive)
zephyr/arch/arch/arm/core/aarch32/libarch__arm__core__aarch32.a(swap_helper.S.obj)
                              (--whole-archive)
zephyr/arch/arch/arm/core/aarch32/libarch__arm__core__aarch32.a(thread.c.obj)
                              (--whole-archive)
zephyr/arch/arch/arm/core/aarch32/libarch__arm__core__aarch32.a(isr_wrapper.S.obj)
                              (--whole-archive)
zephyr/arch/arch/arm/core/aarch32/cortex_m/libarch__arm__core__aarch32__cortex_m.a(exc_exit.S.obj)
                              (--whole-archive)
zephyr/arch/arch/arm/core/aarch32/cortex_m/libarch__arm__core__aarch32__cortex_m.a(fault.c.obj)
                              (--whole-archive)
zephyr/arch/arch/arm/core/aarch32/cortex_m/libarch__arm__core__aarch32__cortex_m.a(fault_s.S.obj)
                              (--whole-archive)
zephyr/arch/arch/arm/core/aarch32/cortex_m/libarch__arm__core__aarch32__cortex_m.a(fpu.c.obj)
                              (--whole-archive)
[...]
Memory Configuration

Name             Origin             Length             Attributes
FLASH            0x00000000         0x00100000         xr
SRAM             0x20000000         0x00040000         xw
IDT_LIST         0xfffff7ff         0x00000800         xw
*default*        0x00000000         0xffffffff

Linker script and memory map

LOAD zephyr/CMakeFiles/zephyr_pre1.dir/misc/empty_file.c.obj
LOAD zephyr/CMakeFiles/zephyr_pre1.dir/dev_handles.c.obj
                0x00000020                _region_min_align = 0x20

.rel.plt        0x00000000        0x0
 *(SORT_BY_ALIGNMENT(.rel.plt))
                [!provide]                PROVIDE (__rel_iplt_start = .)
 *(SORT_BY_ALIGNMENT(.rel.iplt))
 .rel.iplt      0x00000000        0x0 zephyr/CMakeFiles/zephyr_pre1.dir/dev_handles.c.obj
                [!provide]                PROVIDE (__rel_iplt_end = .)

.rela.plt       0x00000000        0x0
 *(SORT_BY_ALIGNMENT(.rela.plt))
                [!provide]                PROVIDE (__rela_iplt_start = .)
 *(SORT_BY_ALIGNMENT(.rela.iplt))
                [!provide]                PROVIDE (__rela_iplt_end = .)

.rel.dyn
 *(SORT_BY_ALIGNMENT(.rel.*))

.rela.dyn
 *(SORT_BY_ALIGNMENT(.rela.*))

/DISCARD/
 *(SORT_BY_ALIGNMENT(.plt))
 *(SORT_BY_ALIGNMENT(.iplt))
 *(SORT_BY_ALIGNMENT(.got.plt))
 *(SORT_BY_ALIGNMENT(.igot.plt))
 *(SORT_BY_ALIGNMENT(.got))
 *(SORT_BY_ALIGNMENT(.igot))
 *(SORT_BY_ALIGNMENT(.note.GNU-stack))
                0x00000000                __rom_region_start = 0x0

rom_start       0x00000000      0x100
                0x00000000                . = 0x0
                0x00000000                . = ALIGN (0x4)
                0x00000000                . = ALIGN (0x80)
                0x00000000                . = ALIGN (0x100)
                0x00000000                _vector_start = .
 *(SORT_BY_ALIGNMENT(.exc_vector_table))
 *(SORT_BY_ALIGNMENT(.exc_vector_table.*))
 .exc_vector_table._vector_table_section
                0x00000000       0x40 zephyr/arch/arch/arm/core/aarch32/cortex_m/libarch__arm__core__aarch32__cortex_m.a(vector_table.S.obj)
                0x00000000                _vector_table
 *(SORT_BY_ALIGNMENT(.gnu.linkonce.irq_vector_table*))
 .gnu.linkonce.irq_vector_table
                0x00000040       0xc0 zephyr/arch/common/libisr_tables.a(isr_tables.c.obj)
                0x00000040                _irq_vector_table
 *(SORT_BY_ALIGNMENT(.vectors))
                0x00000100                _vector_end = .

text            0x00000100     0xbed0
                0x00000100                __text_region_start = .
 *(SORT_BY_ALIGNMENT(.text))
 .text          0x00000100      0x378 c:/users/diogo/ncs/v1.9.1/toolchain/opt/bin/../lib/gcc/arm-none-eabi/9.2.1/thumb/v7e-m/nofp\libgcc.a(_arm_addsubdf3.o)
                0x00000100                __aeabi_drsub
                0x00000108                __aeabi_dsub
                0x00000108                __subdf3
                0x0000010c                __aeabi_dadd
                0x0000010c                __adddf3
                0x00000384                __floatunsidf
                0x00000384                __aeabi_ui2d
                0x000003a4                __floatsidf
                0x000003a4                __aeabi_i2d
                0x000003c8                __aeabi_f2d
                0x000003c8                __extendsfdf2
                0x0000040c                __floatundidf
                0x0000040c                __aeabi_ul2d
                0x0000041c                __floatdidf
                0x0000041c                __aeabi_l2d
 .text          0x00000478      0x424 c:/users/diogo/ncs/v1.9.1/toolchain/opt/bin/../lib/gcc/arm-none-eabi/9.2.1/thumb/v7e-m/nofp\libgcc.a(_arm_muldivdf3.o)
                0x00000478                __aeabi_dmul
                0x00000478                __muldf3
                0x000006cc                __divdf3
                0x000006cc                __aeabi_ddiv
 .text          0x0000089c       0xa0 c:/users/diogo/ncs/v1.9.1/toolchain/opt/bin/../lib/gcc/arm-none-eabi/9.2.1/thumb/v7e-m/nofp\libgcc.a(_arm_truncdfsf2.o)
                0x0000089c                __truncdfsf2
                0x0000089c                __aeabi_d2f
 .text          0x0000093c      0x21c c:/users/diogo/ncs/v1.9.1/toolchain/opt/bin/../lib/gcc/arm-none-eabi/9.2.1/thumb/v7e-m/nofp\libgcc.a(_arm_addsubsf3.o)
                0x0000093c                __aeabi_frsub
                0x00000944                __subsf3
                0x00000944                __aeabi_fsub
                0x00000948                __aeabi_fadd
                0x00000948                __addsf3
                0x00000aa8                __aeabi_ui2f
                0x00000aa8                __floatunsisf
                0x00000ab0                __aeabi_i2f
                0x00000ab0                __floatsisf
                0x00000acc                __aeabi_ul2f
                0x00000acc                __floatundisf
                0x00000adc                __aeabi_l2f
                0x00000adc                __floatdisf
 .text          0x00000b58      0x2a0 c:/users/diogo/ncs/v1.9.1/toolchain/opt/bin/../lib/gcc/arm-none-eabi/9.2.1/thumb/v7e-m/nofp\libgcc.a(_arm_muldivsf3.o)
                0x00000b58                __mulsf3
                0x00000b58                __aeabi_fmul
                0x00000cc0                __aeabi_fdiv
                0x00000cc0                __divsf3
 .text          0x00000df8       0xec c:/users/diogo/ncs/v1.9.1/toolchain/opt/bin/../lib/gcc/arm-none-eabi/9.2.1/thumb/v7e-m/nofp\libgcc.a(_arm_cmpsf2.o)
                0x00000df8                __gesf2
                0x00000df8                __gtsf2
                0x00000e00                __lesf2
                0x00000e00                __ltsf2
                0x00000e08                __nesf2
                0x00000e08                __eqsf2
                0x00000e08                __cmpsf2
                0x00000e68                __aeabi_cfrcmple
                0x00000e70                __aeabi_cfcmpeq
                0x00000e70                __aeabi_cfcmple
                0x00000e80                __aeabi_fcmpeq
                0x00000e94                __aeabi_fcmplt
                0x00000ea8                __aeabi_fcmple
                0x00000ebc                __aeabi_fcmpge
                0x00000ed0                __aeabi_fcmpgt
 .text          0x00000ee4       0x4c c:/users/diogo/ncs/v1.9.1/toolchain/opt/bin/../lib/gcc/arm-none-eabi/9.2.1/thumb/v7e-m/nofp\libgcc.a(_arm_fixsfsi.o)
                0x00000ee4                __aeabi_f2iz
                0x00000ee4                __fixsfsi
 .text          0x00000f30       0x40 c:/users/diogo/ncs/v1.9.1/toolchain/opt/bin/../lib/gcc/arm-none-eabi/9.2.1/thumb/v7e-m/nofp\libgcc.a(_arm_fixunssfsi.o)
                0x00000f30                __fixunssfsi
                0x00000f30                __aeabi_f2uiz
 .text          0x00000f70       0x30 c:/users/diogo/ncs/v1.9.1/toolchain/opt/bin/../lib/gcc/arm-none-eabi/9.2.1/thumb/v7e-m/nofp\libgcc.a(_aeabi_uldivmod.o)
                0x00000f70                __aeabi_uldivmod
 .text          0x00000fa0      0x2c0 c:/users/diogo/ncs/v1.9.1/toolchain/opt/bin/../lib/gcc/arm-none-eabi/9.2.1/thumb/v7e-m/nofp\libgcc.a(_udivmoddi4.o)
                0x00000fa0                __udivmoddi4
 .text          0x00001260        0x4 c:/users/diogo/ncs/v1.9.1/toolchain/opt/bin/../lib/gcc/arm-none-eabi/9.2.1/thumb/v7e-m/nofp\libgcc.a(_dvmd_tls.o)
                0x00001260                __aeabi_idiv0
                0x00001260                __aeabi_ldiv0
 *(SORT_BY_ALIGNMENT(.text.*))
 *fill*         0x00001264        0x4 
 .text.thread_B_code
                0x00001268       0xe8 app/libapp.a(main.c.obj)
                0x00001268                thread_B_code
 .text.adc_sample
                0x00001350       0x58 app/libapp.a(main.c.obj)
 .text.thread_A_code
                0x000013a8      0x120 app/libapp.a(main.c.obj)
                0x000013a8                thread_A_code
 .text.thread_C_code
                0x000014c8      0x150 app/libapp.a(main.c.obj)
                0x000014c8                thread_C_code
 .text.main     0x00001618      0x10c app/libapp.a(main.c.obj)
                0x00001618                main
 .text.sys_notify_finalize
                0x00001724       0x64 zephyr/libzephyr.a(notify.c.obj)
                0x00001724                sys_notify_finalize
 .text.char_out
                0x00001788       0x14 zephyr/libzephyr.a(printk.c.obj)
 .text.__printk_hook_install
                0x0000179c        0xc zephyr/libzephyr.a(printk.c.obj)
                0x0000179c                __printk_hook_install
 .text.vprintk  0x000017a8       0x20 zephyr/libzephyr.a(printk.c.obj)
                0x000017a8                vprintk
 .text.vsnprintk
                0x000017c8       0x2c zephyr/libzephyr.a(printk.c.obj)
                0x000017c8                vsnprintk
 .text.process_complete
                0x000017f4       0xe4 zephyr/libzephyr.a(onoff.c.obj)
 .text.process_event
                0x000018d8      0x3e0 zephyr/libzephyr.a(onoff.c.obj)
 .text.transition_complete
                0x00001cb8       0x6c zephyr/libzephyr.a(onoff.c.obj)
 .text.onoff_request
                0x00001d24      0x17c zephyr/libzephyr.a(onoff.c.obj)
                0x00001d24                onoff_request
 .text.cbvprintf
                0x00001ea0      0x9d4 zephyr/libzephyr.a(cbprintf_complete.c.obj)
                0x00001ea0                cbvprintf
 .text.sys_reboot
                0x00002874       0x28 zephyr/libzephyr.a(reboot.c.obj)
                0x00002874                sys_reboot
 .text.pm_system_resume
                0x0000289c      0x140 zephyr/libzephyr.a(pm.c.obj)
                0x0000289c                pm_system_resume
 .text.pm_system_suspend
                0x000029dc      0x1f0 zephyr/libzephyr.a(pm.c.obj)
                0x000029dc                pm_system_suspend
 .text.nrf_cc3xx_platform_abort_init
                0x00002bcc       0x10 zephyr/libzephyr.a(nrf_cc3xx_platform_abort_zephyr.c.obj)
                0x00002bcc                nrf_cc3xx_platform_abort_init
 .text.mutex_unlock_platform
                0x00002bdc       0x50 zephyr/libzephyr.a(nrf_cc3xx_platform_mutex_zephyr.c.obj)
 .text.mutex_lock_platform
                0x00002c2c       0x5c zephyr/libzephyr.a(nrf_cc3xx_platform_mutex_zephyr.c.obj)
 .text.mutex_free_platform
                0x00002c88       0x4c zephyr/libzephyr.a(nrf_cc3xx_platform_mutex_zephyr.c.obj)
 .text.mutex_init_platform
                0x00002cd4       0x74 zephyr/libzephyr.a(nrf_cc3xx_platform_mutex_zephyr.c.obj)
 .text.nrf_cc3xx_platform_mutex_init
                0x00002d48       0x28 zephyr/libzephyr.a(nrf_cc3xx_platform_mutex_zephyr.c.obj)
                0x00002d48                nrf_cc3xx_platform_mutex_init
 .text.z_arm_cpu_idle_init
                0x00002d70        0xc zephyr/arch/arch/arm/core/aarch32/libarch__arm__core__aarch32.a(cpu_idle.S.obj)
                0x00002d70                z_arm_cpu_idle_init
 .text.arch_cpu_idle
                0x00002d7c       0x1c zephyr/arch/arch/arm/core/aarch32/libarch__arm__core__aarch32.a(cpu_idle.S.obj)
                0x00002d7c                arch_cpu_idle
 .text.arch_cpu_atomic_idle
                0x00002d98       0x14 zephyr/arch/arch/arm/core/aarch32/libarch__arm__core__aarch32.a(cpu_idle.S.obj)
                0x00002d98                arch_cpu_atomic_idle
 .text.arch_irq_enable
                0x00002dac       0x20 zephyr/arch/arch/arm/core/aarch32/libarch__arm__core__aarch32.a(irq_manage.c.obj)
                0x00002dac                arch_irq_enable
 .text.arch_irq_is_enabled
                0x00002dcc       0x1c zephyr/arch/arch/arm/core/aarch32/libarch__arm__core__aarch32.a(irq_manage.c.obj)
                0x00002dcc                arch_irq_is_enabled
 .text.z_arm_irq_priority_set
                0x00002de8       0x6c zephyr/arch/arch/arm/core/aarch32/libarch__arm__core__aarch32.a(irq_manage.c.obj)
                0x00002de8                z_arm_irq_priority_set
 .text.z_SysNmiOnReset
                0x00002e54        0x8 zephyr/arch/arch/arm/core/aarch32/libarch__arm__core__aarch32.a(nmi_on_reset.S.obj)
                0x00002e54                z_SysNmiOnReset
 .text.z_arm_prep_c
                0x00002e5c       0x38 zephyr/arch/arch/arm/core/aarch32/libarch__arm__core__aarch32.a(prep_c.c.obj)
                0x00002e5c                z_arm_prep_c
 .text.arch_swap
                0x00002e94       0x38 zephyr/arch/arch/arm/core/aarch32/libarch__arm__core__aarch32.a(swap.c.obj)
                0x00002e94                arch_swap
 .text.z_arm_pendsv
                0x00002ecc       0x58 zephyr/arch/arch/arm/core/aarch32/libarch__arm__core__aarch32.a(swap_helper.S.obj)
                0x00002ecc                z_arm_pendsv
 .text.z_arm_svc
                0x00002f24       0x20 zephyr/arch/arch/arm/core/aarch32/libarch__arm__core__aarch32.a(swap_helper.S.obj)
                0x00002f24                z_arm_svc
 .text.arch_new_thread
                0x00002f44       0x40 zephyr/arch/arch/arm/core/aarch32/libarch__arm__core__aarch32.a(thread.c.obj)
                0x00002f44                arch_new_thread
 .text.z_check_thread_stack_fail
                0x00002f84       0x60 zephyr/arch/arch/arm/core/aarch32/libarch__arm__core__aarch32.a(thread.c.obj)
                0x00002f84                z_check_thread_stack_fail
 .text.arch_switch_to_main_thread
                0x00002fe4       0x2c zephyr/arch/arch/arm/core/aarch32/libarch__arm__core__aarch32.a(thread.c.obj)
                0x00002fe4                arch_switch_to_main_thread
 .text._isr_wrapper
                0x00003010       0x40 zephyr/arch/arch/arm/core/aarch32/libarch__arm__core__aarch32.a(isr_wrapper.S.obj)
                0x00003010                _isr_wrapper
 .text._HandlerModeExit
                0x00003050       0x1c zephyr/arch/arch/arm/core/aarch32/cortex_m/libarch__arm__core__aarch32__cortex_m.a(exc_exit.S.obj)
                0x00003050                z_arm_int_exit
                0x00003050                z_arm_exc_exit
 .text.bus_fault
                0x0000306c       0x54 zephyr/arch/arch/arm/core/aarch32/cortex_m/libarch__arm__core__aarch32__cortex_m.a(fault.c.obj)
 .text.usage_fault
                0x000030c0       0x24 zephyr/arch/arch/arm/core/aarch32/cortex_m/libarch__arm__core__aarch32__cortex_m.a(fault.c.obj)
 .text.mem_manage_fault
                0x000030e4       0xc8 zephyr/arch/arch/arm/core/aarch32/cortex_m/libarch__arm__core__aarch32__cortex_m.a(fault.c.obj)
 .text.hard_fault
                0x000031ac       0xd8 zephyr/arch/arch/arm/core/aarch32/cortex_m/libarch__arm__core__aarch32__cortex_m.a(fault.c.obj)
 .text.z_arm_fault
                0x00003284       0xc8 zephyr/arch/arch/arm/core/aarch32/cortex_m/libarch__arm__core__aarch32__cortex_m.a(fault.c.obj)
                0x00003284                z_arm_fault
 .text.z_arm_fault_init
                0x0000334c       0x10 zephyr/arch/arch/arm/core/aarch32/cortex_m/libarch__arm__core__aarch32__cortex_m.a(fault.c.obj)
                0x0000334c                z_arm_fault_init
 .text.__fault  0x0000335c       0x14 zephyr/arch/arch/arm/core/aarch32/cortex_m/libarch__arm__core__aarch32__cortex_m.a(fault_s.S.obj)
                0x0000335c                z_arm_usage_fault
                0x0000335c                z_arm_mpu_fault
                0x0000335c                z_arm_exc_spurious
                0x0000335c                z_arm_debug_monitor
                0x0000335c                z_arm_hard_fault
                0x0000335c                z_arm_bus_fault
 .text.z_arm_interrupt_init
                0x00003370       0x34 zephyr/arch/arch/arm/core/aarch32/cortex_m/libarch__arm__core__aarch32__cortex_m.a(irq_init.c.obj)
                0x00003370                z_arm_interrupt_init
 .text._reset_section
                0x000033a4       0x54 zephyr/arch/arch/arm/core/aarch32/cortex_m/libarch__arm__core__aarch32__cortex_m.a(reset.S.obj)
                0x000033a4                __start
                0x000033a4                z_arm_reset
 .text.z_arm_clear_arm_mpu_config
                0x000033f8       0x20 zephyr/arch/arch/arm/core/aarch32/cortex_m/libarch__arm__core__aarch32__cortex_m.a(scb.c.obj)
                0x000033f8                z_arm_clear_arm_mpu_config
 .text.z_arm_init_arch_hw_at_boot
                0x00003418       0x54 zephyr/arch/arch/arm/core/aarch32/cortex_m/libarch__arm__core__aarch32__cortex_m.a(scb.c.obj)
                0x00003418                z_arm_init_arch_hw_at_boot
 .text.z_impl_k_thread_abort
                0x0000346c       0x2c zephyr/arch/arch/arm/core/aarch32/cortex_m/libarch__arm__core__aarch32__cortex_m.a(thread_abort.c.obj)
                0x0000346c                z_impl_k_thread_abort
 .text.z_arm_configure_static_mpu_regions
                0x00003498       0x1c zephyr/arch/arch/arm/core/aarch32/mpu/libarch__arm__core__aarch32__mpu.a(arm_core_mpu.c.obj)
                0x00003498                z_arm_configure_static_mpu_regions
 .text.z_arm_configure_dynamic_mpu_regions
                0x000034b4       0x24 zephyr/arch/arch/arm/core/aarch32/mpu/libarch__arm__core__aarch32__mpu.a(arm_core_mpu.c.obj)
                0x000034b4                z_arm_configure_dynamic_mpu_regions
 .text.region_init
                0x000034d8       0x20 zephyr/arch/arch/arm/core/aarch32/mpu/libarch__arm__core__aarch32__mpu.a(arm_mpu.c.obj)
 .text.mpu_configure_static_mpu_regions
                0x000034f8       0x14 zephyr/arch/arch/arm/core/aarch32/mpu/libarch__arm__core__aarch32__mpu.a(arm_mpu.c.obj)
 .text.mpu_configure_dynamic_mpu_regions
                0x0000350c       0x30 zephyr/arch/arch/arm/core/aarch32/mpu/libarch__arm__core__aarch32__mpu.a(arm_mpu.c.obj)
 .text.arm_core_mpu_enable
                0x0000353c       0x14 zephyr/arch/arch/arm/core/aarch32/mpu/libarch__arm__core__aarch32__mpu.a(arm_mpu.c.obj)
                0x0000353c                arm_core_mpu_enable
 .text.arm_core_mpu_disable
                0x00003550       0x10 zephyr/arch/arch/arm/core/aarch32/mpu/libarch__arm__core__aarch32__mpu.a(arm_mpu.c.obj)
                0x00003550                arm_core_mpu_disable
 .text.arm_core_mpu_configure_static_mpu_regions
                0x00003560       0x44 zephyr/arch/arch/arm/core/aarch32/mpu/libarch__arm__core__aarch32__mpu.a(arm_mpu.c.obj)
                0x00003560                arm_core_mpu_configure_static_mpu_regions
 .text.arm_core_mpu_configure_dynamic_mpu_regions
                0x000035a4       0x44 zephyr/arch/arch/arm/core/aarch32/mpu/libarch__arm__core__aarch32__mpu.a(arm_mpu.c.obj)
                0x000035a4                arm_core_mpu_configure_dynamic_mpu_regions
 .text.z_arm_mpu_init
                0x000035e8       0xb4 zephyr/arch/arch/arm/core/aarch32/mpu/libarch__arm__core__aarch32__mpu.a(arm_mpu.c.obj)
                0x000035e8                z_arm_mpu_init
 .text.__stdout_hook_install
                0x0000369c        0xc zephyr/lib/libc/minimal/liblib__libc__minimal.a(stdout_console.c.obj)
                0x0000369c                __stdout_hook_install
 .text.nrf52_errata_197
                0x000036a8       0x24 zephyr/soc/arm/nordic_nrf/nrf52/libsoc__arm__nordic_nrf__nrf52.a(soc.c.obj)
 .text.nordicsemi_nrf52_init
                0x000036cc       0x4c zephyr/soc/arm/nordic_nrf/nrf52/libsoc__arm__nordic_nrf__nrf52.a(soc.c.obj)
 .text.sys_arch_reboot
                0x00003718       0x2c zephyr/soc/arm/nordic_nrf/nrf52/libsoc__arm__nordic_nrf__nrf52.a(soc.c.obj)
                0x00003718                sys_arch_reboot
 .text.arch_busy_wait
                0x00003744       0x18 zephyr/soc/arm/nordic_nrf/nrf52/libsoc__arm__nordic_nrf__nrf52.a(soc.c.obj)
                0x00003744                arch_busy_wait
 .text.adc_nrfx_channel_setup
                0x0000375c      0x1ac zephyr/drivers/adc/libdrivers__adc.a(adc_nrfx_saadc.c.obj)
 .text.adc_context_start_sampling
                0x00003908       0x28 zephyr/drivers/adc/libdrivers__adc.a(adc_nrfx_saadc.c.obj)
 .text.adc_context_update_buffer_pointer
                0x00003930       0x1c zephyr/drivers/adc/libdrivers__adc.a(adc_nrfx_saadc.c.obj)
 .text.set_resolution
                0x0000394c       0x38 zephyr/drivers/adc/libdrivers__adc.a(adc_nrfx_saadc.c.obj)
 .text.set_oversampling
                0x00003984       0x38 zephyr/drivers/adc/libdrivers__adc.a(adc_nrfx_saadc.c.obj)
 .text.start_read
                0x000039bc      0x174 zephyr/drivers/adc/libdrivers__adc.a(adc_nrfx_saadc.c.obj)
 .text.adc_nrfx_read_async
                0x00003b30       0x48 zephyr/drivers/adc/libdrivers__adc.a(adc_nrfx_saadc.c.obj)
 .text.init_saadc
                0x00003b78       0x50 zephyr/drivers/adc/libdrivers__adc.a(adc_nrfx_saadc.c.obj)
 .text.saadc_irq_handler
                0x00003bc8      0x118 zephyr/drivers/adc/libdrivers__adc.a(adc_nrfx_saadc.c.obj)
 .text.adc_nrfx_read
                0x00003ce0       0x44 zephyr/drivers/adc/libdrivers__adc.a(adc_nrfx_saadc.c.obj)
 .text.get_hf_flags
                0x00003d24        0x8 zephyr/drivers/clock_control/libdrivers__clock_control.a(clock_control_nrf.c.obj)
 .text.get_subsys
                0x00003d2c        0xc zephyr/drivers/clock_control/libdrivers__clock_control.a(clock_control_nrf.c.obj)
 .text.onoff_start
                0x00003d38       0x34 zephyr/drivers/clock_control/libdrivers__clock_control.a(clock_control_nrf.c.obj)
 .text.generic_hfclk_stop
                0x00003d6c       0x30 zephyr/drivers/clock_control/libdrivers__clock_control.a(clock_control_nrf.c.obj)
 .text.generic_hfclk_start
                0x00003d9c       0x68 zephyr/drivers/clock_control/libdrivers__clock_control.a(clock_control_nrf.c.obj)
 .text.get_status
                0x00003e04       0x40 zephyr/drivers/clock_control/libdrivers__clock_control.a(clock_control_nrf.c.obj)
 .text.stop     0x00003e44       0x60 zephyr/drivers/clock_control/libdrivers__clock_control.a(clock_control_nrf.c.obj)
 .text.onoff_stop
                0x00003ea4       0x20 zephyr/drivers/clock_control/libdrivers__clock_control.a(clock_control_nrf.c.obj)
 .text.clock_event_handler
                0x00003ec4       0x78 zephyr/drivers/clock_control/libdrivers__clock_control.a(clock_control_nrf.c.obj)
 .text.api_blocking_start
                0x00003f3c       0x3c zephyr/drivers/clock_control/libdrivers__clock_control.a(clock_control_nrf.c.obj)
 .text.clk_init
                0x00003f78       0x68 zephyr/drivers/clock_control/libdrivers__clock_control.a(clock_control_nrf.c.obj)
 .text.lfclk_spinwait
                0x00003fe0       0xe8 zephyr/drivers/clock_control/libdrivers__clock_control.a(clock_control_nrf.c.obj)
 .text.z_nrf_clock_control_lf_on
                0x000040c8       0xa0 zephyr/drivers/clock_control/libdrivers__clock_control.a(clock_control_nrf.c.obj)
                0x000040c8                z_nrf_clock_control_lf_on
 .text.console_out
                0x00004168       0x2c zephyr/drivers/console/libdrivers__console.a(uart_console.c.obj)
 .text.uart_console_hook_install
                0x00004194       0x18 zephyr/drivers/console/libdrivers__console.a(uart_console.c.obj)
 .text.uart_console_init
                0x000041ac       0x24 zephyr/drivers/console/libdrivers__console.a(uart_console.c.obj)
 .text.get_drive
                0x000041d0       0x8c zephyr/drivers/gpio/libdrivers__gpio.a(gpio_nrfx.c.obj)
 .text.get_dev  0x0000425c       0x1c zephyr/drivers/gpio/libdrivers__gpio.a(gpio_nrfx.c.obj)
 .text.gpio_nrfx_manage_callback
                0x00004278       0xcc zephyr/drivers/gpio/libdrivers__gpio.a(gpio_nrfx.c.obj)
 .text.nrfx_gpio_handler
                0x00004344       0x88 zephyr/drivers/gpio/libdrivers__gpio.a(gpio_nrfx.c.obj)
 .text.gpio_nrfx_pin_interrupt_configure
                0x000043cc      0x134 zephyr/drivers/gpio/libdrivers__gpio.a(gpio_nrfx.c.obj)
 .text.pin_uninit
                0x00004500       0x48 zephyr/drivers/gpio/libdrivers__gpio.a(gpio_nrfx.c.obj)
 .text.gpio_nrfx_pin_configure
                0x00004548      0x104 zephyr/drivers/gpio/libdrivers__gpio.a(gpio_nrfx.c.obj)
 .text.gpio_nrfx_init
                0x0000464c       0x3c zephyr/drivers/gpio/libdrivers__gpio.a(gpio_nrfx.c.obj)
 .text.pwm_nrfx_get_cycles_per_sec
                0x00004688       0x10 zephyr/drivers/pwm/libdrivers__pwm.a(pwm_nrfx.c.obj)
 .text.pwm_period_check_and_set
                0x00004698       0x90 zephyr/drivers/pwm/libdrivers__pwm.a(pwm_nrfx.c.obj)
 .text.pwm_nrfx_init
                0x00004728       0x4c zephyr/drivers/pwm/libdrivers__pwm.a(pwm_nrfx.c.obj)
 .text.pwm_nrfx_pin_set
                0x00004774      0x230 zephyr/drivers/pwm/libdrivers__pwm.a(pwm_nrfx.c.obj)
 .text.baudrate_set
                0x000049a4      0x150 zephyr/drivers/serial/libdrivers__serial.a(uart_nrfx_uarte.c.obj)
 .text.uarte_nrfx_poll_out
                0x00004af4       0x70 zephyr/drivers/serial/libdrivers__serial.a(uart_nrfx_uarte.c.obj)
 .text.endtx_stoptx_ppi_init
                0x00004b64       0x48 zephyr/drivers/serial/libdrivers__serial.a(uart_nrfx_uarte.c.obj)
 .text.uarte_nrfx_pins_configure
                0x00004bac      0x5b8 zephyr/drivers/serial/libdrivers__serial.a(uart_nrfx_uarte.c.obj)
 .text.set_comparator
                0x00005164       0x14 zephyr/drivers/timer/libdrivers__timer.a(nrf_rtc_timer.c.obj)
 .text.get_comparator
                0x00005178       0x10 zephyr/drivers/timer/libdrivers__timer.a(nrf_rtc_timer.c.obj)
 .text.event_enable
                0x00005188       0x14 zephyr/drivers/timer/libdrivers__timer.a(nrf_rtc_timer.c.obj)
 .text.event_disable
                0x0000519c       0x14 zephyr/drivers/timer/libdrivers__timer.a(nrf_rtc_timer.c.obj)
 .text.counter  0x000051b0        0xc zephyr/drivers/timer/libdrivers__timer.a(nrf_rtc_timer.c.obj)
 .text.compare_int_lock
                0x000051bc       0x50 zephyr/drivers/timer/libdrivers__timer.a(nrf_rtc_timer.c.obj)
 .text.channel_processing_check_and_clear
                0x0000520c       0x78 zephyr/drivers/timer/libdrivers__timer.a(nrf_rtc_timer.c.obj)
 .text.compare_int_unlock
                0x00005284       0x60 zephyr/drivers/timer/libdrivers__timer.a(nrf_rtc_timer.c.obj)
 .text.sys_clock_timeout_handler
                0x000052e4       0x74 zephyr/drivers/timer/libdrivers__timer.a(nrf_rtc_timer.c.obj)
 .text.z_nrf_rtc_timer_read
                0x00005358       0x40 zephyr/drivers/timer/libdrivers__timer.a(nrf_rtc_timer.c.obj)
                0x00005358                z_nrf_rtc_timer_read
 .text.compare_set_nolocks
                0x00005398       0xa4 zephyr/drivers/timer/libdrivers__timer.a(nrf_rtc_timer.c.obj)
 .text.sys_clock_driver_init
                0x0000543c       0x9c zephyr/drivers/timer/libdrivers__timer.a(nrf_rtc_timer.c.obj)
 .text.process_channel
                0x000054d8       0x74 zephyr/drivers/timer/libdrivers__timer.a(nrf_rtc_timer.c.obj)
 .text.rtc_nrf_isr
                0x0000554c       0x44 zephyr/drivers/timer/libdrivers__timer.a(nrf_rtc_timer.c.obj)
                0x0000554c                rtc_nrf_isr
 .text.sys_clock_set_timeout
                0x00005590       0x68 zephyr/drivers/timer/libdrivers__timer.a(nrf_rtc_timer.c.obj)
                0x00005590                sys_clock_set_timeout
 .text.sys_clock_elapsed
                0x000055f8       0x14 zephyr/drivers/timer/libdrivers__timer.a(nrf_rtc_timer.c.obj)
                0x000055f8                sys_clock_elapsed
 .text.nrf52_errata_36
                0x0000560c       0x14 modules/hal_nordic/nrfx/libmodules__hal_nordic__nrfx.a(system_nrf52840.c.obj)
 .text.nrf52_errata_66
                0x00005620       0x14 modules/hal_nordic/nrfx/libmodules__hal_nordic__nrfx.a(system_nrf52840.c.obj)
 .text.nrf52_errata_98
                0x00005634       0x28 modules/hal_nordic/nrfx/libmodules__hal_nordic__nrfx.a(system_nrf52840.c.obj)
 .text.nrf52_errata_103
                0x0000565c       0x28 modules/hal_nordic/nrfx/libmodules__hal_nordic__nrfx.a(system_nrf52840.c.obj)
 .text.nrf52_errata_115
                0x00005684       0x28 modules/hal_nordic/nrfx/libmodules__hal_nordic__nrfx.a(system_nrf52840.c.obj)
 .text.nrf52_errata_120
                0x000056ac       0x28 modules/hal_nordic/nrfx/libmodules__hal_nordic__nrfx.a(system_nrf52840.c.obj)
 .text.nrf52_errata_136
                0x000056d4       0x14 modules/hal_nordic/nrfx/libmodules__hal_nordic__nrfx.a(system_nrf52840.c.obj)
 .text.nrf52_configuration_249
                0x000056e8       0x24 modules/hal_nordic/nrfx/libmodules__hal_nordic__nrfx.a(system_nrf52840.c.obj)
 .text.nvmc_wait
                0x0000570c       0x10 modules/hal_nordic/nrfx/libmodules__hal_nordic__nrfx.a(system_nrf52840.c.obj)
                0x0000570c                nvmc_wait
 .text.nvmc_config
                0x0000571c       0x14 modules/hal_nordic/nrfx/libmodules__hal_nordic__nrfx.a(system_nrf52840.c.obj)
                0x0000571c                nvmc_config
 .text.SystemCoreClockUpdate
                0x00005730       0x10 modules/hal_nordic/nrfx/libmodules__hal_nordic__nrfx.a(system_nrf52840.c.obj)
                0x00005730                SystemCoreClockUpdate
 .text.SystemInit
                0x00005740      0x1a8 modules/hal_nordic/nrfx/libmodules__hal_nordic__nrfx.a(system_nrf52840.c.obj)
                0x00005740                SystemInit
 .text.nrfx_flag32_alloc
                0x000058e8       0x48 modules/hal_nordic/nrfx/libmodules__hal_nordic__nrfx.a(nrfx_flag32_allocator.c.obj)
                0x000058e8                nrfx_flag32_alloc
 .text.nrfx_flag32_free
                0x00005930       0x48 modules/hal_nordic/nrfx/libmodules__hal_nordic__nrfx.a(nrfx_flag32_allocator.c.obj)
                0x00005930                nrfx_flag32_free
 .text.nrfx_clock_init
                0x00005978       0x50 modules/hal_nordic/nrfx/libmodules__hal_nordic__nrfx.a(nrfx_clock.c.obj)
                0x00005978                nrfx_clock_init
 .text.nrfx_clock_enable
                0x000059c8       0x40 modules/hal_nordic/nrfx/libmodules__hal_nordic__nrfx.a(nrfx_clock.c.obj)
                0x000059c8                nrfx_clock_enable
 .text.nrfx_clock_start
                0x00005a08       0xcc modules/hal_nordic/nrfx/libmodules__hal_nordic__nrfx.a(nrfx_clock.c.obj)
                0x00005a08                nrfx_clock_start
 .text.nrfx_clock_stop
                0x00005ad4      0x1a0 modules/hal_nordic/nrfx/libmodules__hal_nordic__nrfx.a(nrfx_clock.c.obj)
                0x00005ad4                nrfx_clock_stop
 .text.nrfx_power_clock_irq_handler
                0x00005c74       0x7c modules/hal_nordic/nrfx/libmodules__hal_nordic__nrfx.a(nrfx_clock.c.obj)
                0x00005c74                nrfx_power_clock_irq_handler
 .text.pin_in_use
                0x00005cf0       0x14 modules/hal_nordic/nrfx/libmodules__hal_nordic__nrfx.a(nrfx_gpiote.c.obj)
 .text.pin_in_use_by_te
                0x00005d04       0x14 modules/hal_nordic/nrfx/libmodules__hal_nordic__nrfx.a(nrfx_gpiote.c.obj)
 .text.pin_has_trigger
                0x00005d18       0x18 modules/hal_nordic/nrfx/libmodules__hal_nordic__nrfx.a(nrfx_gpiote.c.obj)
 .text.pin_is_output
                0x00005d30       0x14 modules/hal_nordic/nrfx/libmodules__hal_nordic__nrfx.a(nrfx_gpiote.c.obj)
 .text.pin_te_get
                0x00005d44       0x10 modules/hal_nordic/nrfx/libmodules__hal_nordic__nrfx.a(nrfx_gpiote.c.obj)
 .text.handler_in_use
                0x00005d54       0x34 modules/hal_nordic/nrfx/libmodules__hal_nordic__nrfx.a(nrfx_gpiote.c.obj)
 .text.find_handler
                0x00005d88       0x2c modules/hal_nordic/nrfx/libmodules__hal_nordic__nrfx.a(nrfx_gpiote.c.obj)
 .text.channel_handler_get
                0x00005db4       0x20 modules/hal_nordic/nrfx/libmodules__hal_nordic__nrfx.a(nrfx_gpiote.c.obj)
 .text.call_handler
                0x00005dd4       0x2c modules/hal_nordic/nrfx/libmodules__hal_nordic__nrfx.a(nrfx_gpiote.c.obj)
 .text.latch_pending_read_and_check
                0x00005e00       0x54 modules/hal_nordic/nrfx/libmodules__hal_nordic__nrfx.a(nrfx_gpiote.c.obj)
 .text.release_handler
                0x00005e54       0x74 modules/hal_nordic/nrfx/libmodules__hal_nordic__nrfx.a(nrfx_gpiote.c.obj)
 .text.pin_handler_trigger_uninit
                0x00005ec8       0x38 modules/hal_nordic/nrfx/libmodules__hal_nordic__nrfx.a(nrfx_gpiote.c.obj)
 .text.pin_handler_set
                0x00005f00       0x6c modules/hal_nordic/nrfx/libmodules__hal_nordic__nrfx.a(nrfx_gpiote.c.obj)
 .text.gpiote_evt_handle
                0x00005f6c       0x40 modules/hal_nordic/nrfx/libmodules__hal_nordic__nrfx.a(nrfx_gpiote.c.obj)
 .text.next_sense_cond_call_handler
                0x00005fac      0x284 modules/hal_nordic/nrfx/libmodules__hal_nordic__nrfx.a(nrfx_gpiote.c.obj)
 .text.port_event_handle
                0x00006230      0x1b8 modules/hal_nordic/nrfx/libmodules__hal_nordic__nrfx.a(nrfx_gpiote.c.obj)
 .text.nrfx_gpiote_input_configure
                0x000063e8      0x1e4 modules/hal_nordic/nrfx/libmodules__hal_nordic__nrfx.a(nrfx_gpiote.c.obj)
                0x000063e8                nrfx_gpiote_input_configure
 .text.nrfx_gpiote_output_configure
                0x000065cc      0x1f4 modules/hal_nordic/nrfx/libmodules__hal_nordic__nrfx.a(nrfx_gpiote.c.obj)
                0x000065cc                nrfx_gpiote_output_configure
 .text.nrfx_gpiote_global_callback_set
                0x000067c0        0xc modules/hal_nordic/nrfx/libmodules__hal_nordic__nrfx.a(nrfx_gpiote.c.obj)
                0x000067c0                nrfx_gpiote_global_callback_set
 .text.nrfx_gpiote_channel_get
                0x000067cc       0x58 modules/hal_nordic/nrfx/libmodules__hal_nordic__nrfx.a(nrfx_gpiote.c.obj)
                0x000067cc                nrfx_gpiote_channel_get
 .text.nrfx_gpiote_init
                0x00006824       0x54 modules/hal_nordic/nrfx/libmodules__hal_nordic__nrfx.a(nrfx_gpiote.c.obj)
                0x00006824                nrfx_gpiote_init
 .text.nrfx_gpiote_is_init
                0x00006878       0x14 modules/hal_nordic/nrfx/libmodules__hal_nordic__nrfx.a(nrfx_gpiote.c.obj)
                0x00006878                nrfx_gpiote_is_init
 .text.nrfx_gpiote_channel_free
                0x0000688c       0x10 modules/hal_nordic/nrfx/libmodules__hal_nordic__nrfx.a(nrfx_gpiote.c.obj)
                0x0000688c                nrfx_gpiote_channel_free
 .text.nrfx_gpiote_channel_alloc
                0x0000689c       0x10 modules/hal_nordic/nrfx/libmodules__hal_nordic__nrfx.a(nrfx_gpiote.c.obj)
                0x0000689c                nrfx_gpiote_channel_alloc
 .text.nrfx_gpiote_trigger_enable
                0x000068ac      0x218 modules/hal_nordic/nrfx/libmodules__hal_nordic__nrfx.a(nrfx_gpiote.c.obj)
                0x000068ac                nrfx_gpiote_trigger_enable
 .text.nrfx_gpiote_trigger_disable
                0x00006ac4       0xd0 modules/hal_nordic/nrfx/libmodules__hal_nordic__nrfx.a(nrfx_gpiote.c.obj)
                0x00006ac4                nrfx_gpiote_trigger_disable
 .text.nrfx_gpiote_pin_uninit
                0x00006b94       0xb8 modules/hal_nordic/nrfx/libmodules__hal_nordic__nrfx.a(nrfx_gpiote.c.obj)
                0x00006b94                nrfx_gpiote_pin_uninit
 .text.nrfx_gpiote_irq_handler
                0x00006c4c       0x60 modules/hal_nordic/nrfx/libmodules__hal_nordic__nrfx.a(nrfx_gpiote.c.obj)
                0x00006c4c                nrfx_gpiote_irq_handler
 .text.nrfx_ppi_channel_alloc
                0x00006cac       0x10 modules/hal_nordic/nrfx/libmodules__hal_nordic__nrfx.a(nrfx_ppi.c.obj)
                0x00006cac                nrfx_ppi_channel_alloc
 .text.configure_pins
                0x00006cbc      0x224 modules/hal_nordic/nrfx/libmodules__hal_nordic__nrfx.a(nrfx_pwm.c.obj)
 .text.nrfx_pwm_init
                0x00006ee0      0x12c modules/hal_nordic/nrfx/libmodules__hal_nordic__nrfx.a(nrfx_pwm.c.obj)
                0x00006ee0                nrfx_pwm_init
 .text.nrfx_pwm_simple_playback
                0x0000700c      0x314 modules/hal_nordic/nrfx/libmodules__hal_nordic__nrfx.a(nrfx_pwm.c.obj)
                0x0000700c                nrfx_pwm_simple_playback
 .text.nrfx_pwm_is_stopped
                0x00007320       0x70 modules/hal_nordic/nrfx/libmodules__hal_nordic__nrfx.a(nrfx_pwm.c.obj)
                0x00007320                nrfx_pwm_is_stopped
 .text.nrfx_pwm_stop
                0x00007390       0x70 modules/hal_nordic/nrfx/libmodules__hal_nordic__nrfx.a(nrfx_pwm.c.obj)
                0x00007390                nrfx_pwm_stop
 .text._DoInit  0x00007400       0x6c modules/segger/libmodules__segger.a(SEGGER_RTT.c.obj)
 .text.z_device_state_init
                0x0000746c       0x18 zephyr/kernel/libkernel.a(device.c.obj)
                0x0000746c                z_device_state_init
 .text.z_sys_init_run_level
                0x00007484       0x50 zephyr/kernel/libkernel.a(device.c.obj)
                0x00007484                z_sys_init_run_level
 .text.z_impl_device_get_binding
                0x000074d4       0x64 zephyr/kernel/libkernel.a(device.c.obj)
                0x000074d4                z_impl_device_get_binding
 .text.z_fatal_error
                0x00007538       0x68 zephyr/kernel/libkernel.a(fatal.c.obj)
                0x00007538                z_fatal_error
 .text.init_idle_thread
                0x000075a0       0x70 zephyr/kernel/libkernel.a(init.c.obj)
 .text.prepare_multithreading
                0x00007610       0x94 zephyr/kernel/libkernel.a(init.c.obj)
 .text.bg_thread_main
                0x000076a4       0x34 zephyr/kernel/libkernel.a(init.c.obj)
 .text.switch_to_main_thread
                0x000076d8       0x14 zephyr/kernel/libkernel.a(init.c.obj)
 .text.z_bss_zero
                0x000076ec       0x18 zephyr/kernel/libkernel.a(init.c.obj)
                0x000076ec                z_bss_zero
 .text.z_cstart
                0x00007704       0x84 zephyr/kernel/libkernel.a(init.c.obj)
                0x00007704                z_cstart
 .text.init_mem_slab_module
                0x00007788       0x5c zephyr/kernel/libkernel.a(mem_slab.c.obj)
 .text.k_mem_slab_alloc
                0x000077e4       0xe8 zephyr/kernel/libkernel.a(mem_slab.c.obj)
                0x000077e4                k_mem_slab_alloc
 .text.k_mem_slab_free
                0x000078cc       0xd0 zephyr/kernel/libkernel.a(mem_slab.c.obj)
                0x000078cc                k_mem_slab_free
 .text.z_impl_k_thread_name_set
                0x0000799c       0x24 zephyr/kernel/libkernel.a(thread.c.obj)
                0x0000799c                z_impl_k_thread_name_set
 .text.schedule_new_thread
                0x000079c0       0x24 zephyr/kernel/libkernel.a(thread.c.obj)
 .text.z_spin_lock_valid
                0x000079e4       0x20 zephyr/kernel/libkernel.a(thread.c.obj)
                0x000079e4                z_spin_lock_valid
 .text.z_spin_unlock_valid
                0x00007a04       0x20 zephyr/kernel/libkernel.a(thread.c.obj)
                0x00007a04                z_spin_unlock_valid
 .text.z_spin_lock_set_owner
                0x00007a24       0x10 zephyr/kernel/libkernel.a(thread.c.obj)
                0x00007a24                z_spin_lock_set_owner
 .text.z_thread_monitor_exit
                0x00007a34       0xb4 zephyr/kernel/libkernel.a(thread.c.obj)
                0x00007a34                z_thread_monitor_exit
 .text.z_setup_new_thread
                0x00007ae8      0x18c zephyr/kernel/libkernel.a(thread.c.obj)
                0x00007ae8                z_setup_new_thread
 .text.z_impl_k_thread_create
                0x00007c74       0x90 zephyr/kernel/libkernel.a(thread.c.obj)
                0x00007c74                z_impl_k_thread_create
 .text.z_init_static_threads
                0x00007d04       0xfc zephyr/kernel/libkernel.a(thread.c.obj)
                0x00007d04                z_init_static_threads
 .text.idle     0x00007e00       0x5c zephyr/kernel/libkernel.a(idle.c.obj)
                0x00007e00                idle
 .text.z_impl_k_mutex_lock
                0x00007e5c      0x240 zephyr/kernel/libkernel.a(mutex.c.obj)
                0x00007e5c                z_impl_k_mutex_lock
 .text.z_impl_k_mutex_unlock
                0x0000809c      0x1a8 zephyr/kernel/libkernel.a(mutex.c.obj)
                0x0000809c                z_impl_k_mutex_unlock
 .text.z_impl_k_sem_give
                0x00008244       0x90 zephyr/kernel/libkernel.a(sem.c.obj)
                0x00008244                z_impl_k_sem_give
 .text.z_impl_k_sem_take
                0x000082d4      0x12c zephyr/kernel/libkernel.a(sem.c.obj)
                0x000082d4                z_impl_k_sem_take
 .text.pended_on_thread
                0x00008400       0x34 zephyr/kernel/libkernel.a(sched.c.obj)
 .text.add_thread_timeout
                0x00008434       0x20 zephyr/kernel/libkernel.a(sched.c.obj)
 .text.z_reset_time_slice
                0x00008454       0x2c zephyr/kernel/libkernel.a(sched.c.obj)
                0x00008454                z_reset_time_slice
 .text.k_sched_time_slice_set
                0x00008480       0xe8 zephyr/kernel/libkernel.a(sched.c.obj)
                0x00008480                k_sched_time_slice_set
 .text.z_unpend_thread_no_timeout
                0x00008568       0xb4 zephyr/kernel/libkernel.a(sched.c.obj)
                0x00008568                z_unpend_thread_no_timeout
 .text.z_reschedule
                0x0000861c       0x9c zephyr/kernel/libkernel.a(sched.c.obj)
                0x0000861c                z_reschedule
 .text.k_sched_lock
                0x000086b8      0x104 zephyr/kernel/libkernel.a(sched.c.obj)
                0x000086b8                k_sched_lock
 .text.z_priq_dumb_remove
                0x000087bc       0x48 zephyr/kernel/libkernel.a(sched.c.obj)
                0x000087bc                z_priq_dumb_remove
 .text.z_unpend_thread
                0x00008804       0xbc zephyr/kernel/libkernel.a(sched.c.obj)
                0x00008804                z_unpend_thread
 .text.update_cache
                0x000088c0       0x80 zephyr/kernel/libkernel.a(sched.c.obj)
 .text.move_thread_to_end_of_prio_q
                0x00008940       0xb8 zephyr/kernel/libkernel.a(sched.c.obj)
 .text.z_time_slice
                0x000089f8      0x138 zephyr/kernel/libkernel.a(sched.c.obj)
                0x000089f8                z_time_slice
 .text.ready_thread
                0x00008b30       0xac zephyr/kernel/libkernel.a(sched.c.obj)
 .text.z_ready_thread
                0x00008bdc       0xac zephyr/kernel/libkernel.a(sched.c.obj)
                0x00008bdc                z_ready_thread
 .text.z_sched_start
                0x00008c88       0xb0 zephyr/kernel/libkernel.a(sched.c.obj)
                0x00008c88                z_sched_start
 .text.z_thread_timeout
                0x00008d38       0xe0 zephyr/kernel/libkernel.a(sched.c.obj)
                0x00008d38                z_thread_timeout
 .text.unready_thread
                0x00008e18       0x38 zephyr/kernel/libkernel.a(sched.c.obj)
 .text.add_to_waitq_locked
                0x00008e50       0x84 zephyr/kernel/libkernel.a(sched.c.obj)
 .text.pend     0x00008ed4       0xb8 zephyr/kernel/libkernel.a(sched.c.obj)
 .text.z_pend_curr
                0x00008f8c       0x60 zephyr/kernel/libkernel.a(sched.c.obj)
                0x00008f8c                z_pend_curr
 .text.z_set_prio
                0x00008fec      0x160 zephyr/kernel/libkernel.a(sched.c.obj)
                0x00008fec                z_set_prio
 .text.z_impl_k_thread_suspend
                0x0000914c       0xf8 zephyr/kernel/libkernel.a(sched.c.obj)
                0x0000914c                z_impl_k_thread_suspend
 .text.k_sched_unlock
                0x00009244      0x128 zephyr/kernel/libkernel.a(sched.c.obj)
                0x00009244                k_sched_unlock
 .text.end_thread
                0x0000936c       0x9c zephyr/kernel/libkernel.a(sched.c.obj)
 .text.z_unpend1_no_timeout
                0x00009408       0xc0 zephyr/kernel/libkernel.a(sched.c.obj)
                0x00009408                z_unpend1_no_timeout
 .text.z_unpend_first_thread
                0x000094c8       0xc8 zephyr/kernel/libkernel.a(sched.c.obj)
                0x000094c8                z_unpend_first_thread
 .text.z_sched_init
                0x00009590       0x18 zephyr/kernel/libkernel.a(sched.c.obj)
                0x00009590                z_sched_init
 .text.z_impl_k_yield
                0x000095a8      0x15c zephyr/kernel/libkernel.a(sched.c.obj)
                0x000095a8                z_impl_k_yield
 .text.z_tick_sleep
                0x00009704      0x184 zephyr/kernel/libkernel.a(sched.c.obj)
 .text.z_impl_k_sleep
                0x00009888       0x98 zephyr/kernel/libkernel.a(sched.c.obj)
                0x00009888                z_impl_k_sleep
 .text.z_impl_z_current_get
                0x00009920        0xc zephyr/kernel/libkernel.a(sched.c.obj)
                0x00009920                z_impl_z_current_get
 .text.z_impl_k_is_preempt_thread
                0x0000992c       0x20 zephyr/kernel/libkernel.a(sched.c.obj)
                0x0000992c                z_impl_k_is_preempt_thread
 .text.z_thread_abort
                0x0000994c      0x144 zephyr/kernel/libkernel.a(sched.c.obj)
                0x0000994c                z_thread_abort
 .text.z_sched_wake
                0x00009a90       0xe8 zephyr/kernel/libkernel.a(sched.c.obj)
                0x00009a90                z_sched_wake
 .text.z_sched_wait
                0x00009b78       0x24 zephyr/kernel/libkernel.a(sched.c.obj)
                0x00009b78                z_sched_wait
 .text.z_data_copy
                0x00009b9c       0x34 zephyr/kernel/libkernel.a(xip.c.obj)
                0x00009b9c                z_data_copy
 .text.first    0x00009bd0       0x14 zephyr/kernel/libkernel.a(timeout.c.obj)
 .text.next     0x00009be4       0x18 zephyr/kernel/libkernel.a(timeout.c.obj)
 .text.elapsed  0x00009bfc       0x18 zephyr/kernel/libkernel.a(timeout.c.obj)
 .text.next_timeout
                0x00009c14       0x4c zephyr/kernel/libkernel.a(timeout.c.obj)
 .text.z_add_timeout
                0x00009c60      0x1f8 zephyr/kernel/libkernel.a(timeout.c.obj)
                0x00009c60                z_add_timeout
 .text.z_abort_timeout
                0x00009e58       0xb4 zephyr/kernel/libkernel.a(timeout.c.obj)
                0x00009e58                z_abort_timeout
 .text.z_get_next_timeout_expiry
                0x00009f0c       0xa4 zephyr/kernel/libkernel.a(timeout.c.obj)
                0x00009f0c                z_get_next_timeout_expiry
 .text.z_set_timeout_expiry
                0x00009fb0       0xcc zephyr/kernel/libkernel.a(timeout.c.obj)
                0x00009fb0                z_set_timeout_expiry
 .text.sys_clock_announce
                0x0000a07c      0x190 zephyr/kernel/libkernel.a(timeout.c.obj)
                0x0000a07c                sys_clock_announce
 .text.sys_clock_tick_get
                0x0000a20c       0xb4 zephyr/kernel/libkernel.a(timeout.c.obj)
                0x0000a20c                sys_clock_tick_get
 .text.z_timer_expiration_handler
                0x0000a2c0      0x190 zephyr/kernel/libkernel.a(timer.c.obj)
                0x0000a2c0                z_timer_expiration_handler
 .text.z_impl_k_timer_start
                0x0000a450       0xe0 zephyr/kernel/libkernel.a(timer.c.obj)
                0x0000a450                z_impl_k_timer_start
 .text.signal_poller
                0x0000a530       0xa0 zephyr/kernel/libkernel.a(poll.c.obj)
 .text.z_impl_k_poll_signal_raise
                0x0000a5d0       0xc4 zephyr/kernel/libkernel.a(poll.c.obj)
                0x0000a5d0                z_impl_k_poll_signal_raise
 .text.boot_banner
                0x0000a694       0x1c zephyr/kernel/libkernel.a(banner.c.obj)
                0x0000a694                boot_banner
 .text.k_sys_work_q_init
                0x0000a6b0       0x34 zephyr/kernel/libkernel.a(system_work_q.c.obj)
 .text.submit_to_queue_locked
                0x0000a6e4      0x108 zephyr/kernel/libkernel.a(work.c.obj)
 .text.finalize_cancel_locked
                0x0000a7ec       0x78 zephyr/kernel/libkernel.a(work.c.obj)
 .text.work_queue_main
                0x0000a864      0x1e8 zephyr/kernel/libkernel.a(work.c.obj)
 .text.k_work_submit_to_queue
                0x0000aa4c       0xdc zephyr/kernel/libkernel.a(work.c.obj)
                0x0000aa4c                k_work_submit_to_queue
 .text.k_work_queue_start
                0x0000ab28      0x110 zephyr/kernel/libkernel.a(work.c.obj)
                0x0000ab28                k_work_queue_start
 .text.nrf_cc3xx_platform_init_no_rng
                0x0000ac38       0x38 C:/Users/Diogo/ncs/v1.9.1/nrfxlib/crypto/nrf_cc310_platform/lib/cortex-m4/soft-float/no-interrupts/libnrf_cc310_platform_0.9.13.a(nrf_cc3xx_platform.c.obj)
                0x0000ac38                nrf_cc3xx_platform_init_no_rng
 .text.nrf_cc3xx_platform_abort
                0x0000ac70       0x24 C:/Users/Diogo/ncs/v1.9.1/nrfxlib/crypto/nrf_cc310_platform/lib/cortex-m4/soft-float/no-interrupts/libnrf_cc310_platform_0.9.13.a(nrf_cc3xx_platform_abort.c.obj)
 .text.CC_PalAbort
                0x0000ac94       0x40 C:/Users/Diogo/ncs/v1.9.1/nrfxlib/crypto/nrf_cc310_platform/lib/cortex-m4/soft-float/no-interrupts/libnrf_cc310_platform_0.9.13.a(nrf_cc3xx_platform_abort.c.obj)
                0x0000ac94                CC_PalAbort
 .text.nrf_cc3xx_platform_set_abort
                0x0000acd4       0x10 C:/Users/Diogo/ncs/v1.9.1/nrfxlib/crypto/nrf_cc310_platform/lib/cortex-m4/soft-float/no-interrupts/libnrf_cc310_platform_0.9.13.a(nrf_cc3xx_platform_abort.c.obj)
                0x0000acd4                nrf_cc3xx_platform_set_abort
 .text.mutex_free
                0x0000ace4       0x28 C:/Users/Diogo/ncs/v1.9.1/nrfxlib/crypto/nrf_cc310_platform/lib/cortex-m4/soft-float/no-interrupts/libnrf_cc310_platform_0.9.13.a(nrf_cc3xx_platform_mutex.c.obj)
 .text.mutex_unlock
                0x0000ad0c       0x2c C:/Users/Diogo/ncs/v1.9.1/nrfxlib/crypto/nrf_cc310_platform/lib/cortex-m4/soft-float/no-interrupts/libnrf_cc310_platform_0.9.13.a(nrf_cc3xx_platform_mutex.c.obj)
 .text.mutex_init
                0x0000ad38       0x1c C:/Users/Diogo/ncs/v1.9.1/nrfxlib/crypto/nrf_cc310_platform/lib/cortex-m4/soft-float/no-interrupts/libnrf_cc310_platform_0.9.13.a(nrf_cc3xx_platform_mutex.c.obj)
 .text.mutex_lock
                0x0000ad54       0x44 C:/Users/Diogo/ncs/v1.9.1/nrfxlib/crypto/nrf_cc310_platform/lib/cortex-m4/soft-float/no-interrupts/libnrf_cc310_platform_0.9.13.a(nrf_cc3xx_platform_mutex.c.obj)
 .text.nrf_cc3xx_platform_set_mutexes
                0x0000ad98       0x60 C:/Users/Diogo/ncs/v1.9.1/nrfxlib/crypto/nrf_cc310_platform/lib/cortex-m4/soft-float/no-interrupts/libnrf_cc310_platform_0.9.13.a(nrf_cc3xx_platform_mutex.c.obj)
                0x0000ad98                nrf_cc3xx_platform_set_mutexes
 .text.CC_LibInitNoRng
                0x0000adf8       0x6c C:/Users/Diogo/ncs/v1.9.1/nrfxlib/crypto/nrf_cc310_platform/lib/cortex-m4/soft-float/no-interrupts/libnrf_cc310_platform_0.9.13.a(cc_lib.c.obj)
                0x0000adf8                CC_LibInitNoRng
 .text.CC_HalInit
                0x0000ae64        0x4 C:/Users/Diogo/ncs/v1.9.1/nrfxlib/crypto/nrf_cc310_platform/lib/cortex-m4/soft-float/no-interrupts/libnrf_cc310_platform_0.9.13.a(cc_hal.c.obj)
                0x0000ae64                CC_HalInit
 .text.CC_HalTerminate
                0x0000ae68        0x4 C:/Users/Diogo/ncs/v1.9.1/nrfxlib/crypto/nrf_cc310_platform/lib/cortex-m4/soft-float/no-interrupts/libnrf_cc310_platform_0.9.13.a(cc_hal.c.obj)
                0x0000ae68                CC_HalTerminate
 .text.CC_HalMaskInterrupt
                0x0000ae6c        0xc C:/Users/Diogo/ncs/v1.9.1/nrfxlib/crypto/nrf_cc310_platform/lib/cortex-m4/soft-float/no-interrupts/libnrf_cc310_platform_0.9.13.a(cc_hal.c.obj)
                0x0000ae6c                CC_HalMaskInterrupt
 .text.CC_PalInit
                0x0000ae78       0x5c C:/Users/Diogo/ncs/v1.9.1/nrfxlib/crypto/nrf_cc310_platform/lib/cortex-m4/soft-float/no-interrupts/libnrf_cc310_platform_0.9.13.a(cc_pal.c.obj)
                0x0000ae78                CC_PalInit
 .text.CC_PalTerminate
                0x0000aed4       0x34 C:/Users/Diogo/ncs/v1.9.1/nrfxlib/crypto/nrf_cc310_platform/lib/cortex-m4/soft-float/no-interrupts/libnrf_cc310_platform_0.9.13.a(cc_pal.c.obj)
                0x0000aed4                CC_PalTerminate
 .text.CC_PalDmaInit
                0x0000af08        0x4 C:/Users/Diogo/ncs/v1.9.1/nrfxlib/crypto/nrf_cc310_platform/lib/cortex-m4/soft-float/no-interrupts/libnrf_cc310_platform_0.9.13.a(cc_pal_dma.c.obj)
                0x0000af08                CC_PalDmaInit
 .text.CC_PalDmaTerminate
                0x0000af0c        0x4 C:/Users/Diogo/ncs/v1.9.1/nrfxlib/crypto/nrf_cc310_platform/lib/cortex-m4/soft-float/no-interrupts/libnrf_cc310_platform_0.9.13.a(cc_pal_dma.c.obj)
                0x0000af0c                CC_PalDmaTerminate
 .text.CC_PalMutexCreate
                0x0000af10       0x14 C:/Users/Diogo/ncs/v1.9.1/nrfxlib/crypto/nrf_cc310_platform/lib/cortex-m4/soft-float/no-interrupts/libnrf_cc310_platform_0.9.13.a(cc_pal_mutex.c.obj)
                0x0000af10                CC_PalMutexCreate
 .text.CC_PalMutexDestroy
                0x0000af24       0x14 C:/Users/Diogo/ncs/v1.9.1/nrfxlib/crypto/nrf_cc310_platform/lib/cortex-m4/soft-float/no-interrupts/libnrf_cc310_platform_0.9.13.a(cc_pal_mutex.c.obj)
                0x0000af24                CC_PalMutexDestroy
 .text.CC_PalPowerSaveModeInit
                0x0000af38       0x3c C:/Users/Diogo/ncs/v1.9.1/nrfxlib/crypto/nrf_cc310_platform/lib/cortex-m4/soft-float/no-interrupts/libnrf_cc310_platform_0.9.13.a(cc_pal_pm.c.obj)
                0x0000af38                CC_PalPowerSaveModeInit
 .text.CC_PalPowerSaveModeSelect
                0x0000af74       0x84 C:/Users/Diogo/ncs/v1.9.1/nrfxlib/crypto/nrf_cc310_platform/lib/cortex-m4/soft-float/no-interrupts/libnrf_cc310_platform_0.9.13.a(cc_pal_pm.c.obj)
                0x0000af74                CC_PalPowerSaveModeSelect
 .text.sys_notify_validate
                0x0000aff8       0x3e zephyr/libzephyr.a(notify.c.obj)
                0x0000aff8                sys_notify_validate
 .text.arch_printk_char_out
                0x0000b036        0x4 zephyr/libzephyr.a(printk.c.obj)
                0x0000b036                arch_printk_char_out
 .text.str_out  0x0000b03a       0x30 zephyr/libzephyr.a(printk.c.obj)
 .text.printk   0x0000b06a       0x1c zephyr/libzephyr.a(printk.c.obj)
                0x0000b06a                printk
 .text.snprintk
                0x0000b086       0x1c zephyr/libzephyr.a(printk.c.obj)
                0x0000b086                snprintk
 .text.set_state
                0x0000b0a2       0x10 zephyr/libzephyr.a(onoff.c.obj)
 .text.notify_monitors
                0x0000b0b2       0x3e zephyr/libzephyr.a(onoff.c.obj)
 .text.process_recheck
                0x0000b0f0       0x32 zephyr/libzephyr.a(onoff.c.obj)
 .text.validate_args
                0x0000b122       0x2c zephyr/libzephyr.a(onoff.c.obj)
 .text.notify_one
                0x0000b14e       0x26 zephyr/libzephyr.a(onoff.c.obj)
 .text.notify_all
                0x0000b174       0x2e zephyr/libzephyr.a(onoff.c.obj)
 .text.onoff_manager_init
                0x0000b1a2       0x38 zephyr/libzephyr.a(onoff.c.obj)
                0x0000b1a2                onoff_manager_init
 .text.z_thread_entry
                0x0000b1da       0x14 zephyr/libzephyr.a(thread_entry.c.obj)
                0x0000b1da                z_thread_entry
 .text.extract_decimal
                0x0000b1ee       0x26 zephyr/libzephyr.a(cbprintf_complete.c.obj)
 .text.encode_uint
                0x0000b214       0xd4 zephyr/libzephyr.a(cbprintf_complete.c.obj)
 .text.outs     0x0000b2e8       0x34 zephyr/libzephyr.a(cbprintf_complete.c.obj)
 .text.assert_post_action
                0x0000b31c        0xe zephyr/libzephyr.a(assert.c.obj)
                0x0000b31c                assert_post_action
 .text._ConfigAbsSyms
                0x0000b32a        0x2 zephyr/libzephyr.a(configs.c.obj)
                0x0000b32a                _ConfigAbsSyms
 .text.pm_policy_next_state
                0x0000b32c        0xa zephyr/libzephyr.a(residency.c.obj)
                0x0000b32c                pm_policy_next_state
 .text.abort_function
                0x0000b336        0x8 zephyr/libzephyr.a(nrf_cc3xx_platform_abort_zephyr.c.obj)
 .text.z_arm_fatal_error
                0x0000b33e        0x8 zephyr/arch/arch/arm/core/aarch32/libarch__arm__core__aarch32.a(fatal.c.obj)
                0x0000b33e                z_arm_fatal_error
 .text.z_do_kernel_oops
                0x0000b346        0xc zephyr/arch/arch/arm/core/aarch32/libarch__arm__core__aarch32.a(fatal.c.obj)
                0x0000b346                z_do_kernel_oops
 .text.z_irq_spurious
                0x0000b352        0xc zephyr/arch/arch/arm/core/aarch32/libarch__arm__core__aarch32.a(irq_manage.c.obj)
                0x0000b352                z_irq_spurious
 .text.z_arm_nmi
                0x0000b35e        0xc zephyr/arch/arch/arm/core/aarch32/libarch__arm__core__aarch32.a(nmi.c.obj)
                0x0000b35e                z_arm_nmi
 .text.memory_fault_recoverable
                0x0000b36a        0x4 zephyr/arch/arch/arm/core/aarch32/cortex_m/libarch__arm__core__aarch32__cortex_m.a(fault.c.obj)
 .text.debug_monitor
                0x0000b36e        0x6 zephyr/arch/arch/arm/core/aarch32/cortex_m/libarch__arm__core__aarch32__cortex_m.a(fault.c.obj)
 .text.fault_handle
                0x0000b374       0x46 zephyr/arch/arch/arm/core/aarch32/cortex_m/libarch__arm__core__aarch32__cortex_m.a(fault.c.obj)
 .text.mpu_partition_is_valid
                0x0000b3ba       0x22 zephyr/arch/arch/arm/core/aarch32/mpu/libarch__arm__core__aarch32__mpu.a(arm_mpu.c.obj)
 .text.region_allocate_and_init
                0x0000b3dc       0x16 zephyr/arch/arch/arm/core/aarch32/mpu/libarch__arm__core__aarch32__mpu.a(arm_mpu.c.obj)
 .text.mpu_configure_region
                0x0000b3f2       0x3e zephyr/arch/arch/arm/core/aarch32/mpu/libarch__arm__core__aarch32__mpu.a(arm_mpu.c.obj)
 .text.mpu_configure_regions
                0x0000b430       0x50 zephyr/arch/arch/arm/core/aarch32/mpu/libarch__arm__core__aarch32__mpu.a(arm_mpu.c.obj)
 .text.strcpy   0x0000b480       0x12 zephyr/lib/libc/minimal/liblib__libc__minimal.a(string.c.obj)
                0x0000b480                strcpy
 .text.strncpy  0x0000b492       0x34 zephyr/lib/libc/minimal/liblib__libc__minimal.a(string.c.obj)
                0x0000b492                strncpy
 .text.strlen   0x0000b4c6       0x10 zephyr/lib/libc/minimal/liblib__libc__minimal.a(string.c.obj)
                0x0000b4c6                strlen
 .text.strnlen  0x0000b4d6       0x14 zephyr/lib/libc/minimal/liblib__libc__minimal.a(string.c.obj)
                0x0000b4d6                strnlen
 .text.strcmp   0x0000b4ea       0x14 zephyr/lib/libc/minimal/liblib__libc__minimal.a(string.c.obj)
                0x0000b4ea                strcmp
 .text.memcpy   0x0000b4fe       0x48 zephyr/lib/libc/minimal/liblib__libc__minimal.a(string.c.obj)
                0x0000b4fe                memcpy
 .text.memset   0x0000b546       0x3a zephyr/lib/libc/minimal/liblib__libc__minimal.a(string.c.obj)
                0x0000b546                memset
 .text._stdout_hook_default
                0x0000b580        0x6 zephyr/lib/libc/minimal/liblib__libc__minimal.a(stdout_console.c.obj)
 .text.pm_power_state_set
                0x0000b586       0x26 zephyr/soc/arm/nordic_nrf/nrf52/libsoc__arm__nordic_nrf__nrf52.a(power.c.obj)
                0x0000b586                pm_power_state_set
 .text.pm_power_state_exit_post_ops
                0x0000b5ac       0x16 zephyr/soc/arm/nordic_nrf/nrf52/libsoc__arm__nordic_nrf__nrf52.a(power.c.obj)
                0x0000b5ac                pm_power_state_exit_post_ops
 .text.check_buffer_size
                0x0000b5c2       0x1c zephyr/drivers/adc/libdrivers__adc.a(adc_nrfx_saadc.c.obj)
 .text.adc_context_on_timer_expired
                0x0000b5de       0x2a zephyr/drivers/adc/libdrivers__adc.a(adc_nrfx_saadc.c.obj)
 .text.get_sub_data
                0x0000b608        0xe zephyr/drivers/clock_control/libdrivers__clock_control.a(clock_control_nrf.c.obj)
 .text.get_sub_config
                0x0000b616        0x8 zephyr/drivers/clock_control/libdrivers__clock_control.a(clock_control_nrf.c.obj)
 .text.get_onoff_manager
                0x0000b61e        0x8 zephyr/drivers/clock_control/libdrivers__clock_control.a(clock_control_nrf.c.obj)
 .text.set_off_state
                0x0000b626       0x32 zephyr/drivers/clock_control/libdrivers__clock_control.a(clock_control_nrf.c.obj)
 .text.set_starting_state
                0x0000b658       0x40 zephyr/drivers/clock_control/libdrivers__clock_control.a(clock_control_nrf.c.obj)
 .text.set_on_state
                0x0000b698       0x26 zephyr/drivers/clock_control/libdrivers__clock_control.a(clock_control_nrf.c.obj)
 .text.clkstarted_handle
                0x0000b6be       0x24 zephyr/drivers/clock_control/libdrivers__clock_control.a(clock_control_nrf.c.obj)
 .text.async_start
                0x0000b6e2       0x38 zephyr/drivers/clock_control/libdrivers__clock_control.a(clock_control_nrf.c.obj)
 .text.api_start
                0x0000b71a       0x10 zephyr/drivers/clock_control/libdrivers__clock_control.a(clock_control_nrf.c.obj)
 .text.onoff_started_callback
                0x0000b72a       0x10 zephyr/drivers/clock_control/libdrivers__clock_control.a(clock_control_nrf.c.obj)
 .text.hfclk_start
                0x0000b73a        0xa zephyr/drivers/clock_control/libdrivers__clock_control.a(clock_control_nrf.c.obj)
 .text.lfclk_start
                0x0000b744        0xa zephyr/drivers/clock_control/libdrivers__clock_control.a(clock_control_nrf.c.obj)
 .text.hfclk_stop
                0x0000b74e        0xa zephyr/drivers/clock_control/libdrivers__clock_control.a(clock_control_nrf.c.obj)
 .text.lfclk_stop
                0x0000b758        0xa zephyr/drivers/clock_control/libdrivers__clock_control.a(clock_control_nrf.c.obj)
 .text.api_stop
                0x0000b762        0xa zephyr/drivers/clock_control/libdrivers__clock_control.a(clock_control_nrf.c.obj)
 .text.blocking_start_callback
                0x0000b76c        0xa zephyr/drivers/clock_control/libdrivers__clock_control.a(clock_control_nrf.c.obj)
 .text.get_pull
                0x0000b776       0x18 zephyr/drivers/gpio/libdrivers__gpio.a(gpio_nrfx.c.obj)
 .text.gpio_nrfx_port_get_raw
                0x0000b78e        0xe zephyr/drivers/gpio/libdrivers__gpio.a(gpio_nrfx.c.obj)
 .text.gpio_nrfx_port_set_masked_raw
                0x0000b79c       0x16 zephyr/drivers/gpio/libdrivers__gpio.a(gpio_nrfx.c.obj)
 .text.gpio_nrfx_port_set_bits_raw
                0x0000b7b2        0xc zephyr/drivers/gpio/libdrivers__gpio.a(gpio_nrfx.c.obj)
 .text.gpio_nrfx_port_clear_bits_raw
                0x0000b7be        0xc zephyr/drivers/gpio/libdrivers__gpio.a(gpio_nrfx.c.obj)
 .text.gpio_nrfx_port_toggle_bits
                0x0000b7ca       0x12 zephyr/drivers/gpio/libdrivers__gpio.a(gpio_nrfx.c.obj)
 .text.get_trigger
                0x0000b7dc       0x2c zephyr/drivers/gpio/libdrivers__gpio.a(gpio_nrfx.c.obj)
 .text.pwm_channel_map
                0x0000b808       0x22 zephyr/drivers/pwm/libdrivers__pwm.a(pwm_nrfx.c.obj)
 .text.pwm_channel_is_active
                0x0000b82a       0x1e zephyr/drivers/pwm/libdrivers__pwm.a(pwm_nrfx.c.obj)
 .text.any_other_channel_is_active
                0x0000b848       0x2c zephyr/drivers/pwm/libdrivers__pwm.a(pwm_nrfx.c.obj)
 .text.endtx_isr
                0x0000b874       0x32 zephyr/drivers/serial/libdrivers__serial.a(uart_nrfx_uarte.c.obj)
 .text.uarte_nrfx_isr_int
                0x0000b8a6       0x56 zephyr/drivers/serial/libdrivers__serial.a(uart_nrfx_uarte.c.obj)
 .text.uarte_nrfx_configure
                0x0000b8fc       0xa6 zephyr/drivers/serial/libdrivers__serial.a(uart_nrfx_uarte.c.obj)
 .text.uarte_nrfx_config_get
                0x0000b9a2       0x10 zephyr/drivers/serial/libdrivers__serial.a(uart_nrfx_uarte.c.obj)
 .text.uarte_nrfx_err_check
                0x0000b9b2        0xe zephyr/drivers/serial/libdrivers__serial.a(uart_nrfx_uarte.c.obj)
 .text.is_tx_ready
                0x0000b9c0       0x28 zephyr/drivers/serial/libdrivers__serial.a(uart_nrfx_uarte.c.obj)
 .text.uarte_enable
                0x0000b9e8        0xc zephyr/drivers/serial/libdrivers__serial.a(uart_nrfx_uarte.c.obj)
 .text.tx_start
                0x0000b9f4       0x40 zephyr/drivers/serial/libdrivers__serial.a(uart_nrfx_uarte.c.obj)
 .text.uarte_nrfx_poll_in
                0x0000ba34       0x2a zephyr/drivers/serial/libdrivers__serial.a(uart_nrfx_uarte.c.obj)
 .text.wait_tx_ready
                0x0000ba5e       0x4e zephyr/drivers/serial/libdrivers__serial.a(uart_nrfx_uarte.c.obj)
 .text.uarte_instance_init
                0x0000baac       0x94 zephyr/drivers/serial/libdrivers__serial.a(uart_nrfx_uarte.c.obj)
 .text.uarte_0_init
                0x0000bb40       0x1e zephyr/drivers/serial/libdrivers__serial.a(uart_nrfx_uarte.c.obj)
 .text.uarte_1_init
                0x0000bb5e       0x1e zephyr/drivers/serial/libdrivers__serial.a(uart_nrfx_uarte.c.obj)
 .text.sys_clock_idle_exit
                0x0000bb7c        0x2 zephyr/drivers/timer/libdrivers__timer.a(sys_clock_init.c.obj)
                0x0000bb7c                sys_clock_idle_exit
 .text.counter_sub
                0x0000bb7e        0x8 zephyr/drivers/timer/libdrivers__timer.a(nrf_rtc_timer.c.obj)
 .text.event_clear
                0x0000bb86       0x18 zephyr/drivers/timer/libdrivers__timer.a(nrf_rtc_timer.c.obj)
 .text.absolute_time_to_cc
                0x0000bb9e        0x6 zephyr/drivers/timer/libdrivers__timer.a(nrf_rtc_timer.c.obj)
 .text.full_int_lock
                0x0000bba4       0x12 zephyr/drivers/timer/libdrivers__timer.a(nrf_rtc_timer.c.obj)
 .text.full_int_unlock
                0x0000bbb6        0xa zephyr/drivers/timer/libdrivers__timer.a(nrf_rtc_timer.c.obj)
 .text.set_absolute_alarm
                0x0000bbc0       0x76 zephyr/drivers/timer/libdrivers__timer.a(nrf_rtc_timer.c.obj)
 .text.compare_set
                0x0000bc36       0x32 zephyr/drivers/timer/libdrivers__timer.a(nrf_rtc_timer.c.obj)
 .text.k_sys_fatal_error_handler
                0x0000bc68        0x8 modules/nrf/lib/fatal_error/lib..__nrf__lib__fatal_error.a(fatal_error.c.obj)
                0x0000bc68                k_sys_fatal_error_handler
 .text.hw_cc3xx_init_internal
                0x0000bc70        0x8 modules/nrf/drivers/hw_cc310/lib..__nrf__drivers__hw_cc310.a(hw_cc310.c.obj)
 .text.hw_cc3xx_init
                0x0000bc78       0x14 modules/nrf/drivers/hw_cc310/lib..__nrf__drivers__hw_cc310.a(hw_cc310.c.obj)
 .text.nrfx_isr
                0x0000bc8c        0x6 modules/hal_nordic/nrfx/libmodules__hal_nordic__nrfx.a(nrfx_glue.c.obj)
                0x0000bc8c                nrfx_isr
 .text.nrfx_busy_wait
                0x0000bc92        0x8 modules/hal_nordic/nrfx/libmodules__hal_nordic__nrfx.a(nrfx_glue.c.obj)
                0x0000bc92                nrfx_busy_wait
 .text.pin_is_task_output
                0x0000bc9a       0x1e modules/hal_nordic/nrfx/libmodules__hal_nordic__nrfx.a(nrfx_gpiote.c.obj)
 .text.pin_is_input
                0x0000bcb8        0xe modules/hal_nordic/nrfx/libmodules__hal_nordic__nrfx.a(nrfx_gpiote.c.obj)
 .text.gpiote_polarity_to_trigger
                0x0000bcc6        0x2 modules/hal_nordic/nrfx/libmodules__hal_nordic__nrfx.a(nrfx_gpiote.c.obj)
 .text.gpiote_trigger_to_polarity
                0x0000bcc8        0x2 modules/hal_nordic/nrfx/libmodules__hal_nordic__nrfx.a(nrfx_gpiote.c.obj)
 .text.is_level
                0x0000bcca        0xa modules/hal_nordic/nrfx/libmodules__hal_nordic__nrfx.a(nrfx_gpiote.c.obj)
 .text.start_playback
                0x0000bcd4       0x56 modules/hal_nordic/nrfx/libmodules__hal_nordic__nrfx.a(nrfx_pwm.c.obj)
 .text.SEGGER_RTT_Init
                0x0000bd2a        0x8 modules/segger/libmodules__segger.a(SEGGER_RTT.c.obj)
                0x0000bd2a                SEGGER_RTT_Init
 .text.rtt_init
                0x0000bd32        0xa modules/segger/libmodules__segger.a(SEGGER_RTT_zephyr.c.obj)
 .text.z_device_ready
                0x0000bd3c       0x1a zephyr/kernel/libkernel.a(device.c.obj)
                0x0000bd3c                z_device_ready
 .text.create_free_list
                0x0000bd56       0x2e zephyr/kernel/libkernel.a(mem_slab.c.obj)
 .text.k_mem_slab_init
                0x0000bd84       0x1e zephyr/kernel/libkernel.a(mem_slab.c.obj)
                0x0000bd84                k_mem_slab_init
 .text.setup_thread_stack
                0x0000bda2       0x24 zephyr/kernel/libkernel.a(thread.c.obj)
 .text.k_is_in_isr
                0x0000bdc6        0xc zephyr/kernel/libkernel.a(thread.c.obj)
                0x0000bdc6                k_is_in_isr
 .text.z_impl_k_thread_start
                0x0000bdd2        0x8 zephyr/kernel/libkernel.a(thread.c.obj)
                0x0000bdd2                z_impl_k_thread_start
 .text.z_init_thread_base
                0x0000bdda       0x16 zephyr/kernel/libkernel.a(thread.c.obj)
                0x0000bdda                z_init_thread_base
 .text.z_pm_save_idle_exit
                0x0000bdf0        0xc zephyr/kernel/libkernel.a(idle.c.obj)
                0x0000bdf0                z_pm_save_idle_exit
 .text.new_prio_for_inheritance
                0x0000bdfc       0x16 zephyr/kernel/libkernel.a(mutex.c.obj)
 .text.adjust_owner_prio
                0x0000be12       0x16 zephyr/kernel/libkernel.a(mutex.c.obj)
 .text.z_impl_k_mutex_init
                0x0000be28        0xe zephyr/kernel/libkernel.a(mutex.c.obj)
                0x0000be28                z_impl_k_mutex_init
 .text.z_impl_k_sem_init
                0x0000be36       0x26 zephyr/kernel/libkernel.a(sem.c.obj)
                0x0000be36                z_impl_k_sem_init
 .text.thread_active_elsewhere
                0x0000be5c        0x4 zephyr/kernel/libkernel.a(sched.c.obj)
 .text.z_sched_prio_cmp
                0x0000be60       0x14 zephyr/kernel/libkernel.a(sched.c.obj)
                0x0000be60                z_sched_prio_cmp
 .text.z_reschedule_irqlock
                0x0000be74       0x2a zephyr/kernel/libkernel.a(sched.c.obj)
                0x0000be74                z_reschedule_irqlock
 .text.z_priq_dumb_best
                0x0000be9e        0xe zephyr/kernel/libkernel.a(sched.c.obj)
                0x0000be9e                z_priq_dumb_best
 .text.init_ready_q
                0x0000beac        0x8 zephyr/kernel/libkernel.a(sched.c.obj)
                0x0000beac                init_ready_q
 .text.remove_timeout
                0x0000beb4       0x2e zephyr/kernel/libkernel.a(timeout.c.obj)
 .text.sys_clock_tick_get_32
                0x0000bee2        0x8 zephyr/kernel/libkernel.a(timeout.c.obj)
                0x0000bee2                sys_clock_tick_get_32
 .text.z_impl_k_uptime_ticks
                0x0000beea        0x8 zephyr/kernel/libkernel.a(timeout.c.obj)
                0x0000beea                z_impl_k_uptime_ticks
 .text.z_impl_k_busy_wait
                0x0000bef2        0xc zephyr/kernel/libkernel.a(timeout.c.obj)
                0x0000bef2                z_impl_k_busy_wait
 .text.z_impl_k_timer_stop
                0x0000befe       0x36 zephyr/kernel/libkernel.a(timer.c.obj)
                0x0000befe                z_impl_k_timer_stop
 .text.poller_thread
                0x0000bf34        0x8 zephyr/kernel/libkernel.a(poll.c.obj)
 .text.signal_triggered_work
                0x0000bf3c       0x2a zephyr/kernel/libkernel.a(poll.c.obj)
 .text.signal_poll_event
                0x0000bf66       0x44 zephyr/kernel/libkernel.a(poll.c.obj)
 .text.z_handle_obj_poll_events
                0x0000bfaa       0x20 zephyr/kernel/libkernel.a(poll.c.obj)
                0x0000bfaa                z_handle_obj_poll_events
 .text._OffsetAbsSyms
                0x0000bfca        0x2 zephyr/CMakeFiles/offsets.dir/./arch/arm/core/offsets/offsets.c.obj
                0x0000bfca                _OffsetAbsSyms
 *(SORT_BY_ALIGNMENT(.TEXT.*))
 .TEXT.z_arm_platform_init
                0x0000bfcc        0x4 zephyr/libzephyr.a(soc_nrf_common.S.obj)
                0x0000bfcc                z_arm_platform_init
 *(SORT_BY_ALIGNMENT(.gnu.linkonce.t.*))
 *(SORT_BY_ALIGNMENT(.glue_7t))
 .glue_7t       0x0000bfd0        0x0 linker stubs
 *(SORT_BY_ALIGNMENT(.glue_7))
 .glue_7        0x0000bfd0        0x0 linker stubs
 *(SORT_BY_ALIGNMENT(.vfp11_veneer))
 .vfp11_veneer  0x0000bfd0        0x0 linker stubs
 *(SORT_BY_ALIGNMENT(.v4_bx))
 .v4_bx         0x0000bfd0        0x0 linker stubs
                0x0000bfd0                __text_region_end = .

.ARM.exidx      0x0000bfd0        0x8
                0x0000bfd0                __exidx_start = .
 *(SORT_BY_ALIGNMENT(.ARM.exidx*) SORT_BY_ALIGNMENT(gnu.linkonce.armexidx.*))
 .ARM.exidx     0x0000bfd0        0x8 c:/users/diogo/ncs/v1.9.1/toolchain/opt/bin/../lib/gcc/arm-none-eabi/9.2.1/thumb/v7e-m/nofp\libgcc.a(_udivmoddi4.o)
                0x0000bfd8                __exidx_end = .
                0x0000bfd8                __rodata_region_start = .

initlevel       0x0000bfd8       0x78
                0x0000bfd8                __init_start = .
                0x0000bfd8                __init_PRE_KERNEL_1_start = .
 *(SORT_BY_NAME(SORT_BY_ALIGNMENT(.z_init_PRE_KERNEL_1[0-9]_*)))
 .z_init_PRE_KERNEL_10_
                0x0000bfd8        0x8 zephyr/soc/arm/nordic_nrf/nrf52/libsoc__arm__nordic_nrf__nrf52.a(soc.c.obj)
 *(SORT_BY_NAME(SORT_BY_ALIGNMENT(.z_init_PRE_KERNEL_1[1-9][0-9]_*)))
 .z_init_PRE_KERNEL_130_
                0x0000bfe0        0x8 zephyr/drivers/clock_control/libdrivers__clock_control.a(clock_control_nrf.c.obj)
 .z_init_PRE_KERNEL_130_
                0x0000bfe8        0x8 modules/segger/libmodules__segger.a(SEGGER_RTT_zephyr.c.obj)
 .z_init_PRE_KERNEL_130_
                0x0000bff0        0x8 zephyr/kernel/libkernel.a(mem_slab.c.obj)
 .z_init_PRE_KERNEL_140_
                0x0000bff8       0x10 zephyr/drivers/gpio/libdrivers__gpio.a(gpio_nrfx.c.obj)
 .z_init_PRE_KERNEL_140_
                0x0000c008        0x8 modules/nrf/drivers/hw_cc310/lib..__nrf__drivers__hw_cc310.a(hw_cc310.c.obj)
 .z_init_PRE_KERNEL_155_
                0x0000c010       0x10 zephyr/drivers/serial/libdrivers__serial.a(uart_nrfx_uarte.c.obj)
 .z_init_PRE_KERNEL_160_
                0x0000c020        0x8 zephyr/drivers/console/libdrivers__console.a(uart_console.c.obj)
                0x0000c028                __init_PRE_KERNEL_2_start = .
 *(SORT_BY_NAME(SORT_BY_ALIGNMENT(.z_init_PRE_KERNEL_2[0-9]_*)))
 .z_init_PRE_KERNEL_20_
                0x0000c028        0x8 zephyr/drivers/timer/libdrivers__timer.a(nrf_rtc_timer.c.obj)
 *(SORT_BY_NAME(SORT_BY_ALIGNMENT(.z_init_PRE_KERNEL_2[1-9][0-9]_*)))
                0x0000c030                __init_POST_KERNEL_start = .
 *(SORT_BY_NAME(SORT_BY_ALIGNMENT(.z_init_POST_KERNEL[0-9]_*)))
 *(SORT_BY_NAME(SORT_BY_ALIGNMENT(.z_init_POST_KERNEL[1-9][0-9]_*)))
 .z_init_POST_KERNEL40_
                0x0000c030        0x8 modules/nrf/drivers/hw_cc310/lib..__nrf__drivers__hw_cc310.a(hw_cc310.c.obj)
 .z_init_POST_KERNEL40_
                0x0000c038        0x8 zephyr/kernel/libkernel.a(system_work_q.c.obj)
 .z_init_POST_KERNEL50_
                0x0000c040        0x8 zephyr/drivers/adc/libdrivers__adc.a(adc_nrfx_saadc.c.obj)
 .z_init_POST_KERNEL50_
                0x0000c048        0x8 zephyr/drivers/pwm/libdrivers__pwm.a(pwm_nrfx.c.obj)
                0x0000c050                __init_APPLICATION_start = .
 *(SORT_BY_NAME(SORT_BY_ALIGNMENT(.z_init_APPLICATION[0-9]_*)))
 *(SORT_BY_NAME(SORT_BY_ALIGNMENT(.z_init_APPLICATION[1-9][0-9]_*)))
                0x0000c050                __init_SMP_start = .
 *(SORT_BY_NAME(SORT_BY_ALIGNMENT(.z_init_SMP[0-9]_*)))
 *(SORT_BY_NAME(SORT_BY_ALIGNMENT(.z_init_SMP[1-9][0-9]_*)))
                0x0000c050                __init_end = .

devices         0x0000c050       0xa8
                0x0000c050                __device_start = .
                0x0000c050                __device_PRE_KERNEL_1_start = .
 *(SORT_BY_NAME(SORT_BY_ALIGNMENT(.z_device_PRE_KERNEL_1[0-9]_*)))
 *(SORT_BY_NAME(SORT_BY_ALIGNMENT(.z_device_PRE_KERNEL_1[1-9][0-9]_*)))
 .z_device_PRE_KERNEL_130_
                0x0000c050       0x18 zephyr/drivers/clock_control/libdrivers__clock_control.a(clock_control_nrf.c.obj)
                0x0000c050                __device_dts_ord_27
 .z_device_PRE_KERNEL_140_
                0x0000c068       0x30 zephyr/drivers/gpio/libdrivers__gpio.a(gpio_nrfx.c.obj)
                0x0000c068                __device_dts_ord_54
                0x0000c080                __device_dts_ord_11
 .z_device_PRE_KERNEL_155_
                0x0000c098       0x30 zephyr/drivers/serial/libdrivers__serial.a(uart_nrfx_uarte.c.obj)
                0x0000c098                __device_dts_ord_63
                0x0000c0b0                __device_dts_ord_62
                0x0000c0c8                __device_PRE_KERNEL_2_start = .
 *(SORT_BY_NAME(SORT_BY_ALIGNMENT(.z_device_PRE_KERNEL_2[0-9]_*)))
 *(SORT_BY_NAME(SORT_BY_ALIGNMENT(.z_device_PRE_KERNEL_2[1-9][0-9]_*)))
                0x0000c0c8                __device_POST_KERNEL_start = .
 *(SORT_BY_NAME(SORT_BY_ALIGNMENT(.z_device_POST_KERNEL[0-9]_*)))
 *(SORT_BY_NAME(SORT_BY_ALIGNMENT(.z_device_POST_KERNEL[1-9][0-9]_*)))
 .z_device_POST_KERNEL50_
                0x0000c0c8       0x18 zephyr/drivers/adc/libdrivers__adc.a(adc_nrfx_saadc.c.obj)
                0x0000c0c8                __device_dts_ord_26
 .z_device_POST_KERNEL50_
                0x0000c0e0       0x18 zephyr/drivers/pwm/libdrivers__pwm.a(pwm_nrfx.c.obj)
                0x0000c0e0                __device_dts_ord_24
                0x0000c0f8                __device_APPLICATION_start = .
 *(SORT_BY_NAME(SORT_BY_ALIGNMENT(.z_device_APPLICATION[0-9]_*)))
 *(SORT_BY_NAME(SORT_BY_ALIGNMENT(.z_device_APPLICATION[1-9][0-9]_*)))
                0x0000c0f8                __device_SMP_start = .
 *(SORT_BY_NAME(SORT_BY_ALIGNMENT(.z_device_SMP[0-9]_*)))
 *(SORT_BY_NAME(SORT_BY_ALIGNMENT(.z_device_SMP[1-9][0-9]_*)))
                0x0000c0f8                __device_end = .

sw_isr_table    0x0000c0f8      0x180
                0x0000c0f8                . = ALIGN (0x0)
 *(SORT_BY_ALIGNMENT(.gnu.linkonce.sw_isr_table*))
 .gnu.linkonce.sw_isr_table
                0x0000c0f8      0x180 zephyr/arch/common/libisr_tables.a(isr_tables.c.obj)
                0x0000c0f8                _sw_isr_table

initlevel_error
                0x0000bfd8        0x0
 *(SORT_BY_NAME(SORT_BY_ALIGNMENT(.z_init_[_A-Z0-9]*)))
                0x00000001                ASSERT ((SIZEOF (initlevel_error) == 0x0), Undefined initialization levels used.)

app_shmem_regions
                0x0000c278        0x0
                0x0000c278                __app_shmem_regions_start = .
 *(SORT_BY_NAME(SORT_BY_ALIGNMENT(.app_regions.*)))
                0x0000c278                __app_shmem_regions_end = .

bt_l2cap_fixed_chan_area
                0x0000c278        0x0
                0x0000c278                _bt_l2cap_fixed_chan_list_start = .
 *(SORT_BY_NAME(SORT_BY_ALIGNMENT(._bt_l2cap_fixed_chan.static.*)))
                0x0000c278                _bt_l2cap_fixed_chan_list_end = .

bt_gatt_service_static_area
                0x0000c278        0x0
                0x0000c278                _bt_gatt_service_static_list_start = .
 *(SORT_BY_NAME(SORT_BY_ALIGNMENT(._bt_gatt_service_static.static.*)))
                0x0000c278                _bt_gatt_service_static_list_end = .

k_p4wq_initparam_area
                0x0000c278        0x0
                0x0000c278                _k_p4wq_initparam_list_start = .
 *(SORT_BY_NAME(SORT_BY_ALIGNMENT(._k_p4wq_initparam.static.*)))
                0x0000c278                _k_p4wq_initparam_list_end = .

log_strings_sections
                0x0000c278        0x0
                0x0000c278                __log_strings_start = .
 *(SORT_BY_NAME(SORT_BY_ALIGNMENT(.log_strings*)))
                0x0000c278                __log_strings_end = .

log_const_sections
                0x0000c278        0x0
                0x0000c278                __log_const_start = .
 *(SORT_BY_NAME(SORT_BY_ALIGNMENT(.log_const_*)))
                0x0000c278                __log_const_end = .

log_backends_sections
                0x0000c278        0x0
                0x0000c278                __log_backends_start = .
 *(SORT_BY_ALIGNMENT(._log_backend.*))
                0x0000c278                __log_backends_end = .

shell_area      0x0000c278        0x0
                0x0000c278                _shell_list_start = .
 *(SORT_BY_NAME(SORT_BY_ALIGNMENT(._shell.static.*)))
                0x0000c278                _shell_list_end = .

shell_root_cmds_sections
                0x0000c278        0x0
                0x0000c278                __shell_root_cmds_start = .
 *(SORT_BY_NAME(SORT_BY_ALIGNMENT(.shell_root_cmd_*)))
                0x0000c278                __shell_root_cmds_end = .

font_entry_sections
                0x0000c278        0x0
                0x0000c278                __font_entry_start = .
 *(SORT_BY_NAME(SORT_BY_ALIGNMENT(._cfb_font.*)))
                0x0000c278                __font_entry_end = .

tracing_backend_area
                0x0000c278        0x0
                0x0000c278                _tracing_backend_list_start = .
 *(SORT_BY_NAME(SORT_BY_ALIGNMENT(._tracing_backend.static.*)))
                0x0000c278                _tracing_backend_list_end = .

zephyr_dbg_info
                0x0000c278       0x3c
 *(SORT_BY_ALIGNMENT(.dbg_thread_info))
 .dbg_thread_info
                0x0000c278       0x3c zephyr/libzephyr.a(thread_info.c.obj)
                0x0000c278                _kernel_openocd_size_t_size
                0x0000c278                _kernel_thread_info_size_t_size
                0x0000c27c                _kernel_openocd_num_offsets
                0x0000c27c                _kernel_thread_info_num_offsets
                0x0000c280                _kernel_openocd_offsets
                0x0000c280                _kernel_thread_info_offsets

device_handles  0x0000c2b4       0x2a
                0x0000c2b4                __device_handles_start = .
 *(SORT_BY_NAME(SORT_BY_ALIGNMENT(.__device_handles_pass2*)))
 .__device_handles_pass2
                0x0000c2b4       0x2a zephyr/CMakeFiles/zephyr_pre1.dir/dev_handles.c.obj
                0x0000c2b4                __devicehdl_DT_N_S_soc_S_pwm_4001c000
                0x0000c2ba                __devicehdl_DT_N_S_soc_S_adc_40007000
                0x0000c2c0                __devicehdl_DT_N_S_soc_S_uart_40002000
                0x0000c2c6                __devicehdl_DT_N_S_soc_S_uart_40028000
                0x0000c2cc                __devicehdl_DT_N_S_soc_S_gpio_50000000
                0x0000c2d2                __devicehdl_DT_N_S_soc_S_gpio_50000300
                0x0000c2d8                __devicehdl_DT_N_S_soc_S_clock_40000000
                0x0000c2de                __device_handles_end = .

rodata          0x0000c2e0     0x1580
 *(SORT_BY_ALIGNMENT(.rodata))
 .rodata        0x0000c2e0        0x8 modules/hal_nordic/nrfx/libmodules__hal_nordic__nrfx.a(nrfx_gpiote.c.obj)
 *(SORT_BY_ALIGNMENT(.rodata.*))
 *fill*         0x0000c2e8        0x8 
 .rodata.delay_machine_code.12419
                0x0000c2f0        0x6 zephyr/soc/arm/nordic_nrf/nrf52/libsoc__arm__nordic_nrf__nrf52.a(soc.c.obj)
 *fill*         0x0000c2f6        0x2 
 .rodata.adc_sample.str1.4
                0x0000c2f8       0x50 app/libapp.a(main.c.obj)
 .rodata.thread_A_code.str1.4
                0x0000c348       0x22 app/libapp.a(main.c.obj)
 *fill*         0x0000c36a        0x2 
 .rodata.thread_B_code.str1.4
                0x0000c36c        0xa app/libapp.a(main.c.obj)
 *fill*         0x0000c376        0x2 
 .rodata.thread_C_code.str1.4
                0x0000c378       0x6a app/libapp.a(main.c.obj)
 *fill*         0x0000c3e2        0x2 
 .rodata.main.str1.4
                0x0000c3e4       0x5b app/libapp.a(main.c.obj)
 *fill*         0x0000c43f        0x1 
 .rodata.my_channel_cfg
                0x0000c440        0x8 app/libapp.a(main.c.obj)
 .rodata.sys_notify_finalize.str1.4
                0x0000c448       0x41 zephyr/libzephyr.a(notify.c.obj)
                                 0x45 (size before relaxing)
 *fill*         0x0000c489        0x3 
 .rodata.process_complete.str1.4
                0x0000c48c       0x4b zephyr/libzephyr.a(onoff.c.obj)
                                 0x6e (size before relaxing)
 *fill*         0x0000c4d7        0x1 
 .rodata.process_event.str1.4
                0x0000c4d8      0x134 zephyr/libzephyr.a(onoff.c.obj)
 .rodata.cbvprintf.str1.4
                0x0000c60c        0x6 zephyr/libzephyr.a(cbprintf_complete.c.obj)
 *fill*         0x0000c612        0x2 
 .rodata.sys_reboot.str1.4
                0x0000c614       0x29 zephyr/libzephyr.a(reboot.c.obj)
 .rodata.pm_system_resume.str1.4
                0x0000c63d       0xa5 zephyr/libzephyr.a(pm.c.obj)
 *fill*         0x0000c63d        0x3 
 .rodata.apis   0x0000c640        0x8 zephyr/libzephyr.a(nrf_cc3xx_platform_abort_zephyr.c.obj)
 .rodata.mutex_free_platform.str1.4
                0x0000c648       0x26 zephyr/libzephyr.a(nrf_cc3xx_platform_mutex_zephyr.c.obj)
 *fill*         0x0000c66e        0x2 
 .rodata.mutex_init_platform.str1.4
                0x0000c670       0x2d zephyr/libzephyr.a(nrf_cc3xx_platform_mutex_zephyr.c.obj)
 *fill*         0x0000c69d        0x3 
 .rodata.mutex_apis
                0x0000c6a0       0x10 zephyr/libzephyr.a(nrf_cc3xx_platform_mutex_zephyr.c.obj)
 .rodata.mutexes
                0x0000c6b0       0x14 zephyr/libzephyr.a(nrf_cc3xx_platform_mutex_zephyr.c.obj)
 .rodata.z_arm_irq_priority_set.str1.4
                0x0000c6c4       0x94 zephyr/arch/arch/arm/core/aarch32/libarch__arm__core__aarch32.a(irq_manage.c.obj)
                                 0xb4 (size before relaxing)
 .rodata.mem_manage_fault.str1.4
                0x0000c758       0xab zephyr/arch/arch/arm/core/aarch32/cortex_m/libarch__arm__core__aarch32__cortex_m.a(fault.c.obj)
                                 0xcb (size before relaxing)
 *fill*         0x0000c803        0x1 
 .rodata.hard_fault.str1.4
                0x0000c804       0x54 zephyr/arch/arch/arm/core/aarch32/cortex_m/libarch__arm__core__aarch32__cortex_m.a(fault.c.obj)
                                 0x58 (size before relaxing)
 .rodata.z_arm_fault.str1.4
                0x0000c858       0x52 zephyr/arch/arch/arm/core/aarch32/cortex_m/libarch__arm__core__aarch32__cortex_m.a(fault.c.obj)
 *fill*         0x0000c8aa        0x2 
 .rodata.static_regions
                0x0000c8ac        0xc zephyr/arch/arch/arm/core/aarch32/mpu/libarch__arm__core__aarch32__mpu.a(arm_core_mpu.c.obj)
 .rodata.arm_core_mpu_configure_static_mpu_regions.str1.4
                0x0000c8b8       0x64 zephyr/arch/arch/arm/core/aarch32/mpu/libarch__arm__core__aarch32__mpu.a(arm_mpu.c.obj)
                                 0x88 (size before relaxing)
 .rodata.arm_core_mpu_configure_dynamic_mpu_regions.str1.4
                0x0000c91c       0x2d zephyr/arch/arch/arm/core/aarch32/mpu/libarch__arm__core__aarch32__mpu.a(arm_mpu.c.obj)
 *fill*         0x0000c949        0x3 
 .rodata.z_arm_mpu_init.str1.4
                0x0000c94c       0xa5 zephyr/arch/arch/arm/core/aarch32/mpu/libarch__arm__core__aarch32__mpu.a(arm_mpu.c.obj)
 *fill*         0x0000c9f1        0x3 
 .rodata.str1.4
                0x0000c9f4        0xf zephyr/soc/arm/common/cortex_m/libsoc__arm__common__cortex_m.a(arm_mpu_regions.c.obj)
 *fill*         0x0000ca03        0x1 
 .rodata.mpu_config
                0x0000ca04        0x8 zephyr/soc/arm/common/cortex_m/libsoc__arm__common__cortex_m.a(arm_mpu_regions.c.obj)
                0x0000ca04                mpu_config
 .rodata.mpu_regions
                0x0000ca0c       0x18 zephyr/soc/arm/common/cortex_m/libsoc__arm__common__cortex_m.a(arm_mpu_regions.c.obj)
 .rodata.str1.4
                0x0000ca24        0x6 zephyr/drivers/adc/libdrivers__adc.a(adc_nrfx_saadc.c.obj)
 .rodata.adc_nrfx_driver_api
                0x0000ca24       0x10 zephyr/drivers/adc/libdrivers__adc.a(adc_nrfx_saadc.c.obj)
 .rodata.get_status.str1.4
                0x0000ca34       0x64 zephyr/drivers/clock_control/libdrivers__clock_control.a(clock_control_nrf.c.obj)
                                 0x81 (size before relaxing)
 .rodata.clock_event_handler.str1.4
                0x0000ca98        0x2 zephyr/drivers/clock_control/libdrivers__clock_control.a(clock_control_nrf.c.obj)
 .rodata.z_nrf_clock_control_lf_on.str1.4
                0x0000ca98        0x9 zephyr/drivers/clock_control/libdrivers__clock_control.a(clock_control_nrf.c.obj)
 *fill*         0x0000caa1        0x3 
 .rodata.str1.4
                0x0000caa4        0x6 zephyr/drivers/clock_control/libdrivers__clock_control.a(clock_control_nrf.c.obj)
 *fill*         0x0000caaa        0x2 
 .rodata.clock_control_api
                0x0000caac       0x18 zephyr/drivers/clock_control/libdrivers__clock_control.a(clock_control_nrf.c.obj)
 .rodata.config
                0x0000cac4       0x10 zephyr/drivers/clock_control/libdrivers__clock_control.a(clock_control_nrf.c.obj)
 .rodata.transitions.11177
                0x0000cad4        0xc zephyr/drivers/clock_control/libdrivers__clock_control.a(clock_control_nrf.c.obj)
 .rodata.gpio_nrfx_manage_callback.str1.4
                0x0000cae0       0x77 zephyr/drivers/gpio/libdrivers__gpio.a(gpio_nrfx.c.obj)
                                 0x97 (size before relaxing)
 *fill*         0x0000cb57        0x1 
 .rodata.nrfx_gpio_handler.str1.4
                0x0000cb58        0xc zephyr/drivers/gpio/libdrivers__gpio.a(gpio_nrfx.c.obj)
 .rodata.gpio_nrfx_pin_interrupt_configure.str1.4
                0x0000cb64       0x57 zephyr/drivers/gpio/libdrivers__gpio.a(gpio_nrfx.c.obj)
                                 0x5a (size before relaxing)
 *fill*         0x0000cbbb        0x1 
 .rodata.str1.4
                0x0000cbbc        0xf zephyr/drivers/gpio/libdrivers__gpio.a(gpio_nrfx.c.obj)
 *fill*         0x0000cbcb        0x1 
 .rodata.gpio_nrfx_drv_api_funcs
                0x0000cbcc       0x24 zephyr/drivers/gpio/libdrivers__gpio.a(gpio_nrfx.c.obj)
 .rodata.gpio_nrfx_p0_cfg
                0x0000cbf0       0x10 zephyr/drivers/gpio/libdrivers__gpio.a(gpio_nrfx.c.obj)
 .rodata.gpio_nrfx_p1_cfg
                0x0000cc00       0x10 zephyr/drivers/gpio/libdrivers__gpio.a(gpio_nrfx.c.obj)
 .rodata.pwm_period_check_and_set.str1.4
                0x0000cc10       0x55 zephyr/drivers/pwm/libdrivers__pwm.a(pwm_nrfx.c.obj)
                                 0x75 (size before relaxing)
 .rodata.pwm_nrfx_pin_set.str1.4
                0x0000cc65       0x5a zephyr/drivers/pwm/libdrivers__pwm.a(pwm_nrfx.c.obj)
 .rodata.str1.4
                0x0000cc65        0x6 zephyr/drivers/pwm/libdrivers__pwm.a(pwm_nrfx.c.obj)
 *fill*         0x0000cc65        0x3 
 .rodata.pwm_nrfx_0config
                0x0000cc68       0x28 zephyr/drivers/pwm/libdrivers__pwm.a(pwm_nrfx.c.obj)
 .rodata.pwm_nrfx_drv_api_funcs
                0x0000cc90        0x8 zephyr/drivers/pwm/libdrivers__pwm.a(pwm_nrfx.c.obj)
 .rodata.uarte_nrfx_pins_configure.str1.4
                0x0000cc98       0x7a zephyr/drivers/serial/libdrivers__serial.a(uart_nrfx_uarte.c.obj)
 .rodata.str1.4
                0x0000cc98        0xf zephyr/drivers/serial/libdrivers__serial.a(uart_nrfx_uarte.c.obj)
 *fill*         0x0000cca7        0x1 
 .rodata.uart_nrfx_uarte_driver_api
                0x0000cca8       0x14 zephyr/drivers/serial/libdrivers__serial.a(uart_nrfx_uarte.c.obj)
 .rodata.uarte_0z_config
                0x0000ccbc       0x20 zephyr/drivers/serial/libdrivers__serial.a(uart_nrfx_uarte.c.obj)
 .rodata.uarte_1z_config
                0x0000ccdc       0x20 zephyr/drivers/serial/libdrivers__serial.a(uart_nrfx_uarte.c.obj)
 .rodata.nrfx_clock_init.str1.4
                0x0000ccfc       0x4e modules/hal_nordic/nrfx/libmodules__hal_nordic__nrfx.a(nrfx_clock.c.obj)
                                 0x6d (size before relaxing)
 *fill*         0x0000cd4a        0x2 
 .rodata.nrfx_clock_enable.str1.4
                0x0000cd4c       0x1e modules/hal_nordic/nrfx/libmodules__hal_nordic__nrfx.a(nrfx_clock.c.obj)
 .rodata.nrfx_clock_start.str1.4
                0x0000cd6a        0x2 modules/hal_nordic/nrfx/libmodules__hal_nordic__nrfx.a(nrfx_clock.c.obj)
 *fill*         0x0000cd6a        0x2 
 .rodata.nrfx_clock_stop.str1.4
                0x0000cd6c       0x34 modules/hal_nordic/nrfx/libmodules__hal_nordic__nrfx.a(nrfx_clock.c.obj)
 .rodata.release_handler.str1.4
                0x0000cda0       0x54 modules/hal_nordic/nrfx/libmodules__hal_nordic__nrfx.a(nrfx_gpiote.c.obj)
                                 0x71 (size before relaxing)
 .rodata.next_sense_cond_call_handler.str1.4
                0x0000cdf4       0x5a modules/hal_nordic/nrfx/libmodules__hal_nordic__nrfx.a(nrfx_gpiote.c.obj)
 .rodata.nrfx_gpiote_channel_get.str1.4
                0x0000cdf4        0xa modules/hal_nordic/nrfx/libmodules__hal_nordic__nrfx.a(nrfx_gpiote.c.obj)
 *fill*         0x0000cdfe        0x2 
 .rodata.nrfx_gpiote_out_task_get.str1.4
                0x0000ce00       0x42 modules/hal_nordic/nrfx/libmodules__hal_nordic__nrfx.a(nrfx_gpiote.c.obj)
 *fill*         0x0000ce42        0x2 
 .rodata.nrfx_gpiote_trigger_enable.str1.4
                0x0000ce44       0x23 modules/hal_nordic/nrfx/libmodules__hal_nordic__nrfx.a(nrfx_gpiote.c.obj)
 *fill*         0x0000ce67        0x1 
 .rodata.deconfigure_pins.str1.4
                0x0000ce68        0xc modules/hal_nordic/nrfx/libmodules__hal_nordic__nrfx.a(nrfx_pwm.c.obj)
                                 0xba (size before relaxing)
 .rodata.nrfx_pwm_init.str1.4
                0x0000ce74       0x45 modules/hal_nordic/nrfx/libmodules__hal_nordic__nrfx.a(nrfx_pwm.c.obj)
                                 0x69 (size before relaxing)
 *fill*         0x0000ceb9        0x3 
 .rodata.nrfx_pwm_uninit.str1.4
                0x0000cebc       0x2c modules/hal_nordic/nrfx/libmodules__hal_nordic__nrfx.a(nrfx_pwm.c.obj)
 .rodata.nrfx_pwm_simple_playback.str1.4
                0x0000cee8       0xe3 modules/hal_nordic/nrfx/libmodules__hal_nordic__nrfx.a(nrfx_pwm.c.obj)
 *fill*         0x0000cfcb        0x1 
 .rodata.nrfx_pwm_stop.str1.4